###############################################################################
#
# IAR ELF Linker V9.40.2.374/W64 for ARM                  29/Oct/2023  17:46:42
# Copyright 2007-2023 IAR Systems AB.
#
#    Output file  =
#        C:\Users\Irdatlanka\Desktop\Irdatlanka-STM32U5_CoreMW_CDC_koncz_board\Projects\NUCLEO-U575ZI-Q\Applications\USB_Device\CDC_Standalone\EWARM\NUCLEO-U575ZI-Q\Exe\Project.out
#    Map file     =
#        C:\Users\Irdatlanka\Desktop\Irdatlanka-STM32U5_CoreMW_CDC_koncz_board\Projects\NUCLEO-U575ZI-Q\Applications\USB_Device\CDC_Standalone\EWARM\NUCLEO-U575ZI-Q\List\Project.map
#    Command line =
#        -f
#        C:\Users\Irdatlanka\Desktop\Irdatlanka-STM32U5_CoreMW_CDC_koncz_board\Projects\NUCLEO-U575ZI-Q\Applications\USB_Device\CDC_Standalone\EWARM\NUCLEO-U575ZI-Q\Exe\Project.out.rsp
#        (C:\Users\Irdatlanka\Desktop\Irdatlanka-STM32U5_CoreMW_CDC_koncz_board\Projects\NUCLEO-U575ZI-Q\Applications\USB_Device\CDC_Standalone\EWARM\NUCLEO-U575ZI-Q\Obj\Core_13247989168731456611.dir\main.o
#        C:\Users\Irdatlanka\Desktop\Irdatlanka-STM32U5_CoreMW_CDC_koncz_board\Projects\NUCLEO-U575ZI-Q\Applications\USB_Device\CDC_Standalone\EWARM\NUCLEO-U575ZI-Q\Obj\Components_1361118596739929299.dir\mfxstm32l152.o
#        C:\Users\Irdatlanka\Desktop\Irdatlanka-STM32U5_CoreMW_CDC_koncz_board\Projects\NUCLEO-U575ZI-Q\Applications\USB_Device\CDC_Standalone\EWARM\NUCLEO-U575ZI-Q\Obj\Components_1361118596739929299.dir\mfxstm32l152_reg.o
#        C:\Users\Irdatlanka\Desktop\Irdatlanka-STM32U5_CoreMW_CDC_koncz_board\Projects\NUCLEO-U575ZI-Q\Applications\USB_Device\CDC_Standalone\EWARM\NUCLEO-U575ZI-Q\Obj\Seahorse_v1_13032176894571403394.dir\seahorse.o
#        C:\Users\Irdatlanka\Desktop\Irdatlanka-STM32U5_CoreMW_CDC_koncz_board\Projects\NUCLEO-U575ZI-Q\Applications\USB_Device\CDC_Standalone\EWARM\NUCLEO-U575ZI-Q\Obj\Seahorse_v1_13032176894571403394.dir\seahorse_usbpd_pwr.o
#        C:\Users\Irdatlanka\Desktop\Irdatlanka-STM32U5_CoreMW_CDC_koncz_board\Projects\NUCLEO-U575ZI-Q\Applications\USB_Device\CDC_Standalone\EWARM\NUCLEO-U575ZI-Q\Obj\EWARM_18443280873093131863.dir\startup_stm32u575xx.o
#        C:\Users\Irdatlanka\Desktop\Irdatlanka-STM32U5_CoreMW_CDC_koncz_board\Projects\NUCLEO-U575ZI-Q\Applications\USB_Device\CDC_Standalone\EWARM\NUCLEO-U575ZI-Q\Obj\STM32U5xx_HAL_Driver_18077472236357910042.dir\stm32u5xx_hal.o
#        C:\Users\Irdatlanka\Desktop\Irdatlanka-STM32U5_CoreMW_CDC_koncz_board\Projects\NUCLEO-U575ZI-Q\Applications\USB_Device\CDC_Standalone\EWARM\NUCLEO-U575ZI-Q\Obj\STM32U5xx_HAL_Driver_18077472236357910042.dir\stm32u5xx_hal_adc.o
#        C:\Users\Irdatlanka\Desktop\Irdatlanka-STM32U5_CoreMW_CDC_koncz_board\Projects\NUCLEO-U575ZI-Q\Applications\USB_Device\CDC_Standalone\EWARM\NUCLEO-U575ZI-Q\Obj\STM32U5xx_HAL_Driver_18077472236357910042.dir\stm32u5xx_hal_adc_ex.o
#        C:\Users\Irdatlanka\Desktop\Irdatlanka-STM32U5_CoreMW_CDC_koncz_board\Projects\NUCLEO-U575ZI-Q\Applications\USB_Device\CDC_Standalone\EWARM\NUCLEO-U575ZI-Q\Obj\STM32U5xx_HAL_Driver_18077472236357910042.dir\stm32u5xx_hal_cortex.o
#        C:\Users\Irdatlanka\Desktop\Irdatlanka-STM32U5_CoreMW_CDC_koncz_board\Projects\NUCLEO-U575ZI-Q\Applications\USB_Device\CDC_Standalone\EWARM\NUCLEO-U575ZI-Q\Obj\STM32U5xx_HAL_Driver_18077472236357910042.dir\stm32u5xx_hal_dcache.o
#        C:\Users\Irdatlanka\Desktop\Irdatlanka-STM32U5_CoreMW_CDC_koncz_board\Projects\NUCLEO-U575ZI-Q\Applications\USB_Device\CDC_Standalone\EWARM\NUCLEO-U575ZI-Q\Obj\STM32U5xx_HAL_Driver_18077472236357910042.dir\stm32u5xx_hal_dma.o
#        C:\Users\Irdatlanka\Desktop\Irdatlanka-STM32U5_CoreMW_CDC_koncz_board\Projects\NUCLEO-U575ZI-Q\Applications\USB_Device\CDC_Standalone\EWARM\NUCLEO-U575ZI-Q\Obj\STM32U5xx_HAL_Driver_18077472236357910042.dir\stm32u5xx_hal_dma_ex.o
#        C:\Users\Irdatlanka\Desktop\Irdatlanka-STM32U5_CoreMW_CDC_koncz_board\Projects\NUCLEO-U575ZI-Q\Applications\USB_Device\CDC_Standalone\EWARM\NUCLEO-U575ZI-Q\Obj\STM32U5xx_HAL_Driver_18077472236357910042.dir\stm32u5xx_hal_exti.o
#        C:\Users\Irdatlanka\Desktop\Irdatlanka-STM32U5_CoreMW_CDC_koncz_board\Projects\NUCLEO-U575ZI-Q\Applications\USB_Device\CDC_Standalone\EWARM\NUCLEO-U575ZI-Q\Obj\STM32U5xx_HAL_Driver_18077472236357910042.dir\stm32u5xx_hal_gpio.o
#        C:\Users\Irdatlanka\Desktop\Irdatlanka-STM32U5_CoreMW_CDC_koncz_board\Projects\NUCLEO-U575ZI-Q\Applications\USB_Device\CDC_Standalone\EWARM\NUCLEO-U575ZI-Q\Obj\STM32U5xx_HAL_Driver_18077472236357910042.dir\stm32u5xx_hal_i2c.o
#        C:\Users\Irdatlanka\Desktop\Irdatlanka-STM32U5_CoreMW_CDC_koncz_board\Projects\NUCLEO-U575ZI-Q\Applications\USB_Device\CDC_Standalone\EWARM\NUCLEO-U575ZI-Q\Obj\STM32U5xx_HAL_Driver_18077472236357910042.dir\stm32u5xx_hal_i2c_ex.o
#        C:\Users\Irdatlanka\Desktop\Irdatlanka-STM32U5_CoreMW_CDC_koncz_board\Projects\NUCLEO-U575ZI-Q\Applications\USB_Device\CDC_Standalone\EWARM\NUCLEO-U575ZI-Q\Obj\STM32U5xx_HAL_Driver_18077472236357910042.dir\stm32u5xx_hal_icache.o
#        C:\Users\Irdatlanka\Desktop\Irdatlanka-STM32U5_CoreMW_CDC_koncz_board\Projects\NUCLEO-U575ZI-Q\Applications\USB_Device\CDC_Standalone\EWARM\NUCLEO-U575ZI-Q\Obj\Core_13247989168731456611.dir\stm32u5xx_hal_msp.o
#        C:\Users\Irdatlanka\Desktop\Irdatlanka-STM32U5_CoreMW_CDC_koncz_board\Projects\NUCLEO-U575ZI-Q\Applications\USB_Device\CDC_Standalone\EWARM\NUCLEO-U575ZI-Q\Obj\STM32U5xx_HAL_Driver_18077472236357910042.dir\stm32u5xx_hal_pcd.o
#        C:\Users\Irdatlanka\Desktop\Irdatlanka-STM32U5_CoreMW_CDC_koncz_board\Projects\NUCLEO-U575ZI-Q\Applications\USB_Device\CDC_Standalone\EWARM\NUCLEO-U575ZI-Q\Obj\STM32U5xx_HAL_Driver_18077472236357910042.dir\stm32u5xx_hal_pcd_ex.o
#        C:\Users\Irdatlanka\Desktop\Irdatlanka-STM32U5_CoreMW_CDC_koncz_board\Projects\NUCLEO-U575ZI-Q\Applications\USB_Device\CDC_Standalone\EWARM\NUCLEO-U575ZI-Q\Obj\STM32U5xx_HAL_Driver_18077472236357910042.dir\stm32u5xx_hal_pwr.o
#        C:\Users\Irdatlanka\Desktop\Irdatlanka-STM32U5_CoreMW_CDC_koncz_board\Projects\NUCLEO-U575ZI-Q\Applications\USB_Device\CDC_Standalone\EWARM\NUCLEO-U575ZI-Q\Obj\STM32U5xx_HAL_Driver_18077472236357910042.dir\stm32u5xx_hal_pwr_ex.o
#        C:\Users\Irdatlanka\Desktop\Irdatlanka-STM32U5_CoreMW_CDC_koncz_board\Projects\NUCLEO-U575ZI-Q\Applications\USB_Device\CDC_Standalone\EWARM\NUCLEO-U575ZI-Q\Obj\STM32U5xx_HAL_Driver_18077472236357910042.dir\stm32u5xx_hal_rcc.o
#        C:\Users\Irdatlanka\Desktop\Irdatlanka-STM32U5_CoreMW_CDC_koncz_board\Projects\NUCLEO-U575ZI-Q\Applications\USB_Device\CDC_Standalone\EWARM\NUCLEO-U575ZI-Q\Obj\STM32U5xx_HAL_Driver_18077472236357910042.dir\stm32u5xx_hal_rcc_ex.o
#        C:\Users\Irdatlanka\Desktop\Irdatlanka-STM32U5_CoreMW_CDC_koncz_board\Projects\NUCLEO-U575ZI-Q\Applications\USB_Device\CDC_Standalone\EWARM\NUCLEO-U575ZI-Q\Obj\STM32U5xx_HAL_Driver_18077472236357910042.dir\stm32u5xx_hal_spi.o
#        C:\Users\Irdatlanka\Desktop\Irdatlanka-STM32U5_CoreMW_CDC_koncz_board\Projects\NUCLEO-U575ZI-Q\Applications\USB_Device\CDC_Standalone\EWARM\NUCLEO-U575ZI-Q\Obj\STM32U5xx_HAL_Driver_18077472236357910042.dir\stm32u5xx_hal_spi_ex.o
#        C:\Users\Irdatlanka\Desktop\Irdatlanka-STM32U5_CoreMW_CDC_koncz_board\Projects\NUCLEO-U575ZI-Q\Applications\USB_Device\CDC_Standalone\EWARM\NUCLEO-U575ZI-Q\Obj\STM32U5xx_HAL_Driver_18077472236357910042.dir\stm32u5xx_hal_tim.o
#        C:\Users\Irdatlanka\Desktop\Irdatlanka-STM32U5_CoreMW_CDC_koncz_board\Projects\NUCLEO-U575ZI-Q\Applications\USB_Device\CDC_Standalone\EWARM\NUCLEO-U575ZI-Q\Obj\STM32U5xx_HAL_Driver_18077472236357910042.dir\stm32u5xx_hal_tim_ex.o
#        C:\Users\Irdatlanka\Desktop\Irdatlanka-STM32U5_CoreMW_CDC_koncz_board\Projects\NUCLEO-U575ZI-Q\Applications\USB_Device\CDC_Standalone\EWARM\NUCLEO-U575ZI-Q\Obj\STM32U5xx_HAL_Driver_18077472236357910042.dir\stm32u5xx_hal_uart.o
#        C:\Users\Irdatlanka\Desktop\Irdatlanka-STM32U5_CoreMW_CDC_koncz_board\Projects\NUCLEO-U575ZI-Q\Applications\USB_Device\CDC_Standalone\EWARM\NUCLEO-U575ZI-Q\Obj\STM32U5xx_HAL_Driver_18077472236357910042.dir\stm32u5xx_hal_uart_ex.o
#        C:\Users\Irdatlanka\Desktop\Irdatlanka-STM32U5_CoreMW_CDC_koncz_board\Projects\NUCLEO-U575ZI-Q\Applications\USB_Device\CDC_Standalone\EWARM\NUCLEO-U575ZI-Q\Obj\STM32U5xx_HAL_Driver_18077472236357910042.dir\stm32u5xx_hal_usart.o
#        C:\Users\Irdatlanka\Desktop\Irdatlanka-STM32U5_CoreMW_CDC_koncz_board\Projects\NUCLEO-U575ZI-Q\Applications\USB_Device\CDC_Standalone\EWARM\NUCLEO-U575ZI-Q\Obj\STM32U5xx_HAL_Driver_18077472236357910042.dir\stm32u5xx_hal_usart_ex.o
#        C:\Users\Irdatlanka\Desktop\Irdatlanka-STM32U5_CoreMW_CDC_koncz_board\Projects\NUCLEO-U575ZI-Q\Applications\USB_Device\CDC_Standalone\EWARM\NUCLEO-U575ZI-Q\Obj\Core_13247989168731456611.dir\stm32u5xx_it.o
#        C:\Users\Irdatlanka\Desktop\Irdatlanka-STM32U5_CoreMW_CDC_koncz_board\Projects\NUCLEO-U575ZI-Q\Applications\USB_Device\CDC_Standalone\EWARM\NUCLEO-U575ZI-Q\Obj\STM32U5xx_HAL_Driver_18077472236357910042.dir\stm32u5xx_ll_gpio.o
#        C:\Users\Irdatlanka\Desktop\Irdatlanka-STM32U5_CoreMW_CDC_koncz_board\Projects\NUCLEO-U575ZI-Q\Applications\USB_Device\CDC_Standalone\EWARM\NUCLEO-U575ZI-Q\Obj\STM32U5xx_HAL_Driver_18077472236357910042.dir\stm32u5xx_ll_ucpd.o
#        C:\Users\Irdatlanka\Desktop\Irdatlanka-STM32U5_CoreMW_CDC_koncz_board\Projects\NUCLEO-U575ZI-Q\Applications\USB_Device\CDC_Standalone\EWARM\NUCLEO-U575ZI-Q\Obj\STM32U5xx_HAL_Driver_18077472236357910042.dir\stm32u5xx_ll_usb.o
#        C:\Users\Irdatlanka\Desktop\Irdatlanka-STM32U5_CoreMW_CDC_koncz_board\Projects\NUCLEO-U575ZI-Q\Applications\USB_Device\CDC_Standalone\EWARM\NUCLEO-U575ZI-Q\Obj\CMSIS_6603591812247902717.dir\system_stm32u5xx.o
#        C:\Users\Irdatlanka\Desktop\Irdatlanka-STM32U5_CoreMW_CDC_koncz_board\Projects\NUCLEO-U575ZI-Q\Applications\USB_Device\CDC_Standalone\EWARM\NUCLEO-U575ZI-Q\Obj\App_6612947199827748718.dir\usb_device.o
#        C:\Users\Irdatlanka\Desktop\Irdatlanka-STM32U5_CoreMW_CDC_koncz_board\Projects\NUCLEO-U575ZI-Q\Applications\USB_Device\CDC_Standalone\EWARM\NUCLEO-U575ZI-Q\Obj\CDC_16681379477064853705.dir\usbd_cdc.o
#        C:\Users\Irdatlanka\Desktop\Irdatlanka-STM32U5_CoreMW_CDC_koncz_board\Projects\NUCLEO-U575ZI-Q\Applications\USB_Device\CDC_Standalone\EWARM\NUCLEO-U575ZI-Q\Obj\App_6612947199827748718.dir\usbd_cdc_if.o
#        C:\Users\Irdatlanka\Desktop\Irdatlanka-STM32U5_CoreMW_CDC_koncz_board\Projects\NUCLEO-U575ZI-Q\Applications\USB_Device\CDC_Standalone\EWARM\NUCLEO-U575ZI-Q\Obj\Target_14167004246567845465.dir\usbd_conf.o
#        C:\Users\Irdatlanka\Desktop\Irdatlanka-STM32U5_CoreMW_CDC_koncz_board\Projects\NUCLEO-U575ZI-Q\Applications\USB_Device\CDC_Standalone\EWARM\NUCLEO-U575ZI-Q\Obj\Core_9232119672538125435.dir\usbd_core.o
#        C:\Users\Irdatlanka\Desktop\Irdatlanka-STM32U5_CoreMW_CDC_koncz_board\Projects\NUCLEO-U575ZI-Q\Applications\USB_Device\CDC_Standalone\EWARM\NUCLEO-U575ZI-Q\Obj\Core_9232119672538125435.dir\usbd_ctlreq.o
#        C:\Users\Irdatlanka\Desktop\Irdatlanka-STM32U5_CoreMW_CDC_koncz_board\Projects\NUCLEO-U575ZI-Q\Applications\USB_Device\CDC_Standalone\EWARM\NUCLEO-U575ZI-Q\Obj\App_6612947199827748718.dir\usbd_desc.o
#        C:\Users\Irdatlanka\Desktop\Irdatlanka-STM32U5_CoreMW_CDC_koncz_board\Projects\NUCLEO-U575ZI-Q\Applications\USB_Device\CDC_Standalone\EWARM\NUCLEO-U575ZI-Q\Obj\Core_9232119672538125435.dir\usbd_ioreq.o
#        C:\Users\Irdatlanka\Desktop\Irdatlanka-STM32U5_CoreMW_CDC_koncz_board\Projects\NUCLEO-U575ZI-Q\Applications\USB_Device\CDC_Standalone\EWARM\NUCLEO-U575ZI-Q\Obj\USB-PD_16088497327023206971.dir\usbpd.o
#        C:\Users\Irdatlanka\Desktop\Irdatlanka-STM32U5_CoreMW_CDC_koncz_board\Projects\NUCLEO-U575ZI-Q\Applications\USB_Device\CDC_Standalone\EWARM\NUCLEO-U575ZI-Q\Obj\STM32_USBPD_Library_10637878860516305910.dir\usbpd_cad_hw_if.o
#        C:\Users\Irdatlanka\Desktop\Irdatlanka-STM32U5_CoreMW_CDC_koncz_board\Projects\NUCLEO-U575ZI-Q\Applications\USB_Device\CDC_Standalone\EWARM\NUCLEO-U575ZI-Q\Obj\USB-PD_16088497327023206971.dir\usbpd_dpm_core.o
#        C:\Users\Irdatlanka\Desktop\Irdatlanka-STM32U5_CoreMW_CDC_koncz_board\Projects\NUCLEO-U575ZI-Q\Applications\USB_Device\CDC_Standalone\EWARM\NUCLEO-U575ZI-Q\Obj\USB-PD_16088497327023206971.dir\usbpd_dpm_user.o
#        C:\Users\Irdatlanka\Desktop\Irdatlanka-STM32U5_CoreMW_CDC_koncz_board\Projects\NUCLEO-U575ZI-Q\Applications\USB_Device\CDC_Standalone\EWARM\NUCLEO-U575ZI-Q\Obj\STM32_USBPD_Library_10637878860516305910.dir\usbpd_hw.o
#        C:\Users\Irdatlanka\Desktop\Irdatlanka-STM32U5_CoreMW_CDC_koncz_board\Projects\NUCLEO-U575ZI-Q\Applications\USB_Device\CDC_Standalone\EWARM\NUCLEO-U575ZI-Q\Obj\STM32_USBPD_Library_10637878860516305910.dir\usbpd_hw_if_it.o
#        C:\Users\Irdatlanka\Desktop\Irdatlanka-STM32U5_CoreMW_CDC_koncz_board\Projects\NUCLEO-U575ZI-Q\Applications\USB_Device\CDC_Standalone\EWARM\NUCLEO-U575ZI-Q\Obj\STM32_USBPD_Library_10637878860516305910.dir\usbpd_phy_hw_if.o
#        C:\Users\Irdatlanka\Desktop\Irdatlanka-STM32U5_CoreMW_CDC_koncz_board\Projects\NUCLEO-U575ZI-Q\Applications\USB_Device\CDC_Standalone\EWARM\NUCLEO-U575ZI-Q\Obj\STM32_USBPD_Library_10637878860516305910.dir\usbpd_pwr_hw_if.o
#        C:\Users\Irdatlanka\Desktop\Irdatlanka-STM32U5_CoreMW_CDC_koncz_board\Projects\NUCLEO-U575ZI-Q\Applications\USB_Device\CDC_Standalone\EWARM\NUCLEO-U575ZI-Q\Obj\USB-PD_16088497327023206971.dir\usbpd_pwr_if.o
#        C:\Users\Irdatlanka\Desktop\Irdatlanka-STM32U5_CoreMW_CDC_koncz_board\Projects\NUCLEO-U575ZI-Q\Applications\USB_Device\CDC_Standalone\EWARM\NUCLEO-U575ZI-Q\Obj\STM32_USBPD_Library_10637878860516305910.dir\usbpd_trace.o
#        C:\Users\Irdatlanka\Desktop\Irdatlanka-STM32U5_CoreMW_CDC_koncz_board\Projects\NUCLEO-U575ZI-Q\Applications\USB_Device\CDC_Standalone\EWARM\NUCLEO-U575ZI-Q\Obj\USB-PD_16088497327023206971.dir\usbpd_usb_if.o
#        C:\Users\Irdatlanka\Desktop\Irdatlanka-STM32U5_CoreMW_CDC_koncz_board\Middlewares\ST\STM32_USBPD_Library\Core\lib\USBPDCORE_NOPD_CM0PLUS_wc32.a
#        --printf_multibytes --scanf_multibytes --no_out_extension -o
#        C:\Users\Irdatlanka\Desktop\Irdatlanka-STM32U5_CoreMW_CDC_koncz_board\Projects\NUCLEO-U575ZI-Q\Applications\USB_Device\CDC_Standalone\EWARM\NUCLEO-U575ZI-Q\Exe\Project.out
#        --map
#        C:\Users\Irdatlanka\Desktop\Irdatlanka-STM32U5_CoreMW_CDC_koncz_board\Projects\NUCLEO-U575ZI-Q\Applications\USB_Device\CDC_Standalone\EWARM\NUCLEO-U575ZI-Q\List\Project.map
#        --config
#        C:\Users\Irdatlanka\Desktop\Irdatlanka-STM32U5_CoreMW_CDC_koncz_board\Projects\NUCLEO-U575ZI-Q\Applications\USB_Device\CDC_Standalone\EWARM\stm32u575xx_flash.icf
#        --semihosting --entry __iar_program_start --vfe --text_out locale
#        --cpu=Cortex-M33.no_dsp.no_se --fpu=VFPv5_sp) --dependencies=n
#        C:\Users\Irdatlanka\Desktop\Irdatlanka-STM32U5_CoreMW_CDC_koncz_board\Projects\NUCLEO-U575ZI-Q\Applications\USB_Device\CDC_Standalone\EWARM\NUCLEO-U575ZI-Q\Exe\Project.out.iar_deps
#
###############################################################################

*******************************************************************************
*** RUNTIME MODEL ATTRIBUTES
***

CppFlavor       = *
__CPP_Runtime   = 1
__Heap_Handler  = NoFree
__SystemLibrary = DLib
__dlib_version  = 6


*******************************************************************************
*** HEAP SELECTION
***

The no free heap was selected because no calls to memory
deallocation functions were found in the application.


*******************************************************************************
*** PLACEMENT SUMMARY
***

"A0":  place at address 0x800'0000 { ro section .intvec };
"P1":  place in [from 0x800'0000 to 0x81f'ffff] { ro };
define block CSTACK with size = 1K, alignment = 8 { };
define block HEAP with size = 512, alignment = 8 { };
"P2":  place in [from 0x2000'0000 to 0x200b'ffff] {
          rw, block CSTACK, block HEAP };
initialize by copy { rw };

  Section            Kind         Address    Size  Object
  -------            ----         -------    ----  ------
"A0":                                       0x238
  .intvec            ro code   0x800'0000   0x238  startup_stm32u575xx.o [7]
                             - 0x800'0238   0x238

"P1":                                      0x8723
  .text              ro code   0x800'0238   0xf98  stm32u5xx_hal_rcc_ex.o [8]
  .text              ro code   0x800'11d0     0xc  stm32u5xx_hal.o [8]
  .text              ro code   0x800'11dc   0xc52  stm32u5xx_hal_rcc.o [8]
  .text              ro code   0x800'1e2e    0x7e  lz77_init_single.o [16]
  .text              ro code   0x800'1eac    0x44  stm32u5xx_hal.o [8]
  .text              ro code   0x800'1ef0    0xc4  stm32u5xx_hal_pwr_ex.o [8]
  .text              ro code   0x800'1fb4    0xe8  stm32u5xx_hal_cortex.o [8]
  .text              ro code   0x800'209c   0xe98  stm32u5xx_hal_uart.o [8]
  .text              ro code   0x800'2f34   0x164  stm32u5xx_hal_msp.o [5]
  .text              ro code   0x800'3098    0xec  stm32u5xx_hal_dma_ex.o [8]
  .text              ro code   0x800'3184   0x5e0  stm32u5xx_hal_dma.o [8]
  .text              ro code   0x800'3764   0x1e6  usbd_cdc_if.o [1]
  .text              ro code   0x800'394a     0x2  stm32u5xx_hal_uart.o [8]
  .text              ro code   0x800'394c     0x2  stm32u5xx_hal_uart_ex.o [8]
  .text              ro code   0x800'394e     0x2  stm32u5xx_hal_uart_ex.o [8]
  .text              ro code   0x800'3950   0x106  I64DivMod_small.o [16]
  .text              ro code   0x800'3a56     0x2  stm32u5xx_hal_uart.o [8]
  .text              ro code   0x800'3a58   0x364  stm32u5xx_hal_gpio.o [8]
  .text              ro code   0x800'3dbc   0x474  stm32u5xx_hal_tim.o [8]
  .text              ro code   0x800'4230   0x308  usbd_cdc.o [2]
  .text              ro code   0x800'4538     0x2  I64DivZer.o [16]
  .text              ro code   0x800'453a     0x2  stm32u5xx_hal_tim.o [8]
  .text              ro code   0x800'453c     0x2  stm32u5xx_hal_tim.o [8]
  .text              ro code   0x800'453e     0x2  stm32u5xx_hal_tim.o [8]
  .text              ro code   0x800'4540     0x2  stm32u5xx_hal_tim_ex.o [8]
  .text              ro code   0x800'4542     0x2  stm32u5xx_hal_tim_ex.o [8]
  .text              ro code   0x800'4544     0x2  stm32u5xx_hal_tim.o [8]
  .text              ro code   0x800'4546     0x2  stm32u5xx_hal_tim_ex.o [8]
  .text              ro code   0x800'4548     0x2  stm32u5xx_hal_tim_ex.o [8]
  .text              ro code   0x800'454a     0x2  stm32u5xx_hal_tim_ex.o [8]
  .text              ro code   0x800'454c     0x2  stm32u5xx_hal_tim_ex.o [8]
  .text              ro code   0x800'454e     0x2  stm32u5xx_hal_tim_ex.o [8]
  .text              ro code   0x800'4550     0x2  stm32u5xx_hal_tim.o [8]
  .text              ro code   0x800'4552     0x2  stm32u5xx_hal_adc.o [8]
  .text              ro code   0x800'4554   0x23c  usbd_conf.o [11]
  .text              ro code   0x800'4790    0x64  usbd_ioreq.o [6]
  .text              ro code   0x800'47f4   0x48c  usbd_ctlreq.o [6]
  .text              ro code   0x800'4c80     0x6  ABImemclr4.o [16]
  .text              ro code   0x800'4c86   0x2e4  usbd_core.o [6]
  .text              ro code   0x800'4f6a     0x2  stm32u5xx_hal_adc.o [8]
  .text              ro code   0x800'4f6c   0x2ec  main.o [5]
  .text              ro code   0x800'5258   0x8be  stm32u5xx_hal_pcd.o [8]
  .text              ro code   0x800'5b16     0x2  stm32u5xx_hal_adc.o [8]
  .text              ro code   0x800'5b18    0x70  stm32u5xx_hal_pcd_ex.o [8]
  .text              ro code   0x800'5b88    0x32  ABImemset48.o [16]
  .text              ro code   0x800'5bba     0x2  stm32u5xx_hal_adc.o [8]
  .text              ro code   0x800'5bbc    0x58  stm32u5xx_hal.o [8]
  .text              ro code   0x800'5c14    0x38  stm32u5xx_hal_icache.o [8]
  .text              ro code   0x800'5c4c   0x1e8  stm32u5xx_hal_spi.o [8]
  .text              ro code   0x800'5e34    0x46  stm32u5xx_hal_spi_ex.o [8]
  .text              ro code   0x800'5e7a     0x2  stm32u5xx_hal_adc.o [8]
  .text              ro code   0x800'5e7c    0xf8  stm32u5xx_hal_uart_ex.o [8]
  .text              ro code   0x800'5f74    0xc8  usbpd_phy_hw_if.o [9]
  .text              ro code   0x800'603c    0xe0  usb_device.o [1]
  .text              ro code   0x800'611c    0x14  usbpd.o [12]
  .text              ro code   0x800'6130    0xd4  usbpd_dpm_core.o [12]
  .text              ro code   0x800'6204   0x8a8  stm32u5xx_ll_usb.o [8]
  .text              ro code   0x800'6aac    0x18  ABImemcpy_small.o [16]
  .text              ro code   0x800'6ac4     0x2  stm32u5xx_hal_pcd_ex.o [8]
  .text              ro code   0x800'6ac6     0x2  stm32u5xx_hal.o [8]
  .text              ro code   0x800'6ac8     0x2  stm32u5xx_hal_spi.o [8]
  .text              ro code   0x800'6aca     0x2  stm32u5xx_hal_adc_ex.o [8]
  .text              ro code   0x800'6acc    0x1c  usbpd_pe_lib.o [13]
  .text              ro code   0x800'6ae8   0x13c  usbpd_cad.o [13]
  .text              ro code   0x800'6c24    0x2c  usbpd_dpm_user.o [12]
  .text              ro code   0x800'6c50    0x50  no_free_heap0.o [14]
  .text              ro code   0x800'6ca0     0x6  ABImemclr.o [16]
  .text              ro code   0x800'6ca6     0x2  stm32u5xx_hal_adc_ex.o [8]
  .text              ro code   0x800'6ca8   0x3a4  usbpd_cad_hw_if.o [9]
  .text              ro code   0x800'704c    0x70  usbpd_usb_if.o [12]
  .text              ro code   0x800'70bc    0x2c  xgetmemchunk.o [14]
  .text              ro code   0x800'70e8    0x66  ABImemset.o [16]
  .text              ro code   0x800'714e     0x2  stm32u5xx_hal_adc_ex.o [8]
  .text              ro code   0x800'7150     0x8  usbpd_hw.o [9]
  .text              ro code   0x800'7158    0x64  stm32u5xx_ll_ucpd.o [8]
  .text              ro code   0x800'71bc   0x218  seahorse_usbpd_pwr.o [10]
  .text              ro code   0x800'73d4    0x30  usbpd_pwr_if.o [12]
  .text              ro code   0x800'7404     0x2  usbpd_trace.o [9]
  .text              ro code   0x800'7406     0x2  stm32u5xx_hal_adc_ex.o [8]
  .text              ro code   0x800'7408   0xc64  stm32u5xx_hal_adc.o [8]
  .text              ro code   0x800'806c    0x14  memset.o [16]
  .text              ro code   0x800'8080    0xc4  stm32u5xx_hal_adc_ex.o [8]
  .text              ro code   0x800'8144     0xe  usbpd_pwr_hw_if.o [9]
  .text              ro code   0x800'8152     0x2  stm32u5xx_hal_adc_ex.o [8]
  .text              ro code   0x800'8154   0x176  usbpd_hw_if_it.o [9]
  .text              ro code   0x800'82cc   0x108  usbd_desc.o [1]
  .rodata            const     0x800'83d4    0x80  stm32u5xx_hal_gpio.o [8]
  .text              ro code   0x800'8454    0x5c  system_stm32u5xx.o [3]
  .rodata            const     0x800'84b0    0x40  system_stm32u5xx.o [3]
  .text              ro code   0x800'84f0    0x40  stm32u5xx_it.o [5]
  .text              ro code   0x800'8530    0x10  stm32u5xx_hal.o [8]
  .text              ro code   0x800'8540    0x38  zero_init3.o [16]
  .text              ro code   0x800'8578    0x28  data_init.o [16]
  .text              ro code   0x800'85a0    0x22  fpinit_M.o [15]
  .iar.init_table    const     0x800'85c4    0x20  - Linker created -
  .text              ro code   0x800'85e4    0x1e  cmain.o [16]
  .text              ro code   0x800'8602     0x4  low_level_init.o [14]
  .text              ro code   0x800'8606     0x4  exit.o [14]
  .text              ro code   0x800'860c     0xa  cexit.o [16]
  .text              ro code   0x800'8618    0x14  exit.o [17]
  .text              ro code   0x800'862c    0x1c  cstartup_M.o [16]
  .text              ro code   0x800'8648    0x10  startup_stm32u575xx.o [7]
  .rodata            const     0x800'8658     0x8  system_stm32u5xx.o [3]
  .text              ro code   0x800'8660     0x4  startup_stm32u575xx.o [7]
  .text              ro code   0x800'8664     0x4  startup_stm32u575xx.o [7]
  .text              ro code   0x800'8668     0x4  startup_stm32u575xx.o [7]
  .text              ro code   0x800'866c     0x4  startup_stm32u575xx.o [7]
  .text              ro code   0x800'8670     0x4  startup_stm32u575xx.o [7]
  .text              ro code   0x800'8674     0x4  startup_stm32u575xx.o [7]
  .text              ro code   0x800'8678     0x4  startup_stm32u575xx.o [7]
  .text              ro code   0x800'867c     0x4  startup_stm32u575xx.o [7]
  .text              ro code   0x800'8680     0x4  startup_stm32u575xx.o [7]
  .text              ro code   0x800'8684     0x4  startup_stm32u575xx.o [7]
  .text              ro code   0x800'8688     0x4  startup_stm32u575xx.o [7]
  .text              ro code   0x800'868c     0x4  startup_stm32u575xx.o [7]
  .text              ro code   0x800'8690     0x4  startup_stm32u575xx.o [7]
  .text              ro code   0x800'8694     0x4  startup_stm32u575xx.o [7]
  .text              ro code   0x800'8698     0x4  startup_stm32u575xx.o [7]
  .text              ro code   0x800'869c     0x4  startup_stm32u575xx.o [7]
  .text              ro code   0x800'86a0     0x4  startup_stm32u575xx.o [7]
  .text              ro code   0x800'86a4     0x4  startup_stm32u575xx.o [7]
  .text              ro code   0x800'86a8     0x4  startup_stm32u575xx.o [7]
  .text              ro code   0x800'86ac     0x4  startup_stm32u575xx.o [7]
  .text              ro code   0x800'86b0     0x4  startup_stm32u575xx.o [7]
  .text              ro code   0x800'86b4     0x4  startup_stm32u575xx.o [7]
  .text              ro code   0x800'86b8     0x4  startup_stm32u575xx.o [7]
  .text              ro code   0x800'86bc     0x4  startup_stm32u575xx.o [7]
  .text              ro code   0x800'86c0     0x4  startup_stm32u575xx.o [7]
  .text              ro code   0x800'86c4     0x4  startup_stm32u575xx.o [7]
  .text              ro code   0x800'86c8     0x4  startup_stm32u575xx.o [7]
  .text              ro code   0x800'86cc     0x4  startup_stm32u575xx.o [7]
  .text              ro code   0x800'86d0     0x4  startup_stm32u575xx.o [7]
  .text              ro code   0x800'86d4     0x4  startup_stm32u575xx.o [7]
  .text              ro code   0x800'86d8     0x4  startup_stm32u575xx.o [7]
  .text              ro code   0x800'86dc     0x4  startup_stm32u575xx.o [7]
  .text              ro code   0x800'86e0     0x4  startup_stm32u575xx.o [7]
  .text              ro code   0x800'86e4     0x4  startup_stm32u575xx.o [7]
  .text              ro code   0x800'86e8     0x4  startup_stm32u575xx.o [7]
  .text              ro code   0x800'86ec     0x4  startup_stm32u575xx.o [7]
  .text              ro code   0x800'86f0     0x4  startup_stm32u575xx.o [7]
  .text              ro code   0x800'86f4     0x4  startup_stm32u575xx.o [7]
  .text              ro code   0x800'86f8     0x4  startup_stm32u575xx.o [7]
  .text              ro code   0x800'86fc     0x4  startup_stm32u575xx.o [7]
  .text              ro code   0x800'8700     0x4  startup_stm32u575xx.o [7]
  .text              ro code   0x800'8704     0x4  startup_stm32u575xx.o [7]
  .text              ro code   0x800'8708     0x4  startup_stm32u575xx.o [7]
  .text              ro code   0x800'870c     0x4  startup_stm32u575xx.o [7]
  .text              ro code   0x800'8710     0x4  startup_stm32u575xx.o [7]
  .text              ro code   0x800'8714     0x4  startup_stm32u575xx.o [7]
  .text              ro code   0x800'8718     0x4  startup_stm32u575xx.o [7]
  .text              ro code   0x800'871c     0x4  startup_stm32u575xx.o [7]
  .text              ro code   0x800'8720     0x4  startup_stm32u575xx.o [7]
  .text              ro code   0x800'8724     0x4  startup_stm32u575xx.o [7]
  .text              ro code   0x800'8728     0x4  startup_stm32u575xx.o [7]
  .text              ro code   0x800'872c     0x4  startup_stm32u575xx.o [7]
  .text              ro code   0x800'8730     0x4  startup_stm32u575xx.o [7]
  .text              ro code   0x800'8734     0x4  startup_stm32u575xx.o [7]
  .text              ro code   0x800'8738     0x4  startup_stm32u575xx.o [7]
  .text              ro code   0x800'873c     0x4  startup_stm32u575xx.o [7]
  .text              ro code   0x800'8740     0x4  startup_stm32u575xx.o [7]
  .text              ro code   0x800'8744     0x4  startup_stm32u575xx.o [7]
  .text              ro code   0x800'8748     0x4  startup_stm32u575xx.o [7]
  .text              ro code   0x800'874c     0x4  startup_stm32u575xx.o [7]
  .text              ro code   0x800'8750     0x4  startup_stm32u575xx.o [7]
  .text              ro code   0x800'8754     0x4  startup_stm32u575xx.o [7]
  .text              ro code   0x800'8758     0x4  startup_stm32u575xx.o [7]
  .text              ro code   0x800'875c     0x4  startup_stm32u575xx.o [7]
  .text              ro code   0x800'8760     0x4  startup_stm32u575xx.o [7]
  .text              ro code   0x800'8764     0x4  startup_stm32u575xx.o [7]
  .text              ro code   0x800'8768     0x4  startup_stm32u575xx.o [7]
  .text              ro code   0x800'876c     0x4  startup_stm32u575xx.o [7]
  .text              ro code   0x800'8770     0x4  startup_stm32u575xx.o [7]
  .text              ro code   0x800'8774     0x4  startup_stm32u575xx.o [7]
  .text              ro code   0x800'8778     0x4  startup_stm32u575xx.o [7]
  .text              ro code   0x800'877c     0x4  startup_stm32u575xx.o [7]
  .text              ro code   0x800'8780     0x4  startup_stm32u575xx.o [7]
  .text              ro code   0x800'8784     0x4  startup_stm32u575xx.o [7]
  .text              ro code   0x800'8788     0x4  startup_stm32u575xx.o [7]
  .text              ro code   0x800'878c     0x4  startup_stm32u575xx.o [7]
  .text              ro code   0x800'8790     0x4  startup_stm32u575xx.o [7]
  .text              ro code   0x800'8794     0x4  startup_stm32u575xx.o [7]
  .text              ro code   0x800'8798     0x4  startup_stm32u575xx.o [7]
  .text              ro code   0x800'879c     0x4  startup_stm32u575xx.o [7]
  .text              ro code   0x800'87a0     0x4  startup_stm32u575xx.o [7]
  .text              ro code   0x800'87a4     0x4  startup_stm32u575xx.o [7]
  .text              ro code   0x800'87a8     0x4  startup_stm32u575xx.o [7]
  .text              ro code   0x800'87ac     0x4  startup_stm32u575xx.o [7]
  .text              ro code   0x800'87b0     0x4  startup_stm32u575xx.o [7]
  .text              ro code   0x800'87b4     0x4  startup_stm32u575xx.o [7]
  .text              ro code   0x800'87b8     0x4  startup_stm32u575xx.o [7]
  .text              ro code   0x800'87bc     0x4  startup_stm32u575xx.o [7]
  .text              ro code   0x800'87c0     0x4  startup_stm32u575xx.o [7]
  .text              ro code   0x800'87c4     0x4  startup_stm32u575xx.o [7]
  .text              ro code   0x800'87c8     0x4  startup_stm32u575xx.o [7]
  .text              ro code   0x800'87cc     0x4  startup_stm32u575xx.o [7]
  .text              ro code   0x800'87d0     0x4  startup_stm32u575xx.o [7]
  .text              ro code   0x800'87d4     0x4  startup_stm32u575xx.o [7]
  .text              ro code   0x800'87d8     0x4  startup_stm32u575xx.o [7]
  .text              ro code   0x800'87dc     0x4  startup_stm32u575xx.o [7]
  .text              ro code   0x800'87e0     0x4  startup_stm32u575xx.o [7]
  .text              ro code   0x800'87e4     0x4  startup_stm32u575xx.o [7]
  .text              ro code   0x800'87e8     0x4  startup_stm32u575xx.o [7]
  .text              ro code   0x800'87ec     0x4  startup_stm32u575xx.o [7]
  .text              ro code   0x800'87f0     0x4  startup_stm32u575xx.o [7]
  .text              ro code   0x800'87f4     0x4  startup_stm32u575xx.o [7]
  .text              ro code   0x800'87f8     0x4  startup_stm32u575xx.o [7]
  .text              ro code   0x800'87fc     0x4  startup_stm32u575xx.o [7]
  .text              ro code   0x800'8800     0x4  startup_stm32u575xx.o [7]
  .text              ro code   0x800'8804     0x4  startup_stm32u575xx.o [7]
  .text              ro code   0x800'8808     0x4  startup_stm32u575xx.o [7]
  .text              ro code   0x800'880c     0x4  startup_stm32u575xx.o [7]
  .text              ro code   0x800'8810     0x4  startup_stm32u575xx.o [7]
  .text              ro code   0x800'8814     0x4  startup_stm32u575xx.o [7]
  .text              ro code   0x800'8818     0x4  startup_stm32u575xx.o [7]
  .text              ro code   0x800'881c     0x4  startup_stm32u575xx.o [7]
  .text              ro code   0x800'8820     0x4  startup_stm32u575xx.o [7]
  .text              ro code   0x800'8824     0x4  startup_stm32u575xx.o [7]
  .text              ro code   0x800'8828     0x4  startup_stm32u575xx.o [7]
  .text              ro code   0x800'882c     0x4  startup_stm32u575xx.o [7]
  .text              ro code   0x800'8830     0x4  startup_stm32u575xx.o [7]
  .text              ro code   0x800'8834     0x4  startup_stm32u575xx.o [7]
  .text              ro code   0x800'8838     0x4  startup_stm32u575xx.o [7]
  .text              ro code   0x800'883c     0x4  startup_stm32u575xx.o [7]
  .text              ro code   0x800'8840     0x4  startup_stm32u575xx.o [7]
  .text              ro code   0x800'8844     0x4  startup_stm32u575xx.o [7]
  .rodata            const     0x800'8848     0x0  zero_init3.o [16]
  .rodata            const     0x800'8848     0x0  lz77_init_single.o [16]
  Initializer bytes  const     0x800'8848   0x113  <for P2-1>
                             - 0x800'895b  0x8723

"P2", part 1 of 3:                         0x11e4
  P2-1                        0x2000'0000  0x11e4  <Init block>
    .data            inited   0x2000'0000     0xc  stm32u5xx_hal.o [8]
    .data            inited   0x2000'000c     0x4  system_stm32u5xx.o [3]
    .data            inited   0x2000'0010     0xc  usbd_cdc.o [2]
    .data            inited   0x2000'001c    0x38  usbd_cdc.o [2]
    .data            inited   0x2000'0054    0x44  usbd_cdc.o [2]
    .data            inited   0x2000'0098    0x44  usbd_cdc.o [2]
    .data            inited   0x2000'00dc    0x44  usbd_cdc.o [2]
    .data            inited   0x2000'0120  0x1060  usbd_cdc_if.o [1]
    .data            inited   0x2000'1180    0x14  usbd_cdc_if.o [1]
    .data            inited   0x2000'1194    0x1c  usbd_desc.o [1]
    .data            inited   0x2000'11b0    0x14  usbd_desc.o [1]
    .data            inited   0x2000'11c4     0x4  usbd_desc.o [1]
    .data            inited   0x2000'11c8    0x1c  usbd_desc.o [1]
                            - 0x2000'11e4  0x11e4

"P2", part 2 of 3:                          0xe44
  .bss               zero     0x2000'11e4   0x408  usbd_conf.o [11]
  .bss               zero     0x2000'15ec   0x2d0  usb_device.o [1]
  .bss               zero     0x2000'18bc   0x220  usbd_conf.o [11]
  .bss               zero     0x2000'1adc   0x200  usbd_desc.o [1]
  .bss               zero     0x2000'1cdc   0x120  main.o [5]
  .bss               zero     0x2000'1dfc    0xb8  seahorse_usbpd_pwr.o [10]
  .bss               zero     0x2000'1eb4    0x90  usbd_cdc_if.o [1]
  .bss               zero     0x2000'1f44    0x78  stm32u5xx_hal_msp.o [5]
  .bss               zero     0x2000'1fbc    0x38  usbpd_phy_hw_if.o [9]
  .bss               zero     0x2000'1ff4    0x10  usbpd_dpm_core.o [12]
  .bss               zero     0x2000'2004     0xc  usbpd_cad_hw_if.o [9]
  .bss               zero     0x2000'2010     0x8  usbpd_cad.o [13]
  .bss               zero     0x2000'2018     0x4  usbpd_dpm_core.o [12]
  .bss               zero     0x2000'201c     0x4  no_free_heap0.o [14]
  .bss               zero     0x2000'2020     0x4  xgetmemchunk.o [14]
  .bss               zero     0x2000'2024     0x1  usbd_ctlreq.o [6]
  .bss               zero     0x2000'2025     0x1  usbpd_hw_if_it.o [9]
                            - 0x2000'2026   0xe42

"P2", part 3 of 3:                          0x600
  CSTACK                      0x2000'2028   0x400  <Block>
    CSTACK           uninit   0x2000'2028   0x400  <Block tail>
  HEAP                        0x2000'2428   0x200  <Block>
    HEAP             uninit   0x2000'2428   0x200  <Block tail>
                            - 0x2000'2628   0x600

Unused ranges:

         From           To       Size
         ----           --       ----
   0x800'895b   0x81f'ffff  0x1f'76a5
  0x2000'2628  0x200b'ffff   0xb'd9d8


*******************************************************************************
*** INIT TABLE
***

          Address      Size
          -------      ----
Zero (__iar_zero_init3)
    1 destination range, total size 0xe42:
          0x2000'11e4   0xe42

Copy/lz77 (__iar_lz77_init_single3)
    1 source range, total size 0x113 (6% of destination):
           0x800'8848   0x113
    1 destination range, total size 0x11e4:
          0x2000'0000  0x11e4



*******************************************************************************
*** MODULE SUMMARY
***

    Module                   ro code  ro data  rw data
    ------                   -------  -------  -------
command line/config:
    --------------------------------------------------
    Total:

C:\Users\Irdatlanka\Desktop\Irdatlanka-STM32U5_CoreMW_CDC_koncz_board\Projects\NUCLEO-U575ZI-Q\Applications\USB_Device\CDC_Standalone\EWARM\NUCLEO-U575ZI-Q\Obj\App_6612947199827748718.dir: [1]
    usb_device.o                 224               720
    usbd_cdc_if.o                486      253    4'356
    usbd_desc.o                  264        5      592
    --------------------------------------------------
    Total:                       974      258    5'668

C:\Users\Irdatlanka\Desktop\Irdatlanka-STM32U5_CoreMW_CDC_koncz_board\Projects\NUCLEO-U575ZI-Q\Applications\USB_Device\CDC_Standalone\EWARM\NUCLEO-U575ZI-Q\Obj\CDC_16681379477064853705.dir: [2]
    usbd_cdc.o                   776       17      272
    --------------------------------------------------
    Total:                       776       17      272

C:\Users\Irdatlanka\Desktop\Irdatlanka-STM32U5_CoreMW_CDC_koncz_board\Projects\NUCLEO-U575ZI-Q\Applications\USB_Device\CDC_Standalone\EWARM\NUCLEO-U575ZI-Q\Obj\CMSIS_6603591812247902717.dir: [3]
    system_stm32u5xx.o            92       72        4
    --------------------------------------------------
    Total:                        92       72        4

C:\Users\Irdatlanka\Desktop\Irdatlanka-STM32U5_CoreMW_CDC_koncz_board\Projects\NUCLEO-U575ZI-Q\Applications\USB_Device\CDC_Standalone\EWARM\NUCLEO-U575ZI-Q\Obj\Components_1361118596739929299.dir: [4]
    --------------------------------------------------
    Total:

C:\Users\Irdatlanka\Desktop\Irdatlanka-STM32U5_CoreMW_CDC_koncz_board\Projects\NUCLEO-U575ZI-Q\Applications\USB_Device\CDC_Standalone\EWARM\NUCLEO-U575ZI-Q\Obj\Core_13247989168731456611.dir: [5]
    main.o                       748               288
    stm32u5xx_hal_msp.o          356               120
    stm32u5xx_it.o                64
    --------------------------------------------------
    Total:                     1'168               408

C:\Users\Irdatlanka\Desktop\Irdatlanka-STM32U5_CoreMW_CDC_koncz_board\Projects\NUCLEO-U575ZI-Q\Applications\USB_Device\CDC_Standalone\EWARM\NUCLEO-U575ZI-Q\Obj\Core_9232119672538125435.dir: [6]
    usbd_core.o                  740
    usbd_ctlreq.o              1'164                 1
    usbd_ioreq.o                 100
    --------------------------------------------------
    Total:                     2'004                 1

C:\Users\Irdatlanka\Desktop\Irdatlanka-STM32U5_CoreMW_CDC_koncz_board\Projects\NUCLEO-U575ZI-Q\Applications\USB_Device\CDC_Standalone\EWARM\NUCLEO-U575ZI-Q\Obj\EWARM_18443280873093131863.dir: [7]
    startup_stm32u575xx.o      1'072
    --------------------------------------------------
    Total:                     1'072

C:\Users\Irdatlanka\Desktop\Irdatlanka-STM32U5_CoreMW_CDC_koncz_board\Projects\NUCLEO-U575ZI-Q\Applications\USB_Device\CDC_Standalone\EWARM\NUCLEO-U575ZI-Q\Obj\STM32U5xx_HAL_Driver_18077472236357910042.dir: [8]
    stm32u5xx_hal.o              186                12
    stm32u5xx_hal_adc.o        3'182
    stm32u5xx_hal_adc_ex.o       206
    stm32u5xx_hal_cortex.o       232
    stm32u5xx_hal_dma.o        1'504
    stm32u5xx_hal_dma_ex.o       236
    stm32u5xx_hal_gpio.o         868      128
    stm32u5xx_hal_icache.o        56
    stm32u5xx_hal_pcd.o        2'238
    stm32u5xx_hal_pcd_ex.o       114
    stm32u5xx_hal_pwr_ex.o       196
    stm32u5xx_hal_rcc.o        3'154
    stm32u5xx_hal_rcc_ex.o     3'992
    stm32u5xx_hal_spi.o          490
    stm32u5xx_hal_spi_ex.o        70
    stm32u5xx_hal_tim.o        1'150
    stm32u5xx_hal_tim_ex.o        14
    stm32u5xx_hal_uart.o       3'740
    stm32u5xx_hal_uart_ex.o      252
    stm32u5xx_ll_ucpd.o          100
    stm32u5xx_ll_usb.o         2'216
    --------------------------------------------------
    Total:                    24'196      128       12

C:\Users\Irdatlanka\Desktop\Irdatlanka-STM32U5_CoreMW_CDC_koncz_board\Projects\NUCLEO-U575ZI-Q\Applications\USB_Device\CDC_Standalone\EWARM\NUCLEO-U575ZI-Q\Obj\STM32_USBPD_Library_10637878860516305910.dir: [9]
    usbpd_cad_hw_if.o            932                12
    usbpd_hw.o                     8
    usbpd_hw_if_it.o             374                 1
    usbpd_phy_hw_if.o            200                56
    usbpd_pwr_hw_if.o             14
    usbpd_trace.o                  2
    --------------------------------------------------
    Total:                     1'530                69

C:\Users\Irdatlanka\Desktop\Irdatlanka-STM32U5_CoreMW_CDC_koncz_board\Projects\NUCLEO-U575ZI-Q\Applications\USB_Device\CDC_Standalone\EWARM\NUCLEO-U575ZI-Q\Obj\Seahorse_v1_13032176894571403394.dir: [10]
    seahorse_usbpd_pwr.o         536               184
    --------------------------------------------------
    Total:                       536               184

C:\Users\Irdatlanka\Desktop\Irdatlanka-STM32U5_CoreMW_CDC_koncz_board\Projects\NUCLEO-U575ZI-Q\Applications\USB_Device\CDC_Standalone\EWARM\NUCLEO-U575ZI-Q\Obj\Target_14167004246567845465.dir: [11]
    usbd_conf.o                  572             1'576
    --------------------------------------------------
    Total:                       572             1'576

C:\Users\Irdatlanka\Desktop\Irdatlanka-STM32U5_CoreMW_CDC_koncz_board\Projects\NUCLEO-U575ZI-Q\Applications\USB_Device\CDC_Standalone\EWARM\NUCLEO-U575ZI-Q\Obj\USB-PD_16088497327023206971.dir: [12]
    usbpd.o                       20
    usbpd_dpm_core.o             212                20
    usbpd_dpm_user.o              44
    usbpd_pwr_if.o                48
    usbpd_usb_if.o               112
    --------------------------------------------------
    Total:                       436                20

USBPDCORE_NOPD_CM0PLUS_wc32.a: [13]
    usbpd_cad.o                  316                 8
    usbpd_pe_lib.o                28
    --------------------------------------------------
    Total:                       344                 8

dl7M_tlf.a: [14]
    exit.o                         4
    low_level_init.o               4
    no_free_heap0.o               80                 4
    xgetmemchunk.o                44                 4
    --------------------------------------------------
    Total:                       132                 8

m7M_tls.a: [15]
    fpinit_M.o                    34
    --------------------------------------------------
    Total:                        34

rt7M_tl.a: [16]
    ABImemclr.o                    6
    ABImemclr4.o                   6
    ABImemcpy_small.o             24
    ABImemset.o                  102
    ABImemset48.o                 50
    I64DivMod_small.o            262
    I64DivZer.o                    2
    cexit.o                       10
    cmain.o                       30
    cstartup_M.o                  28
    data_init.o                   40
    lz77_init_single.o           126
    memset.o                      20
    zero_init3.o                  56
    --------------------------------------------------
    Total:                       762

shb_l.a: [17]
    exit.o                        20
    --------------------------------------------------
    Total:                        20

    Gaps                           6        2
    Linker created                         32    1'536
------------------------------------------------------
    Grand Total:              34'654      509    9'766


*******************************************************************************
*** ENTRY LIST
***

Entry                       Address   Size  Type      Object
-----                       -------   ----  ----      ------
.iar.init_table$$Base    0x800'85c4          --   Gb  - Linker created -
.iar.init_table$$Limit   0x800'85e4          --   Gb  - Linker created -
?main                    0x800'85e5         Code  Gb  cmain.o [16]
ADC1_IRQHandler          0x800'86f5         Code  Wk  startup_stm32u575xx.o [7]
ADC4_IRQHandler          0x800'8815         Code  Wk  startup_stm32u575xx.o [7]
ADC_Disable              0x800'7f99   0x6a  Code  Gb  stm32u5xx_hal_adc.o [8]
ADC_Enable               0x800'7f31   0x68  Code  Gb  stm32u5xx_hal_adc.o [8]
ADF1_IRQHandler          0x800'8811         Code  Wk  startup_stm32u575xx.o [7]
AES_IRQHandler           0x800'87c9         Code  Wk  startup_stm32u575xx.o [7]
AHBPrescTable            0x800'84a0   0x10  Data  Gb  system_stm32u5xx.o [3]
APBPrescTable            0x800'8658    0x8  Data  Gb  system_stm32u5xx.o [3]
BSP_USBPD_PWR_Init       0x800'7205   0x42  Code  Gb  seahorse_usbpd_pwr.o [10]
BSP_USBPD_PWR_VBUSDeInit
                         0x800'731d   0x4e  Code  Gb  seahorse_usbpd_pwr.o [10]
BSP_USBPD_PWR_VBUSGetVoltage
                         0x800'736b   0x40  Code  Gb  seahorse_usbpd_pwr.o [10]
BSP_USBPD_PWR_VBUSInit   0x800'7247   0xd6  Code  Gb  seahorse_usbpd_pwr.o [10]
BusFault_Handler         0x800'84f7    0x2  Code  Gb  stm32u5xx_it.o [5]
CAD_Check_HW_SNK         0x800'6fb3   0x7a  Code  Lc  usbpd_cad_hw_if.o [9]
CAD_HW_Handles          0x2000'2004    0xc  Data  Lc  usbpd_cad_hw_if.o [9]
CAD_Handles             0x2000'2010    0x8  Data  Lc  usbpd_cad.o [13]
CAD_Init                 0x800'6cf3   0xf0  Code  Gb  usbpd_cad_hw_if.o [9]
CAD_StateMachine         0x800'6f55   0x5e  Code  Gb  usbpd_cad_hw_if.o [9]
CAD_StateMachine_SNK     0x800'6de5  0x162  Code  Lc  usbpd_cad_hw_if.o [9]
CDC_Desc                0x2000'1194   0x1c  Data  Gb  usbd_desc.o [1]
CDC_Itf_Control          0x800'37f9   0xc0  Code  Lc  usbd_cdc_if.o [1]
CDC_Itf_DeInit           0x800'37ed    0xc  Code  Lc  usbd_cdc_if.o [1]
CDC_Itf_Init             0x800'3765   0x88  Code  Lc  usbd_cdc_if.o [1]
CDC_Itf_Receive          0x800'3913   0x12  Code  Lc  usbd_cdc_if.o [1]
CDC_TransmitCplt         0x800'3925    0x4  Code  Lc  usbd_cdc_if.o [1]
COMP_IRQHandler          0x800'8779         Code  Wk  startup_stm32u575xx.o [7]
CORDIC_IRQHandler        0x800'883d         Code  Wk  startup_stm32u575xx.o [7]
CRS_IRQHandler           0x800'877d         Code  Wk  startup_stm32u575xx.o [7]
CSTACK$$Base            0x2000'2028          --   Gb  - Linker created -
CSTACK$$Limit           0x2000'2428          --   Gb  - Linker created -
DAC1_IRQHandler          0x800'86f9         Code  Wk  startup_stm32u575xx.o [7]
DCACHE1_IRQHandler       0x800'880d         Code  Wk  startup_stm32u575xx.o [7]
DCMI_PSSI_IRQHandler     0x800'882d         Code  Wk  startup_stm32u575xx.o [7]
DMA2D_IRQHandler         0x800'8829         Code  Wk  startup_stm32u575xx.o [7]
DMA_List_GetCLLRNodeInfo
                         0x800'3159   0x22  Code  Lc  stm32u5xx_hal_dma_ex.o [8]
DMA_SetConfig            0x800'374d   0x18  Code  Lc  stm32u5xx_hal_dma.o [8]
DPM_Params              0x2000'2018    0x4  Data  Gb  usbpd_dpm_core.o [12]
DPM_Settings             0x800'61f8    0x4  Data  Gb  usbpd_dpm_core.o [12]
DPM_Sleep_start         0x2000'1ffc    0x8  Data  Lc  usbpd_dpm_core.o [12]
DPM_Sleep_time          0x2000'1ff4    0x8  Data  Lc  usbpd_dpm_core.o [12]
DebugMon_Handler         0x800'84fd    0x2  Code  Gb  stm32u5xx_it.o [5]
EXTI0_IRQHandler         0x800'8691         Code  Wk  startup_stm32u575xx.o [7]
EXTI10_IRQHandler        0x800'86b9         Code  Wk  startup_stm32u575xx.o [7]
EXTI11_IRQHandler        0x800'86bd         Code  Wk  startup_stm32u575xx.o [7]
EXTI12_IRQHandler        0x800'86c1         Code  Wk  startup_stm32u575xx.o [7]
EXTI13_IRQHandler        0x800'86c5         Code  Wk  startup_stm32u575xx.o [7]
EXTI14_IRQHandler        0x800'86c9         Code  Wk  startup_stm32u575xx.o [7]
EXTI15_IRQHandler        0x800'86cd         Code  Wk  startup_stm32u575xx.o [7]
EXTI1_IRQHandler         0x800'8695         Code  Wk  startup_stm32u575xx.o [7]
EXTI2_IRQHandler         0x800'8699         Code  Wk  startup_stm32u575xx.o [7]
EXTI3_IRQHandler         0x800'869d         Code  Wk  startup_stm32u575xx.o [7]
EXTI4_IRQHandler         0x800'86a1         Code  Wk  startup_stm32u575xx.o [7]
EXTI5_IRQHandler         0x800'86a5         Code  Wk  startup_stm32u575xx.o [7]
EXTI6_IRQHandler         0x800'86a9         Code  Wk  startup_stm32u575xx.o [7]
EXTI7_IRQHandler         0x800'86ad         Code  Wk  startup_stm32u575xx.o [7]
EXTI8_IRQHandler         0x800'86b1         Code  Wk  startup_stm32u575xx.o [7]
EXTI9_IRQHandler         0x800'86b5         Code  Wk  startup_stm32u575xx.o [7]
Error_Handler            0x800'522b    0xe  Code  Gb  main.o [5]
FDCAN1_IT0_IRQHandler    0x800'86fd         Code  Wk  startup_stm32u575xx.o [7]
FDCAN1_IT1_IRQHandler    0x800'8701         Code  Wk  startup_stm32u575xx.o [7]
FLASH_IRQHandler         0x800'867d         Code  Wk  startup_stm32u575xx.o [7]
FLASH_S_IRQHandler       0x800'8681         Code  Wk  startup_stm32u575xx.o [7]
FMAC_IRQHandler          0x800'8841         Code  Wk  startup_stm32u575xx.o [7]
FMC_IRQHandler           0x800'8781         Code  Wk  startup_stm32u575xx.o [7]
FPU_IRQHandler           0x800'87d1         Code  Wk  startup_stm32u575xx.o [7]
GPDMA1_Channel0_IRQHandler
                         0x800'850f    0x8  Code  Gb  stm32u5xx_it.o [5]
GPDMA1_Channel10_IRQHandler
                         0x800'879d         Code  Wk  startup_stm32u575xx.o [7]
GPDMA1_Channel11_IRQHandler
                         0x800'87a1         Code  Wk  startup_stm32u575xx.o [7]
GPDMA1_Channel12_IRQHandler
                         0x800'87a5         Code  Wk  startup_stm32u575xx.o [7]
GPDMA1_Channel13_IRQHandler
                         0x800'87a9         Code  Wk  startup_stm32u575xx.o [7]
GPDMA1_Channel14_IRQHandler
                         0x800'87ad         Code  Wk  startup_stm32u575xx.o [7]
GPDMA1_Channel15_IRQHandler
                         0x800'87b1         Code  Wk  startup_stm32u575xx.o [7]
GPDMA1_Channel1_IRQHandler
                         0x800'86d9         Code  Wk  startup_stm32u575xx.o [7]
GPDMA1_Channel2_IRQHandler
                         0x800'86dd         Code  Wk  startup_stm32u575xx.o [7]
GPDMA1_Channel3_IRQHandler
                         0x800'86e1         Code  Wk  startup_stm32u575xx.o [7]
GPDMA1_Channel4_IRQHandler
                         0x800'86e5         Code  Wk  startup_stm32u575xx.o [7]
GPDMA1_Channel5_IRQHandler
                         0x800'86e9         Code  Wk  startup_stm32u575xx.o [7]
GPDMA1_Channel6_IRQHandler
                         0x800'86ed         Code  Wk  startup_stm32u575xx.o [7]
GPDMA1_Channel7_IRQHandler
                         0x800'86f1         Code  Wk  startup_stm32u575xx.o [7]
GPDMA1_Channel8_IRQHandler
                         0x800'8795         Code  Wk  startup_stm32u575xx.o [7]
GPDMA1_Channel9_IRQHandler
                         0x800'8799         Code  Wk  startup_stm32u575xx.o [7]
GTZC_IRQHandler          0x800'8685         Code  Wk  startup_stm32u575xx.o [7]
HAL_ADCEx_Calibration_Start
                         0x800'8081   0xa8  Code  Gb  stm32u5xx_hal_adc_ex.o [8]
HAL_ADCEx_EndOfSamplingCallback
                         0x800'8153    0x2  Code  Wk  stm32u5xx_hal_adc_ex.o [8]
HAL_ADCEx_InjectedConvCpltCallback
                         0x800'6acb    0x2  Code  Wk  stm32u5xx_hal_adc_ex.o [8]
HAL_ADCEx_InjectedQueueOverflowCallback
                         0x800'6ca7    0x2  Code  Wk  stm32u5xx_hal_adc_ex.o [8]
HAL_ADCEx_LevelOutOfWindow2Callback
                         0x800'714f    0x2  Code  Wk  stm32u5xx_hal_adc_ex.o [8]
HAL_ADCEx_LevelOutOfWindow3Callback
                         0x800'7407    0x2  Code  Wk  stm32u5xx_hal_adc_ex.o [8]
HAL_ADC_ConfigChannel    0x800'79cd  0x4e0  Code  Gb  stm32u5xx_hal_adc.o [8]
HAL_ADC_ConvCpltCallback
                         0x800'4f6b    0x2  Code  Wk  stm32u5xx_hal_adc.o [8]
HAL_ADC_ConvHalfCpltCallback
                         0x800'5b17    0x2  Code  Wk  stm32u5xx_hal_adc.o [8]
HAL_ADC_ErrorCallback    0x800'5e7b    0x2  Code  Wk  stm32u5xx_hal_adc.o [8]
HAL_ADC_Init             0x800'74df  0x3c6  Code  Gb  stm32u5xx_hal_adc.o [8]
HAL_ADC_LevelOutOfWindowCallback
                         0x800'5bbb    0x2  Code  Wk  stm32u5xx_hal_adc.o [8]
HAL_ADC_MspInit          0x800'4553    0x2  Code  Wk  stm32u5xx_hal_adc.o [8]
HAL_ADC_Start            0x800'78bf   0x7c  Code  Gb  stm32u5xx_hal_adc.o [8]
HAL_DMAEx_List_Start_IT
                         0x800'3099   0x7c  Code  Gb  stm32u5xx_hal_dma_ex.o [8]
HAL_DMA_Abort            0x800'350f   0x84  Code  Gb  stm32u5xx_hal_dma.o [8]
HAL_DMA_Abort_IT         0x800'3593   0x2a  Code  Gb  stm32u5xx_hal_dma.o [8]
HAL_DMA_IRQHandler       0x800'35bd  0x170  Code  Gb  stm32u5xx_hal_dma.o [8]
HAL_DMA_Init             0x800'3185  0x298  Code  Gb  stm32u5xx_hal_dma.o [8]
HAL_DMA_Start_IT         0x800'34a1   0x60  Code  Gb  stm32u5xx_hal_dma.o [8]
HAL_Delay                0x800'4741   0x1c  Code  Gb  usbd_conf.o [11]
HAL_GPIO_DeInit          0x800'3c71  0x114  Code  Gb  stm32u5xx_hal_gpio.o [8]
HAL_GPIO_Init            0x800'3a59  0x20c  Code  Gb  stm32u5xx_hal_gpio.o [8]
HAL_GPIO_TogglePin       0x800'3d8f   0x10  Code  Gb  stm32u5xx_hal_gpio.o [8]
HAL_GPIO_WritePin        0x800'3d85    0xa  Code  Gb  stm32u5xx_hal_gpio.o [8]
HAL_GetREVID             0x800'5bf9    0x8  Code  Gb  stm32u5xx_hal.o [8]
HAL_GetTick              0x800'11d1    0xc  Code  Wk  stm32u5xx_hal.o [8]
HAL_ICACHE_ConfigAssociativityMode
                         0x800'5c15   0x18  Code  Gb  stm32u5xx_hal_icache.o [8]
HAL_ICACHE_Enable        0x800'5c2d    0xe  Code  Gb  stm32u5xx_hal_icache.o [8]
HAL_IncTick              0x800'8531   0x10  Code  Wk  stm32u5xx_hal.o [8]
HAL_Init                 0x800'5bbd   0x3c  Code  Gb  stm32u5xx_hal.o [8]
HAL_InitTick             0x800'1ead   0x44  Code  Wk  stm32u5xx_hal.o [8]
HAL_MspInit              0x800'6ac7    0x2  Code  Wk  stm32u5xx_hal.o [8]
HAL_NVIC_DisableIRQ      0x800'203b   0x1e  Code  Gb  stm32u5xx_hal_cortex.o [8]
HAL_NVIC_EnableIRQ       0x800'2025   0x16  Code  Gb  stm32u5xx_hal_cortex.o [8]
HAL_NVIC_SetPriority     0x800'1fe9   0x3a  Code  Gb  stm32u5xx_hal_cortex.o [8]
HAL_NVIC_SetPriorityGrouping
                         0x800'1fcf   0x1a  Code  Gb  stm32u5xx_hal_cortex.o [8]
HAL_PCDEx_ActivateLPM    0x800'5b63   0x26  Code  Gb  stm32u5xx_hal_pcd_ex.o [8]
HAL_PCDEx_LPM_Callback   0x800'6ac5    0x2  Code  Wk  stm32u5xx_hal_pcd_ex.o [8]
HAL_PCDEx_SetRxFiFo      0x800'5b5b    0x8  Code  Gb  stm32u5xx_hal_pcd_ex.o [8]
HAL_PCDEx_SetTxFiFo      0x800'5b19   0x42  Code  Gb  stm32u5xx_hal_pcd_ex.o [8]
HAL_PCD_ConnectCallback
                         0x800'4637    0x8  Code  Gb  usbd_conf.o [11]
HAL_PCD_DataInStageCallback
                         0x800'45d9   0x12  Code  Gb  usbd_conf.o [11]
HAL_PCD_DataOutStageCallback
                         0x800'45c5   0x14  Code  Gb  usbd_conf.o [11]
HAL_PCD_DisconnectCallback
                         0x800'463f    0x8  Code  Gb  usbd_conf.o [11]
HAL_PCD_EP_Close         0x800'59af   0x20  Code  Gb  stm32u5xx_hal_pcd.o [8]
HAL_PCD_EP_ClrStall      0x800'5ab3   0x2e  Code  Gb  stm32u5xx_hal_pcd.o [8]
HAL_PCD_EP_GetRxCount    0x800'59e9   0x10  Code  Gb  stm32u5xx_hal_pcd.o [8]
HAL_PCD_EP_Open          0x800'5959   0x56  Code  Gb  stm32u5xx_hal_pcd.o [8]
HAL_PCD_EP_Receive       0x800'59cf   0x1a  Code  Gb  stm32u5xx_hal_pcd.o [8]
HAL_PCD_EP_SetStall      0x800'5a49   0x62  Code  Gb  stm32u5xx_hal_pcd.o [8]
HAL_PCD_EP_Transmit      0x800'59f9   0x16  Code  Gb  stm32u5xx_hal_pcd.o [8]
HAL_PCD_IRQHandler       0x800'5375  0x55e  Code  Gb  stm32u5xx_hal_pcd.o [8]
HAL_PCD_ISOINIncompleteCallback
                         0x800'462f    0x8  Code  Gb  usbd_conf.o [11]
HAL_PCD_ISOOUTIncompleteCallback
                         0x800'4627    0x8  Code  Gb  usbd_conf.o [11]
HAL_PCD_Init             0x800'5259   0xc8  Code  Gb  stm32u5xx_hal_pcd.o [8]
HAL_PCD_MspInit          0x800'4555   0x64  Code  Gb  usbd_conf.o [11]
HAL_PCD_ResetCallback    0x800'45f3   0x24  Code  Gb  usbd_conf.o [11]
HAL_PCD_ResumeCallback   0x800'461f    0x8  Code  Gb  usbd_conf.o [11]
HAL_PCD_SOFCallback      0x800'45eb    0x8  Code  Gb  usbd_conf.o [11]
HAL_PCD_SetAddress       0x800'5937   0x22  Code  Gb  stm32u5xx_hal_pcd.o [8]
HAL_PCD_SetupStageCallback
                         0x800'45b9    0xc  Code  Gb  usbd_conf.o [11]
HAL_PCD_Start            0x800'5337   0x18  Code  Gb  stm32u5xx_hal_pcd.o [8]
HAL_PCD_Stop             0x800'534f   0x26  Code  Gb  stm32u5xx_hal_pcd.o [8]
HAL_PCD_SuspendCallback
                         0x800'4617    0x8  Code  Gb  usbd_conf.o [11]
HAL_PWREx_ControlVoltageScaling
                         0x800'1ef1   0x68  Code  Gb  stm32u5xx_hal_pwr_ex.o [8]
HAL_PWREx_DisableUCPDDeadBattery
                         0x800'1f8f    0x6  Code  Gb  stm32u5xx_hal_pwr_ex.o [8]
HAL_PWREx_EnableVddA     0x800'1f81    0xe  Code  Gb  stm32u5xx_hal_pwr_ex.o [8]
HAL_PWREx_EnableVddIO2   0x800'1f73    0xe  Code  Gb  stm32u5xx_hal_pwr_ex.o [8]
HAL_PWREx_EnableVddUSB   0x800'1f65    0xe  Code  Gb  stm32u5xx_hal_pwr_ex.o [8]
HAL_PWREx_GetVoltageRange
                         0x800'1f59    0xc  Code  Gb  stm32u5xx_hal_pwr_ex.o [8]
HAL_RCCEx_CRSConfig      0x800'0fe1   0x48  Code  Gb  stm32u5xx_hal_rcc_ex.o [8]
HAL_RCCEx_GetPLL1ClockFreq
                         0x800'06ed   0x9a  Code  Gb  stm32u5xx_hal_rcc_ex.o [8]
HAL_RCCEx_GetPLL2ClockFreq
                         0x800'0789   0x98  Code  Gb  stm32u5xx_hal_rcc_ex.o [8]
HAL_RCCEx_GetPLL3ClockFreq
                         0x800'0909   0x9a  Code  Gb  stm32u5xx_hal_rcc_ex.o [8]
HAL_RCCEx_GetPeriphCLKFreq
                         0x800'09bd  0x610  Code  Gb  stm32u5xx_hal_rcc_ex.o [8]
HAL_RCCEx_PeriphCLKConfig
                         0x800'0239  0x49c  Code  Gb  stm32u5xx_hal_rcc_ex.o [8]
HAL_RCC_ClockConfig      0x800'1a3d  0x1a0  Code  Gb  stm32u5xx_hal_rcc.o [8]
HAL_RCC_DeInit           0x800'11dd  0x152  Code  Gb  stm32u5xx_hal_rcc.o [8]
HAL_RCC_GetHCLKFreq      0x800'1cd5   0x1a  Code  Gb  stm32u5xx_hal_rcc.o [8]
HAL_RCC_GetPCLK1Freq     0x800'1cef    0xa  Code  Gb  stm32u5xx_hal_rcc.o [8]
HAL_RCC_GetPCLK2Freq     0x800'1cfd   0x12  Code  Gb  stm32u5xx_hal_rcc.o [8]
HAL_RCC_GetPCLK3Freq     0x800'1d15    0x8  Code  Gb  stm32u5xx_hal_rcc.o [8]
HAL_RCC_GetSysClockFreq
                         0x800'1be5   0xf0  Code  Gb  stm32u5xx_hal_rcc.o [8]
HAL_RCC_OscConfig        0x800'1341  0x660  Code  Gb  stm32u5xx_hal_rcc.o [8]
HAL_SPIEx_SetConfigAutonomousMode
                         0x800'5e35   0x46  Code  Gb  stm32u5xx_hal_spi_ex.o [8]
HAL_SPI_Init             0x800'5c4d  0x1c6  Code  Gb  stm32u5xx_hal_spi.o [8]
HAL_SPI_MspInit          0x800'6ac9    0x2  Code  Wk  stm32u5xx_hal_spi.o [8]
HAL_SYSTICK_Config       0x800'2059   0x22  Code  Gb  stm32u5xx_hal_cortex.o [8]
HAL_TIMEx_Break2Callback
                         0x800'4543    0x2  Code  Wk  stm32u5xx_hal_tim_ex.o [8]
HAL_TIMEx_BreakCallback
                         0x800'4541    0x2  Code  Wk  stm32u5xx_hal_tim_ex.o [8]
HAL_TIMEx_CommutCallback
                         0x800'4547    0x2  Code  Wk  stm32u5xx_hal_tim_ex.o [8]
HAL_TIMEx_DirectionChangeCallback
                         0x800'454b    0x2  Code  Wk  stm32u5xx_hal_tim_ex.o [8]
HAL_TIMEx_EncoderIndexCallback
                         0x800'4549    0x2  Code  Wk  stm32u5xx_hal_tim_ex.o [8]
HAL_TIMEx_IndexErrorCallback
                         0x800'454d    0x2  Code  Wk  stm32u5xx_hal_tim_ex.o [8]
HAL_TIMEx_TransitionErrorCallback
                         0x800'454f    0x2  Code  Wk  stm32u5xx_hal_tim_ex.o [8]
HAL_TIM_Base_Init        0x800'3dbd   0x1a  Code  Gb  stm32u5xx_hal_tim.o [8]
HAL_TIM_Base_MspInit     0x800'453b    0x2  Code  Wk  stm32u5xx_hal_tim.o [8]
HAL_TIM_Base_Start_IT    0x800'3dd7   0xac  Code  Gb  stm32u5xx_hal_tim.o [8]
HAL_TIM_IC_CaptureCallback
                         0x800'453d    0x2  Code  Wk  stm32u5xx_hal_tim.o [8]
HAL_TIM_IRQHandler       0x800'3eed  0x1c4  Code  Gb  stm32u5xx_hal_tim.o [8]
HAL_TIM_OC_DelayElapsedCallback
                         0x800'453f    0x2  Code  Wk  stm32u5xx_hal_tim.o [8]
HAL_TIM_PWM_PulseFinishedCallback
                         0x800'4551    0x2  Code  Wk  stm32u5xx_hal_tim.o [8]
HAL_TIM_PeriodElapsedCallback
                         0x800'38b9   0x3e  Code  Gb  usbd_cdc_if.o [1]
HAL_TIM_TriggerCallback
                         0x800'4545    0x2  Code  Wk  stm32u5xx_hal_tim.o [8]
HAL_UARTEx_DisableFifoMode
                         0x800'5e7d   0x3c  Code  Gb  stm32u5xx_hal_uart_ex.o [8]
HAL_UARTEx_RxEventCallback
                         0x800'394b    0x2  Code  Wk  stm32u5xx_hal_uart.o [8]
HAL_UARTEx_RxFifoFullCallback
                         0x800'394f    0x2  Code  Wk  stm32u5xx_hal_uart_ex.o [8]
HAL_UARTEx_SetRxFifoThreshold
                         0x800'5ecf   0x14  Code  Gb  stm32u5xx_hal_uart_ex.o [8]
HAL_UARTEx_SetTxFifoThreshold
                         0x800'5eb9   0x16  Code  Gb  stm32u5xx_hal_uart_ex.o [8]
HAL_UARTEx_TxFifoEmptyCallback
                         0x800'394d    0x2  Code  Wk  stm32u5xx_hal_uart_ex.o [8]
HAL_UART_DeInit          0x800'211d   0x42  Code  Gb  stm32u5xx_hal_uart.o [8]
HAL_UART_ErrorCallback   0x800'3949    0x2  Code  Gb  usbd_cdc_if.o [1]
HAL_UART_IRQHandler      0x800'22bd  0x290  Code  Gb  stm32u5xx_hal_uart.o [8]
HAL_UART_Init            0x800'209d   0x30  Code  Gb  stm32u5xx_hal_uart.o [8]
HAL_UART_MspDeInit       0x800'3043   0x42  Code  Gb  stm32u5xx_hal_msp.o [5]
HAL_UART_MspInit         0x800'2f35  0x10e  Code  Gb  stm32u5xx_hal_msp.o [5]
HAL_UART_MspInit::hdma_tx
                        0x2000'1f44   0x78  Data  Lc  stm32u5xx_hal_msp.o [5]
HAL_UART_Receive_IT      0x800'215f   0x34  Code  Gb  stm32u5xx_hal_uart.o [8]
HAL_UART_RxCpltCallback
                         0x800'38f7   0x1c  Code  Gb  usbd_cdc_if.o [1]
HAL_UART_Transmit_DMA    0x800'2193   0xce  Code  Gb  stm32u5xx_hal_uart.o [8]
HAL_UART_TxCpltCallback
                         0x800'3929    0x6  Code  Gb  usbd_cdc_if.o [1]
HAL_UART_TxHalfCpltCallback
                         0x800'3a57    0x2  Code  Wk  stm32u5xx_hal_uart.o [8]
HASH_IRQHandler          0x800'87d5         Code  Wk  startup_stm32u575xx.o [7]
HEAP$$Base              0x2000'2428          --   Gb  - Linker created -
HEAP$$Limit             0x2000'2628          --   Gb  - Linker created -
HW_IF_PWR_GetVoltage     0x800'8145    0xe  Code  Gb  usbpd_pwr_hw_if.o [9]
HW_SignalAttachement     0x800'6019    0xc  Code  Gb  usbpd_phy_hw_if.o [9]
HW_SignalDetachment      0x800'6025    0xe  Code  Gb  usbpd_phy_hw_if.o [9]
HardFault_Handler        0x800'84f3    0x2  Code  Gb  stm32u5xx_it.o [5]
I2C1_ER_IRQHandler       0x800'873d         Code  Wk  startup_stm32u575xx.o [7]
I2C1_EV_IRQHandler       0x800'8739         Code  Wk  startup_stm32u575xx.o [7]
I2C2_ER_IRQHandler       0x800'8745         Code  Wk  startup_stm32u575xx.o [7]
I2C2_EV_IRQHandler       0x800'8741         Code  Wk  startup_stm32u575xx.o [7]
I2C3_ER_IRQHandler       0x800'87b9         Code  Wk  startup_stm32u575xx.o [7]
I2C3_EV_IRQHandler       0x800'87b5         Code  Wk  startup_stm32u575xx.o [7]
I2C4_ER_IRQHandler       0x800'87e5         Code  Wk  startup_stm32u575xx.o [7]
I2C4_EV_IRQHandler       0x800'87e9         Code  Wk  startup_stm32u575xx.o [7]
ICACHE_IRQHandler        0x800'87fd         Code  Wk  startup_stm32u575xx.o [7]
IWDG_IRQHandler          0x800'86d1         Code  Wk  startup_stm32u575xx.o [7]
IntToUnicode             0x800'835d   0x26  Code  Lc  usbd_desc.o [1]
LL_ADC_REG_SetSequencerRanks
                         0x800'7421   0x54  Code  Lc  stm32u5xx_hal_adc.o [8]
LL_ADC_SetChannelSamplingTime
                         0x800'7475   0x64  Code  Lc  stm32u5xx_hal_adc.o [8]
LL_ADC_SetSamplingTimeCommonChannels
                         0x800'7409   0x18  Code  Lc  stm32u5xx_hal_adc.o [8]
LL_AHB2_GRP1_EnableClock
                         0x800'71bd   0x16  Code  Lc  seahorse_usbpd_pwr.o [10]
LL_AHB2_GRP1_EnableClock
                         0x800'6ca9   0x18  Code  Lc  usbpd_cad_hw_if.o [9]
LL_GPIO_SetPinMode       0x800'71d3   0x10  Code  Lc  seahorse_usbpd_pwr.o [10]
LL_GPIO_SetPinMode       0x800'6cc1   0x10  Code  Lc  usbpd_cad_hw_if.o [9]
LL_GPIO_SetPinPull       0x800'71e3   0x10  Code  Lc  seahorse_usbpd_pwr.o [10]
LL_GPIO_SetPinPull       0x800'6cd1   0x10  Code  Lc  usbpd_cad_hw_if.o [9]
LL_UCPD_Init             0x800'7159   0x44  Code  Gb  stm32u5xx_ll_ucpd.o [8]
LL_UCPD_StructInit       0x800'71a9   0x14  Code  Gb  stm32u5xx_ll_ucpd.o [8]
LPDMA1_Channel0_IRQHandler
                         0x800'8819         Code  Wk  startup_stm32u575xx.o [7]
LPDMA1_Channel1_IRQHandler
                         0x800'881d         Code  Wk  startup_stm32u575xx.o [7]
LPDMA1_Channel2_IRQHandler
                         0x800'8821         Code  Wk  startup_stm32u575xx.o [7]
LPDMA1_Channel3_IRQHandler
                         0x800'8825         Code  Wk  startup_stm32u575xx.o [7]
LPGPIO_Map               0x800'83d4   0x80  Data  Lc  stm32u5xx_hal_gpio.o [8]
LPTIM1_IRQHandler        0x800'8765         Code  Wk  startup_stm32u575xx.o [7]
LPTIM2_IRQHandler        0x800'8769         Code  Wk  startup_stm32u575xx.o [7]
LPTIM3_IRQHandler        0x800'87dd         Code  Wk  startup_stm32u575xx.o [7]
LPTIM4_IRQHandler        0x800'8809         Code  Wk  startup_stm32u575xx.o [7]
LPUART1_IRQHandler       0x800'8761         Code  Wk  startup_stm32u575xx.o [7]
LSECSSD_IRQHandler       0x800'8845         Code  Wk  startup_stm32u575xx.o [7]
LineCoding              0x2000'0120    0x8  Data  Gb  usbd_cdc_if.o [1]
MDF1_FLT0_IRQHandler     0x800'87ed         Code  Wk  startup_stm32u575xx.o [7]
MDF1_FLT1_IRQHandler     0x800'87f1         Code  Wk  startup_stm32u575xx.o [7]
MDF1_FLT2_IRQHandler     0x800'87f5         Code  Wk  startup_stm32u575xx.o [7]
MDF1_FLT3_IRQHandler     0x800'87f9         Code  Wk  startup_stm32u575xx.o [7]
MDF1_FLT4_IRQHandler     0x800'8835         Code  Wk  startup_stm32u575xx.o [7]
MDF1_FLT5_IRQHandler     0x800'8839         Code  Wk  startup_stm32u575xx.o [7]
MSIRangeTable            0x800'84b0   0x40  Data  Gb  system_stm32u5xx.o [3]
MX_ADC1_Init::hadc1     0x2000'1dfc   0xb8  Data  Lc  seahorse_usbpd_pwr.o [10]
MX_USBPD_Init            0x800'611d   0x14  Code  Gb  usbpd.o [12]
MX_USB_Device_Init       0x800'60cd   0x3a  Code  Gb  usb_device.o [1]
MemManage_Handler        0x800'84f5    0x2  Code  Gb  stm32u5xx_it.o [5]
NMI_Handler              0x800'84f1    0x2  Code  Gb  stm32u5xx_it.o [5]
OCTOSPI1_IRQHandler      0x800'8785         Code  Wk  startup_stm32u575xx.o [7]
OCTOSPI2_IRQHandler      0x800'8831         Code  Wk  startup_stm32u575xx.o [7]
OTFDEC1_IRQHandler       0x800'8801         Code  Wk  startup_stm32u575xx.o [7]
OTFDEC2_IRQHandler       0x800'8805         Code  Wk  startup_stm32u575xx.o [7]
OTG_FS_IRQHandler        0x800'8509    0x6  Code  Gb  stm32u5xx_it.o [5]
PKA_IRQHandler           0x800'87d9         Code  Wk  startup_stm32u575xx.o [7]
PORTx_IRQHandler         0x800'8157  0x15c  Code  Gb  usbpd_hw_if_it.o [9]
PORTx_IRQHandler::ovrflag
                        0x2000'2025    0x1  Data  Lc  usbpd_hw_if_it.o [9]
PVD_PVM_IRQHandler       0x800'8669         Code  Wk  startup_stm32u575xx.o [7]
PWR_S3WU_IRQHandler      0x800'8789         Code  Wk  startup_stm32u575xx.o [7]
PendSV_Handler           0x800'84ff    0x2  Code  Gb  stm32u5xx_it.o [5]
Ports                   0x2000'1fbc   0x38  Data  Gb  usbpd_phy_hw_if.o [9]
RAMCFG_IRQHandler        0x800'8679         Code  Wk  startup_stm32u575xx.o [7]
RCCEx_PLL2_Config        0x800'1041   0x68  Code  Lc  stm32u5xx_hal_rcc_ex.o [8]
RCCEx_PLL3_Config        0x800'10d7   0x6e  Code  Lc  stm32u5xx_hal_rcc_ex.o [8]
RCC_IRQHandler           0x800'8689         Code  Wk  startup_stm32u575xx.o [7]
RCC_S_IRQHandler         0x800'868d         Code  Wk  startup_stm32u575xx.o [7]
RCC_SetFlashLatencyFromMSIRange
                         0x800'1d59   0x8c  Code  Lc  stm32u5xx_hal_rcc.o [8]
RNG_IRQHandler           0x800'87cd         Code  Wk  startup_stm32u575xx.o [7]
RTC_IRQHandler           0x800'866d         Code  Wk  startup_stm32u575xx.o [7]
RTC_S_IRQHandler         0x800'8671         Code  Wk  startup_stm32u575xx.o [7]
Region$$Table$$Base      0x800'85c4          --   Gb  - Linker created -
Region$$Table$$Limit     0x800'85e4          --   Gb  - Linker created -
Reset_Handler            0x800'8649         Code  Wk  startup_stm32u575xx.o [7]
SAES_IRQHandler          0x800'86d5         Code  Wk  startup_stm32u575xx.o [7]
SAI1_IRQHandler          0x800'87bd         Code  Wk  startup_stm32u575xx.o [7]
SAI2_IRQHandler          0x800'87c1         Code  Wk  startup_stm32u575xx.o [7]
SDMMC1_IRQHandler        0x800'878d         Code  Wk  startup_stm32u575xx.o [7]
SDMMC2_IRQHandler        0x800'8791         Code  Wk  startup_stm32u575xx.o [7]
SPI1_IRQHandler          0x800'8749         Code  Wk  startup_stm32u575xx.o [7]
SPI2_IRQHandler          0x800'874d         Code  Wk  startup_stm32u575xx.o [7]
SPI3_IRQHandler          0x800'87e1         Code  Wk  startup_stm32u575xx.o [7]
SVC_Handler              0x800'84fb    0x2  Code  Gb  stm32u5xx_it.o [5]
SWAPBYTE                 0x800'47f5    0xa  Code  Lc  usbd_ctlreq.o [6]
SecureFault_Handler      0x800'8661         Code  Wk  startup_stm32u575xx.o [7]
SysTick_Handler          0x800'8501    0x4  Code  Gb  stm32u5xx_it.o [5]
SystemClock_Config       0x800'5197   0x94  Code  Gb  main.o [5]
SystemCoreClock         0x2000'000c    0x4  Data  Gb  system_stm32u5xx.o [3]
SystemInit               0x800'8455   0x3a  Code  Gb  system_stm32u5xx.o [3]
TAMP_IRQHandler          0x800'8675         Code  Wk  startup_stm32u575xx.o [7]
TIM15_IRQHandler         0x800'876d         Code  Wk  startup_stm32u575xx.o [7]
TIM16_IRQHandler         0x800'8771         Code  Wk  startup_stm32u575xx.o [7]
TIM17_IRQHandler         0x800'8775         Code  Wk  startup_stm32u575xx.o [7]
TIM1_BRK_IRQHandler      0x800'8705         Code  Wk  startup_stm32u575xx.o [7]
TIM1_CC_IRQHandler       0x800'8711         Code  Wk  startup_stm32u575xx.o [7]
TIM1_TRG_COM_IRQHandler
                         0x800'870d         Code  Wk  startup_stm32u575xx.o [7]
TIM1_UP_IRQHandler       0x800'8709         Code  Wk  startup_stm32u575xx.o [7]
TIM2_IRQHandler          0x800'8715         Code  Wk  startup_stm32u575xx.o [7]
TIM3_IRQHandler          0x800'851d    0x6  Code  Gb  stm32u5xx_it.o [5]
TIM4_IRQHandler          0x800'8719         Code  Wk  startup_stm32u575xx.o [7]
TIM5_IRQHandler          0x800'871d         Code  Wk  startup_stm32u575xx.o [7]
TIM6_IRQHandler          0x800'8721         Code  Wk  startup_stm32u575xx.o [7]
TIM7_IRQHandler          0x800'8725         Code  Wk  startup_stm32u575xx.o [7]
TIM8_BRK_IRQHandler      0x800'8729         Code  Wk  startup_stm32u575xx.o [7]
TIM8_CC_IRQHandler       0x800'8735         Code  Wk  startup_stm32u575xx.o [7]
TIM8_TRG_COM_IRQHandler
                         0x800'8731         Code  Wk  startup_stm32u575xx.o [7]
TIM8_UP_IRQHandler       0x800'872d         Code  Wk  startup_stm32u575xx.o [7]
TIM_Base_SetConfig       0x800'40bf  0x130  Code  Gb  stm32u5xx_hal_tim.o [8]
TSC_IRQHandler           0x800'87c5         Code  Wk  startup_stm32u575xx.o [7]
TimHandle               0x2000'0128   0x4c  Data  Gb  usbd_cdc_if.o [1]
UART4_IRQHandler         0x800'8759         Code  Wk  startup_stm32u575xx.o [7]
UART5_IRQHandler         0x800'875d         Code  Wk  startup_stm32u575xx.o [7]
UARTEx_SetNbDataToProcess
                         0x800'5f25   0x3e  Code  Lc  stm32u5xx_hal_uart_ex.o [8]
UARTEx_SetNbDataToProcess::denominator
                         0x800'5f6c    0x8  Data  Lc  stm32u5xx_hal_uart_ex.o [8]
UARTEx_SetNbDataToProcess::numerator
                         0x800'5f64    0x8  Data  Lc  stm32u5xx_hal_uart_ex.o [8]
UARTPrescTable           0x800'2f1c   0x18  Data  Gb  stm32u5xx_hal_uart.o [8]
UART_AdvFeatureConfig    0x800'272f   0xc6  Code  Gb  stm32u5xx_hal_uart.o [8]
UART_CheckIdleState      0x800'27f5   0x5e  Code  Gb  stm32u5xx_hal_uart.o [8]
UART_DMAAbortOnError     0x800'2b79   0x12  Code  Lc  stm32u5xx_hal_uart.o [8]
UART_DMAError            0x800'2b29   0x4e  Code  Lc  stm32u5xx_hal_uart.o [8]
UART_DMATransmitCplt     0x800'2add   0x3c  Code  Lc  stm32u5xx_hal_uart.o [8]
UART_DMATxHalfCplt       0x800'2b19    0x6  Code  Lc  stm32u5xx_hal_uart.o [8]
UART_EndRxTransfer       0x800'2a65   0x28  Code  Lc  stm32u5xx_hal_uart.o [8]
UART_EndTxTransfer       0x800'2a21   0x16  Code  Lc  stm32u5xx_hal_uart.o [8]
UART_RxISR_16BIT         0x800'2bf1   0x4e  Code  Lc  stm32u5xx_hal_uart.o [8]
UART_RxISR_16BIT_FIFOEN
                         0x800'2d55   0x96  Code  Lc  stm32u5xx_hal_uart.o [8]
UART_RxISR_8BIT          0x800'2ba1   0x4e  Code  Lc  stm32u5xx_hal_uart.o [8]
UART_RxISR_8BIT_FIFOEN   0x800'2cb5   0x96  Code  Lc  stm32u5xx_hal_uart.o [8]
UART_SetConfig           0x800'25bd  0x15a  Code  Gb  stm32u5xx_hal_uart.o [8]
UART_Start_Receive_IT    0x800'290b   0xf4  Code  Gb  stm32u5xx_hal_uart.o [8]
UART_WaitOnFlagUntilTimeout
                         0x800'2853   0x7a  Code  Gb  stm32u5xx_hal_uart.o [8]
UCPD1_IRQHandler         0x800'8505    0x4  Code  Gb  stm32u5xx_it.o [5]
USART1_IRQHandler        0x800'8517    0x6  Code  Gb  stm32u5xx_it.o [5]
USART2_IRQHandler        0x800'8751         Code  Wk  startup_stm32u575xx.o [7]
USART3_IRQHandler        0x800'8755         Code  Wk  startup_stm32u575xx.o [7]
USBD_CDC                0x2000'001c   0x38  Data  Gb  usbd_cdc.o [2]
USBD_CDC_CfgFSDesc      0x2000'0098   0x44  Data  Lc  usbd_cdc.o [2]
USBD_CDC_CfgHSDesc      0x2000'0054   0x44  Data  Lc  usbd_cdc.o [2]
USBD_CDC_ConfigStrDescriptor
                         0x800'8321    0xa  Code  Gb  usbd_desc.o [1]
USBD_CDC_DataIn          0x800'43cd   0x60  Code  Lc  usbd_cdc.o [2]
USBD_CDC_DataOut         0x800'442d   0x28  Code  Lc  usbd_cdc.o [2]
USBD_CDC_DeInit          0x800'42cd   0x4a  Code  Lc  usbd_cdc.o [2]
USBD_CDC_DeviceDesc     0x2000'11b0   0x14  Data  Gb  usbd_desc.o [1]
USBD_CDC_DeviceDescriptor
                         0x800'82cd    0x8  Code  Gb  usbd_desc.o [1]
USBD_CDC_DeviceQualifierDesc
                        0x2000'0010    0xc  Data  Lc  usbd_cdc.o [2]
USBD_CDC_EP0_RxReady     0x800'4455   0x2c  Code  Lc  usbd_cdc.o [2]
USBD_CDC_GetDeviceQualifierDescriptor
                         0x800'4499    0x8  Code  Gb  usbd_cdc.o [2]
USBD_CDC_GetFSCfgDesc    0x800'4481    0x8  Code  Lc  usbd_cdc.o [2]
USBD_CDC_GetHSCfgDesc    0x800'4489    0x8  Code  Lc  usbd_cdc.o [2]
USBD_CDC_GetOtherSpeedCfgDesc
                         0x800'4491    0x8  Code  Lc  usbd_cdc.o [2]
USBD_CDC_Init            0x800'4231   0x92  Code  Lc  usbd_cdc.o [2]
USBD_CDC_InterfaceStrDescriptor
                         0x800'8351    0xc  Code  Gb  usbd_desc.o [1]
USBD_CDC_LangIDStrDescriptor
                         0x800'82d5    0x8  Code  Gb  usbd_desc.o [1]
USBD_CDC_ManufacturerStrDescriptor
                         0x800'82e9    0xc  Code  Gb  usbd_desc.o [1]
USBD_CDC_OtherSpeedCfgDesc
                        0x2000'00dc   0x44  Data  Lc  usbd_cdc.o [2]
USBD_CDC_ProductStrDescriptor
                         0x800'82dd    0xc  Code  Gb  usbd_desc.o [1]
USBD_CDC_ReceivePacket   0x800'4513   0x26  Code  Gb  usbd_cdc.o [2]
USBD_CDC_RegisterInterface
                         0x800'44b1    0xe  Code  Gb  usbd_cdc.o [2]
USBD_CDC_SerialStrDescriptor
                         0x800'82f5   0x2c  Code  Gb  usbd_desc.o [1]
USBD_CDC_SetRxBuffer     0x800'44d5   0x12  Code  Gb  usbd_cdc.o [2]
USBD_CDC_SetTxBuffer     0x800'44bf   0x16  Code  Gb  usbd_cdc.o [2]
USBD_CDC_Setup           0x800'4317   0xb6  Code  Lc  usbd_cdc.o [2]
USBD_CDC_TransmitPacket
                         0x800'44e7   0x2c  Code  Gb  usbd_cdc.o [2]
USBD_CDC_fops           0x2000'1180   0x14  Data  Gb  usbd_cdc_if.o [1]
USBD_Clock_Config        0x800'603d   0x90  Code  Gb  usb_device.o [1]
USBD_ClrClassConfig      0x800'4d05   0x10  Code  Gb  usbd_core.o [6]
USBD_CtlContinueRx       0x800'47c9    0x6  Code  Gb  usbd_ioreq.o [6]
USBD_CtlContinueSendData
                         0x800'47a3    0x6  Code  Gb  usbd_ioreq.o [6]
USBD_CtlError            0x800'4c25   0x16  Code  Gb  usbd_ctlreq.o [6]
USBD_CtlPrepareRx        0x800'47b3   0x16  Code  Gb  usbd_ioreq.o [6]
USBD_CtlReceiveStatus    0x800'47e7    0xe  Code  Gb  usbd_ioreq.o [6]
USBD_CtlSendData         0x800'4791   0x12  Code  Gb  usbd_ioreq.o [6]
USBD_CtlSendStatus       0x800'47d9    0xe  Code  Gb  usbd_ioreq.o [6]
USBD_GetString           0x800'4c3b   0x46  Code  Gb  usbd_ctlreq.o [6]
USBD_Get_USB_Status      0x800'477f   0x12  Code  Lc  usbd_conf.o [11]
USBD_Init                0x800'4c87   0x26  Code  Gb  usbd_core.o [6]
USBD_LL_ClearStallEP     0x800'46e9    0xc  Code  Gb  usbd_conf.o [11]
USBD_LL_CloseEP          0x800'46d1    0xc  Code  Gb  usbd_conf.o [11]
USBD_LL_DataInStage      0x800'4dd5   0x96  Code  Gb  usbd_core.o [6]
USBD_LL_DataOutStage     0x800'4d71   0x64  Code  Gb  usbd_core.o [6]
USBD_LL_DevConnected     0x800'4f4d    0x4  Code  Gb  usbd_core.o [6]
USBD_LL_DevDisconnected
                         0x800'4f51   0x1a  Code  Gb  usbd_core.o [6]
USBD_LL_GetRxDataSize    0x800'4737    0x8  Code  Gb  usbd_conf.o [11]
USBD_LL_Init             0x800'4647   0x58  Code  Gb  usbd_conf.o [11]
USBD_LL_IsStallEP        0x800'46f5   0x1e  Code  Gb  usbd_conf.o [11]
USBD_LL_IsoINIncomplete
                         0x800'4f11   0x1e  Code  Gb  usbd_core.o [6]
USBD_LL_IsoOUTIncomplete
                         0x800'4f2f   0x1e  Code  Gb  usbd_core.o [6]
USBD_LL_OpenEP           0x800'46bb   0x16  Code  Gb  usbd_conf.o [11]
USBD_LL_PrepareReceive   0x800'472b    0xc  Code  Gb  usbd_conf.o [11]
USBD_LL_Reset            0x800'4e6b   0x60  Code  Gb  usbd_core.o [6]
USBD_LL_Resume           0x800'4ee1   0x12  Code  Gb  usbd_core.o [6]
USBD_LL_SOF              0x800'4ef3   0x1e  Code  Gb  usbd_core.o [6]
USBD_LL_SetSpeed         0x800'4ecb    0x6  Code  Gb  usbd_core.o [6]
USBD_LL_SetUSBAddress    0x800'4713    0xc  Code  Gb  usbd_conf.o [11]
USBD_LL_SetupStage       0x800'4d15   0x5c  Code  Gb  usbd_core.o [6]
USBD_LL_StallEP          0x800'46dd    0xc  Code  Gb  usbd_conf.o [11]
USBD_LL_Start            0x800'469f    0xa  Code  Gb  usbd_conf.o [11]
USBD_LL_Stop             0x800'46af    0xc  Code  Gb  usbd_conf.o [11]
USBD_LL_Suspend          0x800'4ed1   0x10  Code  Gb  usbd_core.o [6]
USBD_LL_Transmit         0x800'471f    0xc  Code  Gb  usbd_conf.o [11]
USBD_LangIDDesc         0x2000'11c4    0x4  Data  Gb  usbd_desc.o [1]
USBD_ParseSetupRequest   0x800'4bfb   0x2a  Code  Gb  usbd_ctlreq.o [6]
USBD_RegisterClass       0x800'4cad   0x22  Code  Gb  usbd_core.o [6]
USBD_SetClassConfig      0x800'4cf3   0x12  Code  Gb  usbd_core.o [6]
USBD_SetConfig::cfgidx  0x2000'2024    0x1  Data  Lc  usbd_ctlreq.o [6]
USBD_Start               0x800'4ccf    0x4  Code  Gb  usbd_core.o [6]
USBD_StdDevReq           0x800'4801  0x27c  Code  Gb  usbd_ctlreq.o [6]
USBD_StdEPReq            0x800'4ad3  0x120  Code  Gb  usbd_ctlreq.o [6]
USBD_StdItfReq           0x800'4a87   0x4c  Code  Gb  usbd_ctlreq.o [6]
USBD_Stop                0x800'4cd3   0x16  Code  Gb  usbd_core.o [6]
USBD_StrDesc            0x2000'1adc  0x200  Data  Gb  usbd_desc.o [1]
USBD_StringSerial       0x2000'11c8   0x1c  Data  Gb  usbd_desc.o [1]
USBD_static_free         0x800'477d    0x2  Code  Gb  usbd_conf.o [11]
USBD_static_malloc       0x800'475d    0x4  Code  Gb  usbd_conf.o [11]
USBD_static_malloc::mem
                        0x2000'18bc  0x220  Data  Lc  usbd_conf.o [11]
USBPDM1_AssertRd         0x800'5fa1   0x70  Code  Gb  usbpd_phy_hw_if.o [9]
USBPD_CAD_GetMemoryConsumption
                         0x800'6c21    0x4  Code  Gb  usbpd_cad.o [13]
USBPD_CAD_Init           0x800'6ae9   0x5a  Code  Gb  usbpd_cad.o [13]
USBPD_CAD_PortEnable     0x800'6b43    0xe  Code  Gb  usbpd_cad.o [13]
USBPD_CAD_Process        0x800'6b51   0xc4  Code  Gb  usbpd_cad.o [13]
USBPD_DPM_CADCallback    0x800'619d   0x50  Code  Gb  usbpd_dpm_core.o [12]
USBPD_DPM_CADTaskWakeUp
                         0x800'6195    0x8  Code  Lc  usbpd_dpm_core.o [12]
USBPD_DPM_InitCore       0x800'6131   0x38  Code  Gb  usbpd_dpm_core.o [12]
USBPD_DPM_InitCore::CAD_cbs
                         0x800'61fc    0x8  Data  Lc  usbpd_dpm_core.o [12]
USBPD_DPM_InitOS         0x800'6169    0x4  Code  Gb  usbpd_dpm_core.o [12]
USBPD_DPM_Notification   0x800'6c3f   0x12  Code  Gb  usbpd_dpm_user.o [12]
USBPD_DPM_Run            0x800'616d   0x28  Code  Gb  usbpd_dpm_core.o [12]
USBPD_DPM_UserCableDetection
                         0x800'6c3d    0x2  Code  Gb  usbpd_dpm_user.o [12]
USBPD_DPM_UserExecute    0x800'6c25   0x14  Code  Gb  usbpd_dpm_user.o [12]
USBPD_HW_GetUSPDInstance
                         0x800'7151    0x4  Code  Gb  usbpd_hw.o [9]
USBPD_HW_IF_GlobalHwInit
                         0x800'5f75   0x2c  Code  Gb  usbpd_phy_hw_if.o [9]
USBPD_PE_CheckLIB        0x800'6acd    0xe  Code  Gb  usbpd_pe_lib.o [13]
USBPD_PE_GetMemoryConsumption
                         0x800'6ae1    0x8  Code  Gb  usbpd_pe_lib.o [13]
USBPD_PORT0_IRQHandler   0x800'8155    0x2  Code  Gb  usbpd_hw_if_it.o [9]
USBPD_PWR_IF_GetVBUSStatus
                         0x800'73d5   0x30  Code  Gb  usbpd_pwr_if.o [12]
USBPD_TRACE_Add          0x800'7405    0x2  Code  Gb  usbpd_trace.o [9]
USBPD_USBIF_DeviceStart
                         0x800'704d   0x24  Code  Gb  usbpd_usb_if.o [12]
USBPD_USBIF_DeviceStop   0x800'7071   0x1e  Code  Gb  usbpd_usb_if.o [12]
USB_ActivateEndpoint     0x800'6539   0x5a  Code  Gb  stm32u5xx_ll_usb.o [8]
USB_ActivateSetup        0x800'69d9   0x18  Code  Gb  stm32u5xx_ll_usb.o [8]
USB_CoreInit             0x800'6205   0x4a  Code  Gb  stm32u5xx_ll_usb.o [8]
USB_DeactivateEndpoint   0x800'65a5   0x48  Code  Gb  stm32u5xx_ll_usb.o [8]
USB_DevConnect           0x800'693b   0x18  Code  Gb  stm32u5xx_ll_usb.o [8]
USB_DevDisconnect        0x800'6953   0x16  Code  Gb  stm32u5xx_ll_usb.o [8]
USB_DevInit              0x800'6389  0x14e  Code  Gb  stm32u5xx_ll_usb.o [8]
USB_DisableGlobalInt     0x800'6325    0x6  Code  Gb  stm32u5xx_ll_usb.o [8]
USB_EP0StartXfer         0x800'678d   0xcc  Code  Gb  stm32u5xx_ll_usb.o [8]
USB_EP0_OutStart         0x800'69f1   0x44  Code  Gb  stm32u5xx_ll_usb.o [8]
USB_EPClearStall         0x800'68ed   0x32  Code  Gb  stm32u5xx_ll_usb.o [8]
USB_EPSetStall           0x800'68bd   0x30  Code  Gb  stm32u5xx_ll_usb.o [8]
USB_EPStartXfer          0x800'6631  0x15c  Code  Gb  stm32u5xx_ll_usb.o [8]
USB_EnableGlobalInt      0x800'631d    0x8  Code  Gb  stm32u5xx_ll_usb.o [8]
USB_FlushRxFifo          0x800'64f7   0x1c  Code  Gb  stm32u5xx_ll_usb.o [8]
USB_FlushTxFifo          0x800'64d7   0x20  Code  Gb  stm32u5xx_ll_usb.o [8]
USB_GetDevSpeed          0x800'651d   0x1c  Code  Gb  stm32u5xx_ll_usb.o [8]
USB_GetMode              0x800'69d1    0x8  Code  Gb  stm32u5xx_ll_usb.o [8]
USB_ReadDevAllInEpInterrupt
                         0x800'6987    0xe  Code  Gb  stm32u5xx_ll_usb.o [8]
USB_ReadDevAllOutEpInterrupt
                         0x800'6979    0xe  Code  Gb  stm32u5xx_ll_usb.o [8]
USB_ReadDevInEPInterrupt
                         0x800'69ab   0x26  Code  Gb  stm32u5xx_ll_usb.o [8]
USB_ReadDevOutEPInterrupt
                         0x800'6995   0x16  Code  Gb  stm32u5xx_ll_usb.o [8]
USB_ReadInterrupts       0x800'696f    0xa  Code  Gb  stm32u5xx_ll_usb.o [8]
USB_ReadPacket           0x800'687d   0x40  Code  Gb  stm32u5xx_ll_usb.o [8]
USB_SetCurrentMode       0x800'6331   0x58  Code  Gb  stm32u5xx_ll_usb.o [8]
USB_SetDevAddress        0x800'691f   0x16  Code  Gb  stm32u5xx_ll_usb.o [8]
USB_SetDevSpeed          0x800'6513    0xa  Code  Gb  stm32u5xx_ll_usb.o [8]
USB_SetTurnaroundTime    0x800'624f   0xce  Code  Gb  stm32u5xx_ll_usb.o [8]
USB_WritePacket          0x800'6859   0x24  Code  Gb  stm32u5xx_ll_usb.o [8]
UartHandle              0x2000'1eb4   0x90  Data  Gb  usbd_cdc_if.o [1]
UsageFault_Handler       0x800'84f9    0x2  Code  Gb  stm32u5xx_it.o [5]
UserRxBuffer            0x2000'0180  0x800  Data  Gb  usbd_cdc_if.o [1]
UserTxBufPtrIn          0x2000'0178    0x4  Data  Gb  usbd_cdc_if.o [1]
UserTxBufPtrOut         0x2000'017c    0x4  Data  Gb  usbd_cdc_if.o [1]
UserTxBuffer            0x2000'0980  0x800  Data  Gb  usbd_cdc_if.o [1]
WWDG_IRQHandler          0x800'8665         Code  Wk  startup_stm32u575xx.o [7]
__NVIC_SetPriority       0x800'1fb5   0x1a  Code  Lc  stm32u5xx_hal_cortex.o [8]
__Vectors                0x800'0000          --   Gb  startup_stm32u575xx.o [7]
__Vectors_End            0x800'0238         Data  Gb  startup_stm32u575xx.o [7]
__Vectors_Size {Abs}          0x238          --   Gb  startup_stm32u575xx.o [7]
__aeabi_ldiv0            0x800'4539         Code  Gb  I64DivZer.o [16]
__aeabi_memclr           0x800'6ca1         Code  Gb  ABImemclr.o [16]
__aeabi_memclr4          0x800'4c81         Code  Gb  ABImemclr4.o [16]
__aeabi_memset           0x800'70e9         Code  Gb  ABImemset.o [16]
__cmain                  0x800'85e5         Code  Gb  cmain.o [16]
__data_GetMemChunk       0x800'70bd   0x2c  Code  Gb  xgetmemchunk.o [14]
__data_GetMemChunk::start
                        0x2000'2020    0x4  Data  Lc  xgetmemchunk.o [14]
__exit                   0x800'8619   0x14  Code  Gb  exit.o [17]
__iar_Memset             0x800'70e9         Code  Gb  ABImemset.o [16]
__iar_Memset4_word       0x800'5b89         Code  Gb  ABImemset48.o [16]
__iar_Memset8_word       0x800'5b89         Code  Gb  ABImemset48.o [16]
__iar_Memset_word        0x800'70f1         Code  Gb  ABImemset.o [16]
__iar_data_init3         0x800'8579   0x28  Code  Gb  data_init.o [16]
__iar_init_vfp           0x800'85a1         Code  Gb  fpinit_M.o [15]
__iar_lz77_init_single3
                         0x800'1e2f   0x7e  Code  Gb  lz77_init_single.o [16]
__iar_program_start      0x800'862d         Code  Gb  cstartup_M.o [16]
__iar_small_Memcpy       0x800'6ab1         Code  Gb  ABImemcpy_small.o [16]
__iar_small_memcpy       0x800'6aad         Code  Gb  ABImemcpy_small.o [16]
__iar_small_memcpy4      0x800'6aad         Code  Gb  ABImemcpy_small.o [16]
__iar_small_memcpy8      0x800'6aad         Code  Gb  ABImemcpy_small.o [16]
__iar_small_uldivmod     0x800'3951         Code  Gb  I64DivMod_small.o [16]
__iar_zero_init3         0x800'8541   0x38  Code  Gb  zero_init3.o [16]
__low_level_init         0x800'8603    0x4  Code  Gb  low_level_init.o [14]
__no_free_malloc         0x800'6c51   0x4c  Code  Gb  no_free_heap0.o [14]
__vector_table           0x800'0000         Data  Gb  startup_stm32u575xx.o [7]
_call_main               0x800'85f1         Code  Gb  cmain.o [16]
_exit                    0x800'860d         Code  Gb  cexit.o [16]
exit                     0x800'8607    0x4  Code  Gb  exit.o [14]
hUsbDeviceFS            0x2000'15ec  0x2d0  Data  Gb  usb_device.o [1]
hpcd_USB_OTG_FS         0x2000'11e4  0x408  Data  Gb  usbd_conf.o [11]
hspi1                   0x2000'1cdc   0x90  Data  Gb  main.o [5]
huart1                  0x2000'1d6c   0x90  Data  Gb  main.o [5]
main                     0x800'4f6d  0x210  Code  Gb  main.o [5]
memset                   0x800'806d   0x14  Code  Gb  memset.o [16]
qs                      0x2000'201c    0x4  Data  Lc  no_free_heap0.o [14]
uwPrescalerValue        0x2000'0174    0x4  Data  Gb  usbd_cdc_if.o [1]
uwTick                  0x2000'0004    0x4  Data  Gb  stm32u5xx_hal.o [8]
uwTickFreq              0x2000'0000    0x1  Data  Gb  stm32u5xx_hal.o [8]
uwTickPrio              0x2000'0008    0x4  Data  Gb  stm32u5xx_hal.o [8]


[1] = C:\Users\Irdatlanka\Desktop\Irdatlanka-STM32U5_CoreMW_CDC_koncz_board\Projects\NUCLEO-U575ZI-Q\Applications\USB_Device\CDC_Standalone\EWARM\NUCLEO-U575ZI-Q\Obj\App_6612947199827748718.dir
[2] = C:\Users\Irdatlanka\Desktop\Irdatlanka-STM32U5_CoreMW_CDC_koncz_board\Projects\NUCLEO-U575ZI-Q\Applications\USB_Device\CDC_Standalone\EWARM\NUCLEO-U575ZI-Q\Obj\CDC_16681379477064853705.dir
[3] = C:\Users\Irdatlanka\Desktop\Irdatlanka-STM32U5_CoreMW_CDC_koncz_board\Projects\NUCLEO-U575ZI-Q\Applications\USB_Device\CDC_Standalone\EWARM\NUCLEO-U575ZI-Q\Obj\CMSIS_6603591812247902717.dir
[4] = C:\Users\Irdatlanka\Desktop\Irdatlanka-STM32U5_CoreMW_CDC_koncz_board\Projects\NUCLEO-U575ZI-Q\Applications\USB_Device\CDC_Standalone\EWARM\NUCLEO-U575ZI-Q\Obj\Components_1361118596739929299.dir
[5] = C:\Users\Irdatlanka\Desktop\Irdatlanka-STM32U5_CoreMW_CDC_koncz_board\Projects\NUCLEO-U575ZI-Q\Applications\USB_Device\CDC_Standalone\EWARM\NUCLEO-U575ZI-Q\Obj\Core_13247989168731456611.dir
[6] = C:\Users\Irdatlanka\Desktop\Irdatlanka-STM32U5_CoreMW_CDC_koncz_board\Projects\NUCLEO-U575ZI-Q\Applications\USB_Device\CDC_Standalone\EWARM\NUCLEO-U575ZI-Q\Obj\Core_9232119672538125435.dir
[7] = C:\Users\Irdatlanka\Desktop\Irdatlanka-STM32U5_CoreMW_CDC_koncz_board\Projects\NUCLEO-U575ZI-Q\Applications\USB_Device\CDC_Standalone\EWARM\NUCLEO-U575ZI-Q\Obj\EWARM_18443280873093131863.dir
[8] = C:\Users\Irdatlanka\Desktop\Irdatlanka-STM32U5_CoreMW_CDC_koncz_board\Projects\NUCLEO-U575ZI-Q\Applications\USB_Device\CDC_Standalone\EWARM\NUCLEO-U575ZI-Q\Obj\STM32U5xx_HAL_Driver_18077472236357910042.dir
[9] = C:\Users\Irdatlanka\Desktop\Irdatlanka-STM32U5_CoreMW_CDC_koncz_board\Projects\NUCLEO-U575ZI-Q\Applications\USB_Device\CDC_Standalone\EWARM\NUCLEO-U575ZI-Q\Obj\STM32_USBPD_Library_10637878860516305910.dir
[10] = C:\Users\Irdatlanka\Desktop\Irdatlanka-STM32U5_CoreMW_CDC_koncz_board\Projects\NUCLEO-U575ZI-Q\Applications\USB_Device\CDC_Standalone\EWARM\NUCLEO-U575ZI-Q\Obj\Seahorse_v1_13032176894571403394.dir
[11] = C:\Users\Irdatlanka\Desktop\Irdatlanka-STM32U5_CoreMW_CDC_koncz_board\Projects\NUCLEO-U575ZI-Q\Applications\USB_Device\CDC_Standalone\EWARM\NUCLEO-U575ZI-Q\Obj\Target_14167004246567845465.dir
[12] = C:\Users\Irdatlanka\Desktop\Irdatlanka-STM32U5_CoreMW_CDC_koncz_board\Projects\NUCLEO-U575ZI-Q\Applications\USB_Device\CDC_Standalone\EWARM\NUCLEO-U575ZI-Q\Obj\USB-PD_16088497327023206971.dir
[13] = USBPDCORE_NOPD_CM0PLUS_wc32.a
[14] = dl7M_tlf.a
[15] = m7M_tls.a
[16] = rt7M_tl.a
[17] = shb_l.a

  34'654 bytes of readonly  code memory
     509 bytes of readonly  data memory
   9'766 bytes of readwrite data memory

Errors: none
Warnings: none
