###############################################################################
#
# IAR ELF Linker V9.40.2.374/W64 for ARM                  01/Nov/2023  23:01:08
# Copyright 2007-2023 IAR Systems AB.
#
#    Output file  =
#        C:\Users\Irdatlanka\Desktop\Irdatlanka-STM32U5_CoreMW_CDC_koncz_board\Projects\NUCLEO-U575ZI-Q\Applications\USB_Device\CDC_Standalone\EWARM\NUCLEO-U575ZI-Q\Exe\Project.out
#    Map file     =
#        C:\Users\Irdatlanka\Desktop\Irdatlanka-STM32U5_CoreMW_CDC_koncz_board\Projects\NUCLEO-U575ZI-Q\Applications\USB_Device\CDC_Standalone\EWARM\NUCLEO-U575ZI-Q\List\Project.map
#    Command line =
#        -f
#        C:\Users\Irdatlanka\Desktop\Irdatlanka-STM32U5_CoreMW_CDC_koncz_board\Projects\NUCLEO-U575ZI-Q\Applications\USB_Device\CDC_Standalone\EWARM\NUCLEO-U575ZI-Q\Exe\Project.out.rsp
#        (C:\Users\Irdatlanka\Desktop\Irdatlanka-STM32U5_CoreMW_CDC_koncz_board\Projects\NUCLEO-U575ZI-Q\Applications\USB_Device\CDC_Standalone\EWARM\NUCLEO-U575ZI-Q\Obj\Core_13247989168731456611.dir\main.o
#        C:\Users\Irdatlanka\Desktop\Irdatlanka-STM32U5_CoreMW_CDC_koncz_board\Projects\NUCLEO-U575ZI-Q\Applications\USB_Device\CDC_Standalone\EWARM\NUCLEO-U575ZI-Q\Obj\Components_1361118596739929299.dir\mfxstm32l152.o
#        C:\Users\Irdatlanka\Desktop\Irdatlanka-STM32U5_CoreMW_CDC_koncz_board\Projects\NUCLEO-U575ZI-Q\Applications\USB_Device\CDC_Standalone\EWARM\NUCLEO-U575ZI-Q\Obj\Components_1361118596739929299.dir\mfxstm32l152_reg.o
#        C:\Users\Irdatlanka\Desktop\Irdatlanka-STM32U5_CoreMW_CDC_koncz_board\Projects\NUCLEO-U575ZI-Q\Applications\USB_Device\CDC_Standalone\EWARM\NUCLEO-U575ZI-Q\Obj\Seahorse_v1_13032176894571403394.dir\seahorse.o
#        C:\Users\Irdatlanka\Desktop\Irdatlanka-STM32U5_CoreMW_CDC_koncz_board\Projects\NUCLEO-U575ZI-Q\Applications\USB_Device\CDC_Standalone\EWARM\NUCLEO-U575ZI-Q\Obj\Seahorse_v1_13032176894571403394.dir\seahorse_usbpd_pwr.o
#        C:\Users\Irdatlanka\Desktop\Irdatlanka-STM32U5_CoreMW_CDC_koncz_board\Projects\NUCLEO-U575ZI-Q\Applications\USB_Device\CDC_Standalone\EWARM\NUCLEO-U575ZI-Q\Obj\EWARM_18443280873093131863.dir\startup_stm32u575xx.o
#        C:\Users\Irdatlanka\Desktop\Irdatlanka-STM32U5_CoreMW_CDC_koncz_board\Projects\NUCLEO-U575ZI-Q\Applications\USB_Device\CDC_Standalone\EWARM\NUCLEO-U575ZI-Q\Obj\STM32U5xx_HAL_Driver_18077472236357910042.dir\stm32u5xx_hal.o
#        C:\Users\Irdatlanka\Desktop\Irdatlanka-STM32U5_CoreMW_CDC_koncz_board\Projects\NUCLEO-U575ZI-Q\Applications\USB_Device\CDC_Standalone\EWARM\NUCLEO-U575ZI-Q\Obj\STM32U5xx_HAL_Driver_18077472236357910042.dir\stm32u5xx_hal_adc.o
#        C:\Users\Irdatlanka\Desktop\Irdatlanka-STM32U5_CoreMW_CDC_koncz_board\Projects\NUCLEO-U575ZI-Q\Applications\USB_Device\CDC_Standalone\EWARM\NUCLEO-U575ZI-Q\Obj\STM32U5xx_HAL_Driver_18077472236357910042.dir\stm32u5xx_hal_adc_ex.o
#        C:\Users\Irdatlanka\Desktop\Irdatlanka-STM32U5_CoreMW_CDC_koncz_board\Projects\NUCLEO-U575ZI-Q\Applications\USB_Device\CDC_Standalone\EWARM\NUCLEO-U575ZI-Q\Obj\STM32U5xx_HAL_Driver_18077472236357910042.dir\stm32u5xx_hal_cortex.o
#        C:\Users\Irdatlanka\Desktop\Irdatlanka-STM32U5_CoreMW_CDC_koncz_board\Projects\NUCLEO-U575ZI-Q\Applications\USB_Device\CDC_Standalone\EWARM\NUCLEO-U575ZI-Q\Obj\STM32U5xx_HAL_Driver_18077472236357910042.dir\stm32u5xx_hal_dcache.o
#        C:\Users\Irdatlanka\Desktop\Irdatlanka-STM32U5_CoreMW_CDC_koncz_board\Projects\NUCLEO-U575ZI-Q\Applications\USB_Device\CDC_Standalone\EWARM\NUCLEO-U575ZI-Q\Obj\STM32U5xx_HAL_Driver_18077472236357910042.dir\stm32u5xx_hal_dma.o
#        C:\Users\Irdatlanka\Desktop\Irdatlanka-STM32U5_CoreMW_CDC_koncz_board\Projects\NUCLEO-U575ZI-Q\Applications\USB_Device\CDC_Standalone\EWARM\NUCLEO-U575ZI-Q\Obj\STM32U5xx_HAL_Driver_18077472236357910042.dir\stm32u5xx_hal_dma_ex.o
#        C:\Users\Irdatlanka\Desktop\Irdatlanka-STM32U5_CoreMW_CDC_koncz_board\Projects\NUCLEO-U575ZI-Q\Applications\USB_Device\CDC_Standalone\EWARM\NUCLEO-U575ZI-Q\Obj\STM32U5xx_HAL_Driver_18077472236357910042.dir\stm32u5xx_hal_exti.o
#        C:\Users\Irdatlanka\Desktop\Irdatlanka-STM32U5_CoreMW_CDC_koncz_board\Projects\NUCLEO-U575ZI-Q\Applications\USB_Device\CDC_Standalone\EWARM\NUCLEO-U575ZI-Q\Obj\STM32U5xx_HAL_Driver_18077472236357910042.dir\stm32u5xx_hal_gpio.o
#        C:\Users\Irdatlanka\Desktop\Irdatlanka-STM32U5_CoreMW_CDC_koncz_board\Projects\NUCLEO-U575ZI-Q\Applications\USB_Device\CDC_Standalone\EWARM\NUCLEO-U575ZI-Q\Obj\STM32U5xx_HAL_Driver_18077472236357910042.dir\stm32u5xx_hal_i2c.o
#        C:\Users\Irdatlanka\Desktop\Irdatlanka-STM32U5_CoreMW_CDC_koncz_board\Projects\NUCLEO-U575ZI-Q\Applications\USB_Device\CDC_Standalone\EWARM\NUCLEO-U575ZI-Q\Obj\STM32U5xx_HAL_Driver_18077472236357910042.dir\stm32u5xx_hal_i2c_ex.o
#        C:\Users\Irdatlanka\Desktop\Irdatlanka-STM32U5_CoreMW_CDC_koncz_board\Projects\NUCLEO-U575ZI-Q\Applications\USB_Device\CDC_Standalone\EWARM\NUCLEO-U575ZI-Q\Obj\STM32U5xx_HAL_Driver_18077472236357910042.dir\stm32u5xx_hal_icache.o
#        C:\Users\Irdatlanka\Desktop\Irdatlanka-STM32U5_CoreMW_CDC_koncz_board\Projects\NUCLEO-U575ZI-Q\Applications\USB_Device\CDC_Standalone\EWARM\NUCLEO-U575ZI-Q\Obj\Core_13247989168731456611.dir\stm32u5xx_hal_msp.o
#        C:\Users\Irdatlanka\Desktop\Irdatlanka-STM32U5_CoreMW_CDC_koncz_board\Projects\NUCLEO-U575ZI-Q\Applications\USB_Device\CDC_Standalone\EWARM\NUCLEO-U575ZI-Q\Obj\STM32U5xx_HAL_Driver_18077472236357910042.dir\stm32u5xx_hal_pcd.o
#        C:\Users\Irdatlanka\Desktop\Irdatlanka-STM32U5_CoreMW_CDC_koncz_board\Projects\NUCLEO-U575ZI-Q\Applications\USB_Device\CDC_Standalone\EWARM\NUCLEO-U575ZI-Q\Obj\STM32U5xx_HAL_Driver_18077472236357910042.dir\stm32u5xx_hal_pcd_ex.o
#        C:\Users\Irdatlanka\Desktop\Irdatlanka-STM32U5_CoreMW_CDC_koncz_board\Projects\NUCLEO-U575ZI-Q\Applications\USB_Device\CDC_Standalone\EWARM\NUCLEO-U575ZI-Q\Obj\STM32U5xx_HAL_Driver_18077472236357910042.dir\stm32u5xx_hal_pwr.o
#        C:\Users\Irdatlanka\Desktop\Irdatlanka-STM32U5_CoreMW_CDC_koncz_board\Projects\NUCLEO-U575ZI-Q\Applications\USB_Device\CDC_Standalone\EWARM\NUCLEO-U575ZI-Q\Obj\STM32U5xx_HAL_Driver_18077472236357910042.dir\stm32u5xx_hal_pwr_ex.o
#        C:\Users\Irdatlanka\Desktop\Irdatlanka-STM32U5_CoreMW_CDC_koncz_board\Projects\NUCLEO-U575ZI-Q\Applications\USB_Device\CDC_Standalone\EWARM\NUCLEO-U575ZI-Q\Obj\STM32U5xx_HAL_Driver_18077472236357910042.dir\stm32u5xx_hal_rcc.o
#        C:\Users\Irdatlanka\Desktop\Irdatlanka-STM32U5_CoreMW_CDC_koncz_board\Projects\NUCLEO-U575ZI-Q\Applications\USB_Device\CDC_Standalone\EWARM\NUCLEO-U575ZI-Q\Obj\STM32U5xx_HAL_Driver_18077472236357910042.dir\stm32u5xx_hal_rcc_ex.o
#        C:\Users\Irdatlanka\Desktop\Irdatlanka-STM32U5_CoreMW_CDC_koncz_board\Projects\NUCLEO-U575ZI-Q\Applications\USB_Device\CDC_Standalone\EWARM\NUCLEO-U575ZI-Q\Obj\STM32U5xx_HAL_Driver_18077472236357910042.dir\stm32u5xx_hal_spi.o
#        C:\Users\Irdatlanka\Desktop\Irdatlanka-STM32U5_CoreMW_CDC_koncz_board\Projects\NUCLEO-U575ZI-Q\Applications\USB_Device\CDC_Standalone\EWARM\NUCLEO-U575ZI-Q\Obj\STM32U5xx_HAL_Driver_18077472236357910042.dir\stm32u5xx_hal_spi_ex.o
#        C:\Users\Irdatlanka\Desktop\Irdatlanka-STM32U5_CoreMW_CDC_koncz_board\Projects\NUCLEO-U575ZI-Q\Applications\USB_Device\CDC_Standalone\EWARM\NUCLEO-U575ZI-Q\Obj\STM32U5xx_HAL_Driver_18077472236357910042.dir\stm32u5xx_hal_tim.o
#        C:\Users\Irdatlanka\Desktop\Irdatlanka-STM32U5_CoreMW_CDC_koncz_board\Projects\NUCLEO-U575ZI-Q\Applications\USB_Device\CDC_Standalone\EWARM\NUCLEO-U575ZI-Q\Obj\STM32U5xx_HAL_Driver_18077472236357910042.dir\stm32u5xx_hal_tim_ex.o
#        C:\Users\Irdatlanka\Desktop\Irdatlanka-STM32U5_CoreMW_CDC_koncz_board\Projects\NUCLEO-U575ZI-Q\Applications\USB_Device\CDC_Standalone\EWARM\NUCLEO-U575ZI-Q\Obj\STM32U5xx_HAL_Driver_18077472236357910042.dir\stm32u5xx_hal_uart.o
#        C:\Users\Irdatlanka\Desktop\Irdatlanka-STM32U5_CoreMW_CDC_koncz_board\Projects\NUCLEO-U575ZI-Q\Applications\USB_Device\CDC_Standalone\EWARM\NUCLEO-U575ZI-Q\Obj\STM32U5xx_HAL_Driver_18077472236357910042.dir\stm32u5xx_hal_uart_ex.o
#        C:\Users\Irdatlanka\Desktop\Irdatlanka-STM32U5_CoreMW_CDC_koncz_board\Projects\NUCLEO-U575ZI-Q\Applications\USB_Device\CDC_Standalone\EWARM\NUCLEO-U575ZI-Q\Obj\STM32U5xx_HAL_Driver_18077472236357910042.dir\stm32u5xx_hal_usart.o
#        C:\Users\Irdatlanka\Desktop\Irdatlanka-STM32U5_CoreMW_CDC_koncz_board\Projects\NUCLEO-U575ZI-Q\Applications\USB_Device\CDC_Standalone\EWARM\NUCLEO-U575ZI-Q\Obj\STM32U5xx_HAL_Driver_18077472236357910042.dir\stm32u5xx_hal_usart_ex.o
#        C:\Users\Irdatlanka\Desktop\Irdatlanka-STM32U5_CoreMW_CDC_koncz_board\Projects\NUCLEO-U575ZI-Q\Applications\USB_Device\CDC_Standalone\EWARM\NUCLEO-U575ZI-Q\Obj\Core_13247989168731456611.dir\stm32u5xx_it.o
#        C:\Users\Irdatlanka\Desktop\Irdatlanka-STM32U5_CoreMW_CDC_koncz_board\Projects\NUCLEO-U575ZI-Q\Applications\USB_Device\CDC_Standalone\EWARM\NUCLEO-U575ZI-Q\Obj\STM32U5xx_HAL_Driver_18077472236357910042.dir\stm32u5xx_ll_gpio.o
#        C:\Users\Irdatlanka\Desktop\Irdatlanka-STM32U5_CoreMW_CDC_koncz_board\Projects\NUCLEO-U575ZI-Q\Applications\USB_Device\CDC_Standalone\EWARM\NUCLEO-U575ZI-Q\Obj\STM32U5xx_HAL_Driver_18077472236357910042.dir\stm32u5xx_ll_ucpd.o
#        C:\Users\Irdatlanka\Desktop\Irdatlanka-STM32U5_CoreMW_CDC_koncz_board\Projects\NUCLEO-U575ZI-Q\Applications\USB_Device\CDC_Standalone\EWARM\NUCLEO-U575ZI-Q\Obj\STM32U5xx_HAL_Driver_18077472236357910042.dir\stm32u5xx_ll_usb.o
#        C:\Users\Irdatlanka\Desktop\Irdatlanka-STM32U5_CoreMW_CDC_koncz_board\Projects\NUCLEO-U575ZI-Q\Applications\USB_Device\CDC_Standalone\EWARM\NUCLEO-U575ZI-Q\Obj\CMSIS_6603591812247902717.dir\system_stm32u5xx.o
#        C:\Users\Irdatlanka\Desktop\Irdatlanka-STM32U5_CoreMW_CDC_koncz_board\Projects\NUCLEO-U575ZI-Q\Applications\USB_Device\CDC_Standalone\EWARM\NUCLEO-U575ZI-Q\Obj\App_6612947199827748718.dir\usb_device.o
#        C:\Users\Irdatlanka\Desktop\Irdatlanka-STM32U5_CoreMW_CDC_koncz_board\Projects\NUCLEO-U575ZI-Q\Applications\USB_Device\CDC_Standalone\EWARM\NUCLEO-U575ZI-Q\Obj\CDC_16681379477064853705.dir\usbd_cdc.o
#        C:\Users\Irdatlanka\Desktop\Irdatlanka-STM32U5_CoreMW_CDC_koncz_board\Projects\NUCLEO-U575ZI-Q\Applications\USB_Device\CDC_Standalone\EWARM\NUCLEO-U575ZI-Q\Obj\App_6612947199827748718.dir\usbd_cdc_if.o
#        C:\Users\Irdatlanka\Desktop\Irdatlanka-STM32U5_CoreMW_CDC_koncz_board\Projects\NUCLEO-U575ZI-Q\Applications\USB_Device\CDC_Standalone\EWARM\NUCLEO-U575ZI-Q\Obj\Target_14167004246567845465.dir\usbd_conf.o
#        C:\Users\Irdatlanka\Desktop\Irdatlanka-STM32U5_CoreMW_CDC_koncz_board\Projects\NUCLEO-U575ZI-Q\Applications\USB_Device\CDC_Standalone\EWARM\NUCLEO-U575ZI-Q\Obj\Core_9232119672538125435.dir\usbd_core.o
#        C:\Users\Irdatlanka\Desktop\Irdatlanka-STM32U5_CoreMW_CDC_koncz_board\Projects\NUCLEO-U575ZI-Q\Applications\USB_Device\CDC_Standalone\EWARM\NUCLEO-U575ZI-Q\Obj\Core_9232119672538125435.dir\usbd_ctlreq.o
#        C:\Users\Irdatlanka\Desktop\Irdatlanka-STM32U5_CoreMW_CDC_koncz_board\Projects\NUCLEO-U575ZI-Q\Applications\USB_Device\CDC_Standalone\EWARM\NUCLEO-U575ZI-Q\Obj\App_6612947199827748718.dir\usbd_desc.o
#        C:\Users\Irdatlanka\Desktop\Irdatlanka-STM32U5_CoreMW_CDC_koncz_board\Projects\NUCLEO-U575ZI-Q\Applications\USB_Device\CDC_Standalone\EWARM\NUCLEO-U575ZI-Q\Obj\Core_9232119672538125435.dir\usbd_ioreq.o
#        C:\Users\Irdatlanka\Desktop\Irdatlanka-STM32U5_CoreMW_CDC_koncz_board\Projects\NUCLEO-U575ZI-Q\Applications\USB_Device\CDC_Standalone\EWARM\NUCLEO-U575ZI-Q\Obj\USB-PD_16088497327023206971.dir\usbpd.o
#        C:\Users\Irdatlanka\Desktop\Irdatlanka-STM32U5_CoreMW_CDC_koncz_board\Projects\NUCLEO-U575ZI-Q\Applications\USB_Device\CDC_Standalone\EWARM\NUCLEO-U575ZI-Q\Obj\STM32_USBPD_Library_10637878860516305910.dir\usbpd_cad_hw_if.o
#        C:\Users\Irdatlanka\Desktop\Irdatlanka-STM32U5_CoreMW_CDC_koncz_board\Projects\NUCLEO-U575ZI-Q\Applications\USB_Device\CDC_Standalone\EWARM\NUCLEO-U575ZI-Q\Obj\USB-PD_16088497327023206971.dir\usbpd_dpm_core.o
#        C:\Users\Irdatlanka\Desktop\Irdatlanka-STM32U5_CoreMW_CDC_koncz_board\Projects\NUCLEO-U575ZI-Q\Applications\USB_Device\CDC_Standalone\EWARM\NUCLEO-U575ZI-Q\Obj\USB-PD_16088497327023206971.dir\usbpd_dpm_user.o
#        C:\Users\Irdatlanka\Desktop\Irdatlanka-STM32U5_CoreMW_CDC_koncz_board\Projects\NUCLEO-U575ZI-Q\Applications\USB_Device\CDC_Standalone\EWARM\NUCLEO-U575ZI-Q\Obj\STM32_USBPD_Library_10637878860516305910.dir\usbpd_hw.o
#        C:\Users\Irdatlanka\Desktop\Irdatlanka-STM32U5_CoreMW_CDC_koncz_board\Projects\NUCLEO-U575ZI-Q\Applications\USB_Device\CDC_Standalone\EWARM\NUCLEO-U575ZI-Q\Obj\STM32_USBPD_Library_10637878860516305910.dir\usbpd_hw_if_it.o
#        C:\Users\Irdatlanka\Desktop\Irdatlanka-STM32U5_CoreMW_CDC_koncz_board\Projects\NUCLEO-U575ZI-Q\Applications\USB_Device\CDC_Standalone\EWARM\NUCLEO-U575ZI-Q\Obj\STM32_USBPD_Library_10637878860516305910.dir\usbpd_phy_hw_if.o
#        C:\Users\Irdatlanka\Desktop\Irdatlanka-STM32U5_CoreMW_CDC_koncz_board\Projects\NUCLEO-U575ZI-Q\Applications\USB_Device\CDC_Standalone\EWARM\NUCLEO-U575ZI-Q\Obj\STM32_USBPD_Library_10637878860516305910.dir\usbpd_pwr_hw_if.o
#        C:\Users\Irdatlanka\Desktop\Irdatlanka-STM32U5_CoreMW_CDC_koncz_board\Projects\NUCLEO-U575ZI-Q\Applications\USB_Device\CDC_Standalone\EWARM\NUCLEO-U575ZI-Q\Obj\USB-PD_16088497327023206971.dir\usbpd_pwr_if.o
#        C:\Users\Irdatlanka\Desktop\Irdatlanka-STM32U5_CoreMW_CDC_koncz_board\Projects\NUCLEO-U575ZI-Q\Applications\USB_Device\CDC_Standalone\EWARM\NUCLEO-U575ZI-Q\Obj\STM32_USBPD_Library_10637878860516305910.dir\usbpd_trace.o
#        C:\Users\Irdatlanka\Desktop\Irdatlanka-STM32U5_CoreMW_CDC_koncz_board\Projects\NUCLEO-U575ZI-Q\Applications\USB_Device\CDC_Standalone\EWARM\NUCLEO-U575ZI-Q\Obj\USB-PD_16088497327023206971.dir\usbpd_usb_if.o
#        C:\Users\Irdatlanka\Desktop\Irdatlanka-STM32U5_CoreMW_CDC_koncz_board\Middlewares\ST\STM32_USBPD_Library\Core\lib\USBPDCORE_NOPD_CM0PLUS_wc32.a
#        --printf_multibytes --scanf_multibytes --no_out_extension -o
#        C:\Users\Irdatlanka\Desktop\Irdatlanka-STM32U5_CoreMW_CDC_koncz_board\Projects\NUCLEO-U575ZI-Q\Applications\USB_Device\CDC_Standalone\EWARM\NUCLEO-U575ZI-Q\Exe\Project.out
#        --map
#        C:\Users\Irdatlanka\Desktop\Irdatlanka-STM32U5_CoreMW_CDC_koncz_board\Projects\NUCLEO-U575ZI-Q\Applications\USB_Device\CDC_Standalone\EWARM\NUCLEO-U575ZI-Q\List\Project.map
#        --config
#        C:\Users\Irdatlanka\Desktop\Irdatlanka-STM32U5_CoreMW_CDC_koncz_board\Projects\NUCLEO-U575ZI-Q\Applications\USB_Device\CDC_Standalone\EWARM\stm32u575xx_flash.icf
#        --semihosting --entry __iar_program_start --vfe --text_out locale
#        --cpu=Cortex-M33.no_dsp.no_se --fpu=VFPv5_sp) --dependencies=n
#        C:\Users\Irdatlanka\Desktop\Irdatlanka-STM32U5_CoreMW_CDC_koncz_board\Projects\NUCLEO-U575ZI-Q\Applications\USB_Device\CDC_Standalone\EWARM\NUCLEO-U575ZI-Q\Exe\Project.out.iar_deps
#
###############################################################################

*******************************************************************************
*** RUNTIME MODEL ATTRIBUTES
***

CppFlavor       = *
__CPP_Runtime   = 1
__Heap_Handler  = NoFree
__SystemLibrary = DLib
__dlib_version  = 6


*******************************************************************************
*** HEAP SELECTION
***

The no free heap was selected because no calls to memory
deallocation functions were found in the application.


*******************************************************************************
*** PLACEMENT SUMMARY
***

"A0":  place at address 0x800'0000 { ro section .intvec };
"P1":  place in [from 0x800'0000 to 0x81f'ffff] { ro };
define block CSTACK with size = 1K, alignment = 8 { };
define block HEAP with size = 512, alignment = 8 { };
"P2":  place in [from 0x2000'0000 to 0x200b'ffff] {
          rw, block CSTACK, block HEAP };
initialize by copy { rw };

  Section            Kind         Address    Size  Object
  -------            ----         -------    ----  ------
"A0":                                       0x238
  .intvec            ro code   0x800'0000   0x238  startup_stm32u575xx.o [7]
                             - 0x800'0238   0x238

"P1":                                      0x9660
  .text              ro code   0x800'0238  0x19fc  stm32u5xx_hal_rcc_ex.o [8]
  .text              ro code   0x800'1c34     0xc  stm32u5xx_hal.o [8]
  .text              ro code   0x800'1c40  0x11ac  stm32u5xx_hal_rcc.o [8]
  .text              ro code   0x800'2dec    0x58  stm32u5xx_hal.o [8]
  .text              ro code   0x800'2e44    0xd0  stm32u5xx_hal_pwr_ex.o [8]
  .text              ro code   0x800'2f14   0x158  stm32u5xx_hal_cortex.o [8]
  .text              ro code   0x800'306c  0x1336  stm32u5xx_hal_adc.o [8]
  .text              ro code   0x800'43a2    0x2a  copy_init3.o [16]
  .text              ro code   0x800'43cc    0x5c  stm32u5xx_hal.o [8]
  .text              ro code   0x800'4428   0x20c  stm32u5xx_hal_msp.o [5]
  .text              ro code   0x800'4634   0x2dc  stm32u5xx_hal_gpio.o [8]
  .text              ro code   0x800'4910   0x864  stm32u5xx_hal_dma.o [8]
  .text              ro code   0x800'5174    0x66  ABImemset.o [16]
  .text              ro code   0x800'51da     0x2  stm32u5xx_hal_adc.o [8]
  .text              ro code   0x800'51dc   0x3f4  main.o [5]
  .text              ro code   0x800'55d0   0x290  seahorse.o [10]
  .text              ro code   0x800'5860   0x28a  usbd_conf.o [11]
  .text              ro code   0x800'5aea     0x2  stm32u5xx_hal_adc.o [8]
  .text              ro code   0x800'5aec    0x34  stm32u5xx_hal_icache.o [8]
  .text              ro code   0x800'5b20   0x2b2  stm32u5xx_hal_spi.o [8]
  .text              ro code   0x800'5dd2     0x2  stm32u5xx_hal_adc.o [8]
  .text              ro code   0x800'5dd4    0x54  stm32u5xx_hal_spi_ex.o [8]
  .text              ro code   0x800'5e28   0x908  stm32u5xx_hal_uart.o [8]
  .text              ro code   0x800'6730   0x170  stm32u5xx_hal_uart_ex.o [8]
  .text              ro code   0x800'68a0   0x3ba  usbd_core.o [6]
  .text              ro code   0x800'6c5a     0x2  stm32u5xx_hal_adc.o [8]
  .text              ro code   0x800'6c5c   0xaf0  stm32u5xx_hal_pcd.o [8]
  .text              ro code   0x800'774c     0x2  stm32u5xx_hal_spi.o [8]
  .text              ro code   0x800'774e     0x2  stm32u5xx_hal_adc_ex.o [8]
  .text              ro code   0x800'7750    0x8c  usbd_cdc_if.o [1]
  .text              ro code   0x800'77dc     0x2  stm32u5xx_hal_uart.o [8]
  .text              ro code   0x800'77de     0x2  stm32u5xx_hal_uart_ex.o [8]
  .text              ro code   0x800'77e0     0x2  stm32u5xx_hal_uart_ex.o [8]
  .text              ro code   0x800'77e2     0x2  stm32u5xx_hal_adc_ex.o [8]
  .text              ro code   0x800'77e4   0x230  I64DivMod.o [16]
  .text              ro code   0x800'7a14   0x830  usbd_ctlreq.o [6]
  .text              ro code   0x800'8244    0x86  usbd_ioreq.o [6]
  .text              ro code   0x800'82ca     0x2  stm32u5xx_hal_adc_ex.o [8]
  .text              ro code   0x800'82cc   0xac4  stm32u5xx_ll_usb.o [8]
  .text              ro code   0x800'8d90     0x2  stm32u5xx_hal_pcd_ex.o [8]
  .text              ro code   0x800'8d92     0x2  stm32u5xx_hal_adc_ex.o [8]
  .text              ro code   0x800'8d94    0xa0  usbd_cdc.o [2]
  .text              ro code   0x800'8e34     0x2  I64DivZer.o [16]
  .text              ro code   0x800'8e36     0x2  stm32u5xx_hal_adc_ex.o [8]
  .text              ro code   0x800'8e38   0x330  usbpd_hw_if_it.o [9]
  .text              ro code   0x800'9168   0x20c  stm32u5xx_hal_tim.o [8]
  .text              ro code   0x800'9374     0x2  stm32u5xx_hal_tim.o [8]
  .text              ro code   0x800'9376     0x2  stm32u5xx_hal_tim.o [8]
  .text              ro code   0x800'9378     0x2  stm32u5xx_hal_tim.o [8]
  .text              ro code   0x800'937a     0x2  stm32u5xx_hal_tim_ex.o [8]
  .text              ro code   0x800'937c     0x2  stm32u5xx_hal_tim_ex.o [8]
  .text              ro code   0x800'937e     0x2  stm32u5xx_hal_tim.o [8]
  .text              ro code   0x800'9380     0x2  stm32u5xx_hal_tim_ex.o [8]
  .text              ro code   0x800'9382     0x2  stm32u5xx_hal_tim_ex.o [8]
  .text              ro code   0x800'9384     0x2  stm32u5xx_hal_tim_ex.o [8]
  .text              ro code   0x800'9386     0x2  stm32u5xx_hal_tim_ex.o [8]
  .text              ro code   0x800'9388     0x2  stm32u5xx_hal_tim_ex.o [8]
  .rodata            const     0x800'938c    0x80  stm32u5xx_hal_gpio.o [8]
  .text              ro code   0x800'940c    0x6c  system_stm32u5xx.o [3]
  .text              ro code   0x800'9478    0x58  stm32u5xx_it.o [5]
  .text              ro code   0x800'94d0    0x18  stm32u5xx_hal.o [8]
  .rodata            const     0x800'94e8    0x40  system_stm32u5xx.o [3]
  .text              ro code   0x800'9528    0x38  zero_init3.o [16]
  .text              ro code   0x800'9560    0x28  data_init.o [16]
  .text              ro code   0x800'9588    0x22  fpinit_M.o [15]
  .iar.init_table    const     0x800'95ac    0x24  - Linker created -
  .text              ro code   0x800'95d0    0x1e  cmain.o [16]
  .text              ro code   0x800'95ee     0x4  low_level_init.o [14]
  .text              ro code   0x800'95f2     0x4  exit.o [14]
  .text              ro code   0x800'95f8     0xa  cexit.o [16]
  .text              ro code   0x800'9604    0x14  exit.o [17]
  Initializer bytes  const     0x800'9618    0x20  <for P2-1>
  .text              ro code   0x800'9638    0x1c  cstartup_M.o [16]
  .rodata            const     0x800'9654    0x18  stm32u5xx_hal_uart.o [8]
  .rodata            const     0x800'966c    0x10  system_stm32u5xx.o [3]
  .text              ro code   0x800'967c    0x10  startup_stm32u575xx.o [7]
  .rodata            const     0x800'968c     0xc  seahorse.o [10]
  .rodata            const     0x800'9698     0x8  stm32u5xx_hal_uart_ex.o [8]
  .rodata            const     0x800'96a0     0x8  stm32u5xx_hal_uart_ex.o [8]
  .rodata            const     0x800'96a8     0x8  system_stm32u5xx.o [3]
  .text              ro code   0x800'96b0     0x4  startup_stm32u575xx.o [7]
  .text              ro code   0x800'96b4     0x4  startup_stm32u575xx.o [7]
  .text              ro code   0x800'96b8     0x4  startup_stm32u575xx.o [7]
  .text              ro code   0x800'96bc     0x4  startup_stm32u575xx.o [7]
  .text              ro code   0x800'96c0     0x4  startup_stm32u575xx.o [7]
  .text              ro code   0x800'96c4     0x4  startup_stm32u575xx.o [7]
  .text              ro code   0x800'96c8     0x4  startup_stm32u575xx.o [7]
  .text              ro code   0x800'96cc     0x4  startup_stm32u575xx.o [7]
  .text              ro code   0x800'96d0     0x4  startup_stm32u575xx.o [7]
  .text              ro code   0x800'96d4     0x4  startup_stm32u575xx.o [7]
  .text              ro code   0x800'96d8     0x4  startup_stm32u575xx.o [7]
  .text              ro code   0x800'96dc     0x4  startup_stm32u575xx.o [7]
  .text              ro code   0x800'96e0     0x4  startup_stm32u575xx.o [7]
  .text              ro code   0x800'96e4     0x4  startup_stm32u575xx.o [7]
  .text              ro code   0x800'96e8     0x4  startup_stm32u575xx.o [7]
  .text              ro code   0x800'96ec     0x4  startup_stm32u575xx.o [7]
  .text              ro code   0x800'96f0     0x4  startup_stm32u575xx.o [7]
  .text              ro code   0x800'96f4     0x4  startup_stm32u575xx.o [7]
  .text              ro code   0x800'96f8     0x4  startup_stm32u575xx.o [7]
  .text              ro code   0x800'96fc     0x4  startup_stm32u575xx.o [7]
  .text              ro code   0x800'9700     0x4  startup_stm32u575xx.o [7]
  .text              ro code   0x800'9704     0x4  startup_stm32u575xx.o [7]
  .text              ro code   0x800'9708     0x4  startup_stm32u575xx.o [7]
  .text              ro code   0x800'970c     0x4  startup_stm32u575xx.o [7]
  .text              ro code   0x800'9710     0x4  startup_stm32u575xx.o [7]
  .text              ro code   0x800'9714     0x4  startup_stm32u575xx.o [7]
  .text              ro code   0x800'9718     0x4  startup_stm32u575xx.o [7]
  .text              ro code   0x800'971c     0x4  startup_stm32u575xx.o [7]
  .text              ro code   0x800'9720     0x4  startup_stm32u575xx.o [7]
  .text              ro code   0x800'9724     0x4  startup_stm32u575xx.o [7]
  .text              ro code   0x800'9728     0x4  startup_stm32u575xx.o [7]
  .text              ro code   0x800'972c     0x4  startup_stm32u575xx.o [7]
  .text              ro code   0x800'9730     0x4  startup_stm32u575xx.o [7]
  .text              ro code   0x800'9734     0x4  startup_stm32u575xx.o [7]
  .text              ro code   0x800'9738     0x4  startup_stm32u575xx.o [7]
  .text              ro code   0x800'973c     0x4  startup_stm32u575xx.o [7]
  .text              ro code   0x800'9740     0x4  startup_stm32u575xx.o [7]
  .text              ro code   0x800'9744     0x4  startup_stm32u575xx.o [7]
  .text              ro code   0x800'9748     0x4  startup_stm32u575xx.o [7]
  .text              ro code   0x800'974c     0x4  startup_stm32u575xx.o [7]
  .text              ro code   0x800'9750     0x4  startup_stm32u575xx.o [7]
  .text              ro code   0x800'9754     0x4  startup_stm32u575xx.o [7]
  .text              ro code   0x800'9758     0x4  startup_stm32u575xx.o [7]
  .text              ro code   0x800'975c     0x4  startup_stm32u575xx.o [7]
  .text              ro code   0x800'9760     0x4  startup_stm32u575xx.o [7]
  .text              ro code   0x800'9764     0x4  startup_stm32u575xx.o [7]
  .text              ro code   0x800'9768     0x4  startup_stm32u575xx.o [7]
  .text              ro code   0x800'976c     0x4  startup_stm32u575xx.o [7]
  .text              ro code   0x800'9770     0x4  startup_stm32u575xx.o [7]
  .text              ro code   0x800'9774     0x4  startup_stm32u575xx.o [7]
  .text              ro code   0x800'9778     0x4  startup_stm32u575xx.o [7]
  .text              ro code   0x800'977c     0x4  startup_stm32u575xx.o [7]
  .text              ro code   0x800'9780     0x4  startup_stm32u575xx.o [7]
  .text              ro code   0x800'9784     0x4  startup_stm32u575xx.o [7]
  .text              ro code   0x800'9788     0x4  startup_stm32u575xx.o [7]
  .text              ro code   0x800'978c     0x4  startup_stm32u575xx.o [7]
  .text              ro code   0x800'9790     0x4  startup_stm32u575xx.o [7]
  .text              ro code   0x800'9794     0x4  startup_stm32u575xx.o [7]
  .text              ro code   0x800'9798     0x4  startup_stm32u575xx.o [7]
  .text              ro code   0x800'979c     0x4  startup_stm32u575xx.o [7]
  .text              ro code   0x800'97a0     0x4  startup_stm32u575xx.o [7]
  .text              ro code   0x800'97a4     0x4  startup_stm32u575xx.o [7]
  .text              ro code   0x800'97a8     0x4  startup_stm32u575xx.o [7]
  .text              ro code   0x800'97ac     0x4  startup_stm32u575xx.o [7]
  .text              ro code   0x800'97b0     0x4  startup_stm32u575xx.o [7]
  .text              ro code   0x800'97b4     0x4  startup_stm32u575xx.o [7]
  .text              ro code   0x800'97b8     0x4  startup_stm32u575xx.o [7]
  .text              ro code   0x800'97bc     0x4  startup_stm32u575xx.o [7]
  .text              ro code   0x800'97c0     0x4  startup_stm32u575xx.o [7]
  .text              ro code   0x800'97c4     0x4  startup_stm32u575xx.o [7]
  .text              ro code   0x800'97c8     0x4  startup_stm32u575xx.o [7]
  .text              ro code   0x800'97cc     0x4  startup_stm32u575xx.o [7]
  .text              ro code   0x800'97d0     0x4  startup_stm32u575xx.o [7]
  .text              ro code   0x800'97d4     0x4  startup_stm32u575xx.o [7]
  .text              ro code   0x800'97d8     0x4  startup_stm32u575xx.o [7]
  .text              ro code   0x800'97dc     0x4  startup_stm32u575xx.o [7]
  .text              ro code   0x800'97e0     0x4  startup_stm32u575xx.o [7]
  .text              ro code   0x800'97e4     0x4  startup_stm32u575xx.o [7]
  .text              ro code   0x800'97e8     0x4  startup_stm32u575xx.o [7]
  .text              ro code   0x800'97ec     0x4  startup_stm32u575xx.o [7]
  .text              ro code   0x800'97f0     0x4  startup_stm32u575xx.o [7]
  .text              ro code   0x800'97f4     0x4  startup_stm32u575xx.o [7]
  .text              ro code   0x800'97f8     0x4  startup_stm32u575xx.o [7]
  .text              ro code   0x800'97fc     0x4  startup_stm32u575xx.o [7]
  .text              ro code   0x800'9800     0x4  startup_stm32u575xx.o [7]
  .text              ro code   0x800'9804     0x4  startup_stm32u575xx.o [7]
  .text              ro code   0x800'9808     0x4  startup_stm32u575xx.o [7]
  .text              ro code   0x800'980c     0x4  startup_stm32u575xx.o [7]
  .text              ro code   0x800'9810     0x4  startup_stm32u575xx.o [7]
  .text              ro code   0x800'9814     0x4  startup_stm32u575xx.o [7]
  .text              ro code   0x800'9818     0x4  startup_stm32u575xx.o [7]
  .text              ro code   0x800'981c     0x4  startup_stm32u575xx.o [7]
  .text              ro code   0x800'9820     0x4  startup_stm32u575xx.o [7]
  .text              ro code   0x800'9824     0x4  startup_stm32u575xx.o [7]
  .text              ro code   0x800'9828     0x4  startup_stm32u575xx.o [7]
  .text              ro code   0x800'982c     0x4  startup_stm32u575xx.o [7]
  .text              ro code   0x800'9830     0x4  startup_stm32u575xx.o [7]
  .text              ro code   0x800'9834     0x4  startup_stm32u575xx.o [7]
  .text              ro code   0x800'9838     0x4  startup_stm32u575xx.o [7]
  .text              ro code   0x800'983c     0x4  startup_stm32u575xx.o [7]
  .text              ro code   0x800'9840     0x4  startup_stm32u575xx.o [7]
  .text              ro code   0x800'9844     0x4  startup_stm32u575xx.o [7]
  .text              ro code   0x800'9848     0x4  startup_stm32u575xx.o [7]
  .text              ro code   0x800'984c     0x4  startup_stm32u575xx.o [7]
  .text              ro code   0x800'9850     0x4  startup_stm32u575xx.o [7]
  .text              ro code   0x800'9854     0x4  startup_stm32u575xx.o [7]
  .text              ro code   0x800'9858     0x4  startup_stm32u575xx.o [7]
  .text              ro code   0x800'985c     0x4  startup_stm32u575xx.o [7]
  .text              ro code   0x800'9860     0x4  startup_stm32u575xx.o [7]
  .text              ro code   0x800'9864     0x4  startup_stm32u575xx.o [7]
  .text              ro code   0x800'9868     0x4  startup_stm32u575xx.o [7]
  .text              ro code   0x800'986c     0x4  startup_stm32u575xx.o [7]
  .text              ro code   0x800'9870     0x4  startup_stm32u575xx.o [7]
  .text              ro code   0x800'9874     0x4  startup_stm32u575xx.o [7]
  .text              ro code   0x800'9878     0x4  startup_stm32u575xx.o [7]
  .text              ro code   0x800'987c     0x4  startup_stm32u575xx.o [7]
  .text              ro code   0x800'9880     0x4  startup_stm32u575xx.o [7]
  .text              ro code   0x800'9884     0x4  startup_stm32u575xx.o [7]
  .text              ro code   0x800'9888     0x4  startup_stm32u575xx.o [7]
  .text              ro code   0x800'988c     0x4  startup_stm32u575xx.o [7]
  .text              ro code   0x800'9890     0x4  startup_stm32u575xx.o [7]
  .text              ro code   0x800'9894     0x4  startup_stm32u575xx.o [7]
  .rodata            const     0x800'9898     0x0  zero_init3.o [16]
  .rodata            const     0x800'9898     0x0  copy_init3.o [16]
                             - 0x800'9898  0x9660

"P2", part 1 of 3:                           0x20
  P2-1                        0x2000'0000    0x1d  <Init block>
    .data            inited   0x2000'0000    0x14  seahorse.o [10]
    .data            inited   0x2000'0014     0x4  stm32u5xx_hal.o [8]
    .data            inited   0x2000'0018     0x4  system_stm32u5xx.o [3]
    .data            inited   0x2000'001c     0x1  stm32u5xx_hal.o [8]
                            - 0x2000'001d    0x1d

"P2", part 2 of 3:                         0x124c
  .bss               zero     0x2000'0020   0x800  usbd_cdc_if.o [1]
  .bss               zero     0x2000'0820   0x408  usbd_conf.o [11]
  .bss               zero     0x2000'0c28   0x2d0  usb_device.o [1]
  .bss               zero     0x2000'0ef8    0xb8  seahorse.o [10]
  .bss               zero     0x2000'0fb0    0x90  main.o [5]
  .bss               zero     0x2000'1040    0x90  main.o [5]
  .bss               zero     0x2000'10d0    0x90  usbd_cdc_if.o [1]
  .bss               zero     0x2000'1160    0x78  stm32u5xx_hal_msp.o [5]
  .bss               zero     0x2000'11d8    0x4c  usbd_cdc_if.o [1]
  .bss               zero     0x2000'1224    0x38  usbpd_phy_hw_if.o [9]
  .bss               zero     0x2000'125c     0x4  stm32u5xx_hal.o [8]
  .bss               zero     0x2000'1260     0x4  usbd_cdc_if.o [1]
  .bss               zero     0x2000'1264     0x4  usbd_cdc_if.o [1]
  .bss               zero     0x2000'1268     0x1  usbd_ctlreq.o [6]
  .bss               zero     0x2000'1269     0x1  usbpd_hw_if_it.o [9]
                            - 0x2000'126a  0x124a

"P2", part 3 of 3:                          0x400
  CSTACK                      0x2000'1270   0x400  <Block>
    CSTACK           uninit   0x2000'1270   0x400  <Block tail>
                            - 0x2000'1670   0x400

Unused ranges:

         From           To       Size
         ----           --       ----
   0x800'9898   0x81f'ffff  0x1f'6768
  0x2000'126c  0x2000'126f        0x4
  0x2000'1670  0x200b'ffff   0xb'e990


*******************************************************************************
*** INIT TABLE
***

          Address      Size
          -------      ----
Zero (__iar_zero_init3)
    1 destination range, total size 0x124a:
          0x2000'0020  0x124a

Copy (__iar_copy_init3)
    1 source range, total size 0x20 (110% of destination):
           0x800'9618    0x20
    1 destination range, total size 0x1d:
          0x2000'0000    0x1d



*******************************************************************************
*** MODULE SUMMARY
***

    Module                   ro code  ro data  rw data
    ------                   -------  -------  -------
command line/config:
    --------------------------------------------------
    Total:

C:\Users\Irdatlanka\Desktop\Irdatlanka-STM32U5_CoreMW_CDC_koncz_board\Projects\NUCLEO-U575ZI-Q\Applications\USB_Device\CDC_Standalone\EWARM\NUCLEO-U575ZI-Q\Obj\App_6612947199827748718.dir: [1]
    usb_device.o                                   720
    usbd_cdc_if.o                140             2'276
    --------------------------------------------------
    Total:                       140             2'996

C:\Users\Irdatlanka\Desktop\Irdatlanka-STM32U5_CoreMW_CDC_koncz_board\Projects\NUCLEO-U575ZI-Q\Applications\USB_Device\CDC_Standalone\EWARM\NUCLEO-U575ZI-Q\Obj\CDC_16681379477064853705.dir: [2]
    usbd_cdc.o                   160
    --------------------------------------------------
    Total:                       160

C:\Users\Irdatlanka\Desktop\Irdatlanka-STM32U5_CoreMW_CDC_koncz_board\Projects\NUCLEO-U575ZI-Q\Applications\USB_Device\CDC_Standalone\EWARM\NUCLEO-U575ZI-Q\Obj\CMSIS_6603591812247902717.dir: [3]
    system_stm32u5xx.o           108       92        4
    --------------------------------------------------
    Total:                       108       92        4

C:\Users\Irdatlanka\Desktop\Irdatlanka-STM32U5_CoreMW_CDC_koncz_board\Projects\NUCLEO-U575ZI-Q\Applications\USB_Device\CDC_Standalone\EWARM\NUCLEO-U575ZI-Q\Obj\Components_1361118596739929299.dir: [4]
    --------------------------------------------------
    Total:

C:\Users\Irdatlanka\Desktop\Irdatlanka-STM32U5_CoreMW_CDC_koncz_board\Projects\NUCLEO-U575ZI-Q\Applications\USB_Device\CDC_Standalone\EWARM\NUCLEO-U575ZI-Q\Obj\Core_13247989168731456611.dir: [5]
    main.o                     1'012               288
    stm32u5xx_hal_msp.o          524               120
    stm32u5xx_it.o                88
    --------------------------------------------------
    Total:                     1'624               408

C:\Users\Irdatlanka\Desktop\Irdatlanka-STM32U5_CoreMW_CDC_koncz_board\Projects\NUCLEO-U575ZI-Q\Applications\USB_Device\CDC_Standalone\EWARM\NUCLEO-U575ZI-Q\Obj\Core_9232119672538125435.dir: [6]
    usbd_core.o                  954
    usbd_ctlreq.o              2'096                 1
    usbd_ioreq.o                 134
    --------------------------------------------------
    Total:                     3'184                 1

C:\Users\Irdatlanka\Desktop\Irdatlanka-STM32U5_CoreMW_CDC_koncz_board\Projects\NUCLEO-U575ZI-Q\Applications\USB_Device\CDC_Standalone\EWARM\NUCLEO-U575ZI-Q\Obj\EWARM_18443280873093131863.dir: [7]
    startup_stm32u575xx.o      1'072
    --------------------------------------------------
    Total:                     1'072

C:\Users\Irdatlanka\Desktop\Irdatlanka-STM32U5_CoreMW_CDC_koncz_board\Projects\NUCLEO-U575ZI-Q\Applications\USB_Device\CDC_Standalone\EWARM\NUCLEO-U575ZI-Q\Obj\STM32U5xx_HAL_Driver_18077472236357910042.dir: [8]
    stm32u5xx_hal.o              216        5        9
    stm32u5xx_hal_adc.o        4'926
    stm32u5xx_hal_adc_ex.o        10
    stm32u5xx_hal_cortex.o       344
    stm32u5xx_hal_dma.o        2'148
    stm32u5xx_hal_gpio.o         732      128
    stm32u5xx_hal_icache.o        52
    stm32u5xx_hal_pcd.o        2'800
    stm32u5xx_hal_pcd_ex.o         2
    stm32u5xx_hal_pwr_ex.o       208
    stm32u5xx_hal_rcc.o        4'524
    stm32u5xx_hal_rcc_ex.o     6'652
    stm32u5xx_hal_spi.o          692
    stm32u5xx_hal_spi_ex.o        84
    stm32u5xx_hal_tim.o          532
    stm32u5xx_hal_tim_ex.o        14
    stm32u5xx_hal_uart.o       2'314       24
    stm32u5xx_hal_uart_ex.o      372       16
    stm32u5xx_ll_usb.o         2'756
    --------------------------------------------------
    Total:                    29'378      173        9

C:\Users\Irdatlanka\Desktop\Irdatlanka-STM32U5_CoreMW_CDC_koncz_board\Projects\NUCLEO-U575ZI-Q\Applications\USB_Device\CDC_Standalone\EWARM\NUCLEO-U575ZI-Q\Obj\STM32_USBPD_Library_10637878860516305910.dir: [9]
    usbpd_hw_if_it.o             816                 1
    usbpd_phy_hw_if.o                               56
    --------------------------------------------------
    Total:                       816                57

C:\Users\Irdatlanka\Desktop\Irdatlanka-STM32U5_CoreMW_CDC_koncz_board\Projects\NUCLEO-U575ZI-Q\Applications\USB_Device\CDC_Standalone\EWARM\NUCLEO-U575ZI-Q\Obj\Seahorse_v1_13032176894571403394.dir: [10]
    seahorse.o                   656       32      204
    --------------------------------------------------
    Total:                       656       32      204

C:\Users\Irdatlanka\Desktop\Irdatlanka-STM32U5_CoreMW_CDC_koncz_board\Projects\NUCLEO-U575ZI-Q\Applications\USB_Device\CDC_Standalone\EWARM\NUCLEO-U575ZI-Q\Obj\Target_14167004246567845465.dir: [11]
    usbd_conf.o                  650             1'032
    --------------------------------------------------
    Total:                       650             1'032

C:\Users\Irdatlanka\Desktop\Irdatlanka-STM32U5_CoreMW_CDC_koncz_board\Projects\NUCLEO-U575ZI-Q\Applications\USB_Device\CDC_Standalone\EWARM\NUCLEO-U575ZI-Q\Obj\USB-PD_16088497327023206971.dir: [12]
    --------------------------------------------------
    Total:

USBPDCORE_NOPD_CM0PLUS_wc32.a: [13]
    --------------------------------------------------
    Total:

dl7M_tlf.a: [14]
    exit.o                         4
    low_level_init.o               4
    --------------------------------------------------
    Total:                         8

m7M_tls.a: [15]
    fpinit_M.o                    34
    --------------------------------------------------
    Total:                        34

rt7M_tl.a: [16]
    ABImemset.o                  102
    I64DivMod.o                  560
    I64DivZer.o                    2
    cexit.o                       10
    cmain.o                       30
    copy_init3.o                  42
    cstartup_M.o                  28
    data_init.o                   40
    zero_init3.o                  56
    --------------------------------------------------
    Total:                       870

shb_l.a: [17]
    exit.o                        20
    --------------------------------------------------
    Total:                        20

    Gaps                           4        4
    Linker created                         39    1'024
------------------------------------------------------
    Grand Total:              38'724      340    5'735


*******************************************************************************
*** ENTRY LIST
***

Entry                       Address   Size  Type      Object
-----                       -------   ----  ----      ------
.iar.init_table$$Base    0x800'95ac          --   Gb  - Linker created -
.iar.init_table$$Limit   0x800'95d0          --   Gb  - Linker created -
?main                    0x800'95d1         Code  Gb  cmain.o [16]
ADC1_IRQHandler          0x800'9745         Code  Wk  startup_stm32u575xx.o [7]
ADC4_IRQHandler          0x800'9865         Code  Wk  startup_stm32u575xx.o [7]
ADC_ConversionStop       0x800'414d  0x102  Code  Gb  stm32u5xx_hal_adc.o [8]
ADC_Disable              0x800'4323   0x80  Code  Gb  stm32u5xx_hal_adc.o [8]
ADC_Enable               0x800'42a1   0x82  Code  Gb  stm32u5xx_hal_adc.o [8]
ADF1_IRQHandler          0x800'9861         Code  Wk  startup_stm32u575xx.o [7]
AES_IRQHandler           0x800'9819         Code  Wk  startup_stm32u575xx.o [7]
AHBPrescTable            0x800'966c   0x10  Data  Gb  system_stm32u5xx.o [3]
APBPrescTable            0x800'96a8    0x8  Data  Gb  system_stm32u5xx.o [3]
BSP_ADC1_Select_CH15     0x800'577d   0x42  Code  Gb  seahorse.o [10]
BSP_ADC1_Select_CH16     0x800'57bf   0x42  Code  Gb  seahorse.o [10]
BSP_ADC1_Select_CH17     0x800'5801   0x42  Code  Gb  seahorse.o [10]
BSP_Init_ADC1            0x800'5717   0x66  Code  Gb  seahorse.o [10]
BSP_LED_Off              0x800'5625   0x54  Code  Gb  seahorse.o [10]
BSP_LED_On               0x800'55d1   0x54  Code  Gb  seahorse.o [10]
BSP_LedTest              0x800'5679   0x9e  Code  Gb  seahorse.o [10]
BusFault_Handler         0x800'947f    0x2  Code  Gb  stm32u5xx_it.o [5]
CACHE_Enable             0x800'534d    0xe  Code  Lc  main.o [5]
COMP_IRQHandler          0x800'97c9         Code  Wk  startup_stm32u575xx.o [7]
CORDIC_IRQHandler        0x800'988d         Code  Wk  startup_stm32u575xx.o [7]
CRS_IRQHandler           0x800'97cd         Code  Wk  startup_stm32u575xx.o [7]
CSTACK$$Base            0x2000'1270          --   Gb  - Linker created -
CSTACK$$Limit           0x2000'1670          --   Gb  - Linker created -
DAC1_IRQHandler          0x800'9749         Code  Wk  startup_stm32u575xx.o [7]
DCACHE1_IRQHandler       0x800'985d         Code  Wk  startup_stm32u575xx.o [7]
DCMI_PSSI_IRQHandler     0x800'987d         Code  Wk  startup_stm32u575xx.o [7]
DMA2D_IRQHandler         0x800'9879         Code  Wk  startup_stm32u575xx.o [7]
DMA_Init                 0x800'4dbd  0x394  Code  Lc  stm32u5xx_hal_dma.o [8]
DebugMon_Handler         0x800'9485    0x2  Code  Gb  stm32u5xx_it.o [5]
EXTI0_IRQHandler         0x800'96e1         Code  Wk  startup_stm32u575xx.o [7]
EXTI10_IRQHandler        0x800'9709         Code  Wk  startup_stm32u575xx.o [7]
EXTI11_IRQHandler        0x800'970d         Code  Wk  startup_stm32u575xx.o [7]
EXTI12_IRQHandler        0x800'9711         Code  Wk  startup_stm32u575xx.o [7]
EXTI13_IRQHandler        0x800'9715         Code  Wk  startup_stm32u575xx.o [7]
EXTI14_IRQHandler        0x800'9719         Code  Wk  startup_stm32u575xx.o [7]
EXTI15_IRQHandler        0x800'971d         Code  Wk  startup_stm32u575xx.o [7]
EXTI1_IRQHandler         0x800'96e5         Code  Wk  startup_stm32u575xx.o [7]
EXTI2_IRQHandler         0x800'96e9         Code  Wk  startup_stm32u575xx.o [7]
EXTI3_IRQHandler         0x800'96ed         Code  Wk  startup_stm32u575xx.o [7]
EXTI4_IRQHandler         0x800'96f1         Code  Wk  startup_stm32u575xx.o [7]
EXTI5_IRQHandler         0x800'96f5         Code  Wk  startup_stm32u575xx.o [7]
EXTI6_IRQHandler         0x800'96f9         Code  Wk  startup_stm32u575xx.o [7]
EXTI7_IRQHandler         0x800'96fd         Code  Wk  startup_stm32u575xx.o [7]
EXTI8_IRQHandler         0x800'9701         Code  Wk  startup_stm32u575xx.o [7]
EXTI9_IRQHandler         0x800'9705         Code  Wk  startup_stm32u575xx.o [7]
Error_Handler            0x800'559b    0xe  Code  Gb  main.o [5]
Error_Handler            0x800'77db    0x2  Code  Lc  usbd_cdc_if.o [1]
FDCAN1_IT0_IRQHandler    0x800'974d         Code  Wk  startup_stm32u575xx.o [7]
FDCAN1_IT1_IRQHandler    0x800'9751         Code  Wk  startup_stm32u575xx.o [7]
FLASH_IRQHandler         0x800'96cd         Code  Wk  startup_stm32u575xx.o [7]
FLASH_S_IRQHandler       0x800'96d1         Code  Wk  startup_stm32u575xx.o [7]
FMAC_IRQHandler          0x800'9891         Code  Wk  startup_stm32u575xx.o [7]
FMC_IRQHandler           0x800'97d1         Code  Wk  startup_stm32u575xx.o [7]
FPU_IRQHandler           0x800'9821         Code  Wk  startup_stm32u575xx.o [7]
GPDMA1_Channel0_IRQHandler
                         0x800'94a3    0xc  Code  Gb  stm32u5xx_it.o [5]
GPDMA1_Channel10_IRQHandler
                         0x800'97ed         Code  Wk  startup_stm32u575xx.o [7]
GPDMA1_Channel11_IRQHandler
                         0x800'97f1         Code  Wk  startup_stm32u575xx.o [7]
GPDMA1_Channel12_IRQHandler
                         0x800'97f5         Code  Wk  startup_stm32u575xx.o [7]
GPDMA1_Channel13_IRQHandler
                         0x800'97f9         Code  Wk  startup_stm32u575xx.o [7]
GPDMA1_Channel14_IRQHandler
                         0x800'97fd         Code  Wk  startup_stm32u575xx.o [7]
GPDMA1_Channel15_IRQHandler
                         0x800'9801         Code  Wk  startup_stm32u575xx.o [7]
GPDMA1_Channel1_IRQHandler
                         0x800'9729         Code  Wk  startup_stm32u575xx.o [7]
GPDMA1_Channel2_IRQHandler
                         0x800'972d         Code  Wk  startup_stm32u575xx.o [7]
GPDMA1_Channel3_IRQHandler
                         0x800'9731         Code  Wk  startup_stm32u575xx.o [7]
GPDMA1_Channel4_IRQHandler
                         0x800'9735         Code  Wk  startup_stm32u575xx.o [7]
GPDMA1_Channel5_IRQHandler
                         0x800'9739         Code  Wk  startup_stm32u575xx.o [7]
GPDMA1_Channel6_IRQHandler
                         0x800'973d         Code  Wk  startup_stm32u575xx.o [7]
GPDMA1_Channel7_IRQHandler
                         0x800'9741         Code  Wk  startup_stm32u575xx.o [7]
GPDMA1_Channel8_IRQHandler
                         0x800'97e5         Code  Wk  startup_stm32u575xx.o [7]
GPDMA1_Channel9_IRQHandler
                         0x800'97e9         Code  Wk  startup_stm32u575xx.o [7]
GTZC_IRQHandler          0x800'96d5         Code  Wk  startup_stm32u575xx.o [7]
HAL_ADCEx_EndOfSamplingCallback
                         0x800'8e37    0x2  Code  Wk  stm32u5xx_hal_adc_ex.o [8]
HAL_ADCEx_InjectedConvCpltCallback
                         0x800'774f    0x2  Code  Wk  stm32u5xx_hal_adc_ex.o [8]
HAL_ADCEx_InjectedQueueOverflowCallback
                         0x800'77e3    0x2  Code  Wk  stm32u5xx_hal_adc_ex.o [8]
HAL_ADCEx_LevelOutOfWindow2Callback
                         0x800'82cb    0x2  Code  Wk  stm32u5xx_hal_adc_ex.o [8]
HAL_ADCEx_LevelOutOfWindow3Callback
                         0x800'8d93    0x2  Code  Wk  stm32u5xx_hal_adc_ex.o [8]
HAL_ADC_ConfigChannel    0x800'3a6d  0x6da  Code  Gb  stm32u5xx_hal_adc.o [8]
HAL_ADC_ConvCpltCallback
                         0x800'51db    0x2  Code  Wk  stm32u5xx_hal_adc.o [8]
HAL_ADC_ConvHalfCpltCallback
                         0x800'5aeb    0x2  Code  Wk  stm32u5xx_hal_adc.o [8]
HAL_ADC_ErrorCallback    0x800'6c5b    0x2  Code  Wk  stm32u5xx_hal_adc.o [8]
HAL_ADC_GetValue         0x800'3a5d    0x6  Code  Gb  stm32u5xx_hal_adc.o [8]
HAL_ADC_Init             0x800'3315  0x4ba  Code  Gb  stm32u5xx_hal_adc.o [8]
HAL_ADC_LevelOutOfWindowCallback
                         0x800'5dd3    0x2  Code  Wk  stm32u5xx_hal_adc.o [8]
HAL_ADC_MspInit          0x800'4567   0xa4  Code  Gb  stm32u5xx_hal_msp.o [5]
HAL_ADC_PollForConversion
                         0x800'38cd  0x136  Code  Gb  stm32u5xx_hal_adc.o [8]
HAL_ADC_Start            0x800'37d5   0x9c  Code  Gb  stm32u5xx_hal_adc.o [8]
HAL_ADC_Stop             0x800'387d   0x50  Code  Gb  stm32u5xx_hal_adc.o [8]
HAL_DMA_Abort            0x800'4ae9   0xb0  Code  Gb  stm32u5xx_hal_dma.o [8]
HAL_DMA_Abort_IT         0x800'4b99   0x34  Code  Gb  stm32u5xx_hal_dma.o [8]
HAL_DMA_IRQHandler       0x800'4bcd  0x1ee  Code  Gb  stm32u5xx_hal_dma.o [8]
HAL_DMA_Init             0x800'4911  0x1b6  Code  Gb  stm32u5xx_hal_dma.o [8]
HAL_Delay                0x800'5a9d   0x1c  Code  Gb  usbd_conf.o [11]
HAL_GPIO_Init            0x800'4635  0x2a2  Code  Gb  stm32u5xx_hal_gpio.o [8]
HAL_GPIO_WritePin        0x800'48d7   0x18  Code  Gb  stm32u5xx_hal_gpio.o [8]
HAL_GetREVID             0x800'440b    0x8  Code  Gb  stm32u5xx_hal.o [8]
HAL_GetTick              0x800'1c35    0xc  Code  Wk  stm32u5xx_hal.o [8]
HAL_ICACHE_ConfigAssociativityMode
                         0x800'5aed   0x20  Code  Gb  stm32u5xx_hal_icache.o [8]
HAL_ICACHE_Enable        0x800'5b0d    0xe  Code  Gb  stm32u5xx_hal_icache.o [8]
HAL_IncTick              0x800'94d1   0x18  Code  Wk  stm32u5xx_hal.o [8]
HAL_Init                 0x800'43cd   0x3e  Code  Gb  stm32u5xx_hal.o [8]
HAL_InitTick             0x800'2ded   0x58  Code  Wk  stm32u5xx_hal.o [8]
HAL_MspInit              0x800'454b   0x1c  Code  Gb  stm32u5xx_hal_msp.o [5]
HAL_NVIC_EnableIRQ       0x800'3031    0xe  Code  Gb  stm32u5xx_hal_cortex.o [8]
HAL_NVIC_SetPriority     0x800'300d   0x24  Code  Gb  stm32u5xx_hal_cortex.o [8]
HAL_NVIC_SetPriorityGrouping
                         0x800'3001    0xc  Code  Gb  stm32u5xx_hal_cortex.o [8]
HAL_PCDEx_LPM_Callback   0x800'8d91    0x2  Code  Wk  stm32u5xx_hal_pcd_ex.o [8]
HAL_PCD_ConnectCallback
                         0x800'5931    0xe  Code  Gb  usbd_conf.o [11]
HAL_PCD_DataInStageCallback
                         0x800'5897   0x22  Code  Gb  usbd_conf.o [11]
HAL_PCD_DataOutStageCallback
                         0x800'5873   0x24  Code  Gb  usbd_conf.o [11]
HAL_PCD_DisconnectCallback
                         0x800'593f    0xe  Code  Gb  usbd_conf.o [11]
HAL_PCD_EP_ClrStall      0x800'7429   0x7c  Code  Gb  stm32u5xx_hal_pcd.o [8]
HAL_PCD_EP_Open          0x800'7221   0xa4  Code  Gb  stm32u5xx_hal_pcd.o [8]
HAL_PCD_EP_Receive       0x800'72c5   0x6c  Code  Gb  stm32u5xx_hal_pcd.o [8]
HAL_PCD_EP_SetStall      0x800'739d   0x8c  Code  Gb  stm32u5xx_hal_pcd.o [8]
HAL_PCD_EP_Transmit      0x800'7331   0x6c  Code  Gb  stm32u5xx_hal_pcd.o [8]
HAL_PCD_IRQHandler       0x800'6c5d  0x594  Code  Gb  stm32u5xx_hal_pcd.o [8]
HAL_PCD_ISOINIncompleteCallback
                         0x800'591d   0x14  Code  Gb  usbd_conf.o [11]
HAL_PCD_ISOOUTIncompleteCallback
                         0x800'5909   0x14  Code  Gb  usbd_conf.o [11]
HAL_PCD_ResetCallback    0x800'58c7   0x26  Code  Gb  usbd_conf.o [11]
HAL_PCD_ResumeCallback   0x800'58fb    0xe  Code  Gb  usbd_conf.o [11]
HAL_PCD_SOFCallback      0x800'58b9    0xe  Code  Gb  usbd_conf.o [11]
HAL_PCD_SetAddress       0x800'71f1   0x30  Code  Gb  stm32u5xx_hal_pcd.o [8]
HAL_PCD_SetupStageCallback
                         0x800'5861   0x12  Code  Gb  usbd_conf.o [11]
HAL_PCD_SuspendCallback
                         0x800'58ed    0xe  Code  Gb  usbd_conf.o [11]
HAL_PWREx_ControlVoltageScaling
                         0x800'2e45   0xa6  Code  Gb  stm32u5xx_hal_pwr_ex.o [8]
HAL_PWREx_EnableVddA     0x800'2ef7    0xe  Code  Gb  stm32u5xx_hal_pwr_ex.o [8]
HAL_PWREx_GetVoltageRange
                         0x800'2eeb    0xc  Code  Gb  stm32u5xx_hal_pwr_ex.o [8]
HAL_RCCEx_GetPLL1ClockFreq
                         0x800'0851  0x216  Code  Gb  stm32u5xx_hal_rcc_ex.o [8]
HAL_RCCEx_GetPLL2ClockFreq
                         0x800'0a71  0x210  Code  Gb  stm32u5xx_hal_rcc_ex.o [8]
HAL_RCCEx_GetPLL3ClockFreq
                         0x800'0c99  0x204  Code  Gb  stm32u5xx_hal_rcc_ex.o [8]
HAL_RCCEx_GetPeriphCLKFreq
                         0x800'0edd  0xb64  Code  Gb  stm32u5xx_hal_rcc_ex.o [8]
HAL_RCCEx_PeriphCLKConfig
                         0x800'0239  0x618  Code  Gb  stm32u5xx_hal_rcc_ex.o [8]
HAL_RCC_ClockConfig      0x800'2881  0x220  Code  Gb  stm32u5xx_hal_rcc.o [8]
HAL_RCC_DeInit           0x800'1c41  0x1bc  Code  Gb  stm32u5xx_hal_rcc.o [8]
HAL_RCC_GetHCLKFreq      0x800'2c57   0x22  Code  Gb  stm32u5xx_hal_rcc.o [8]
HAL_RCC_GetPCLK1Freq     0x800'2c79   0x1a  Code  Gb  stm32u5xx_hal_rcc.o [8]
HAL_RCC_GetPCLK2Freq     0x800'2c93   0x1a  Code  Gb  stm32u5xx_hal_rcc.o [8]
HAL_RCC_GetPCLK3Freq     0x800'2cad   0x1a  Code  Gb  stm32u5xx_hal_rcc.o [8]
HAL_RCC_GetSysClockFreq
                         0x800'2aa5  0x1b2  Code  Gb  stm32u5xx_hal_rcc.o [8]
HAL_RCC_OscConfig        0x800'1e01  0xa26  Code  Gb  stm32u5xx_hal_rcc.o [8]
HAL_SPIEx_SetConfigAutonomousMode
                         0x800'5dd5   0x54  Code  Gb  stm32u5xx_hal_spi_ex.o [8]
HAL_SPI_Init             0x800'5b21  0x280  Code  Gb  stm32u5xx_hal_spi.o [8]
HAL_SPI_MspInit          0x800'774d    0x2  Code  Wk  stm32u5xx_hal_spi.o [8]
HAL_SYSTICK_Config       0x800'303f    0xc  Code  Gb  stm32u5xx_hal_cortex.o [8]
HAL_TIMEx_Break2Callback
                         0x800'937d    0x2  Code  Wk  stm32u5xx_hal_tim_ex.o [8]
HAL_TIMEx_BreakCallback
                         0x800'937b    0x2  Code  Wk  stm32u5xx_hal_tim_ex.o [8]
HAL_TIMEx_CommutCallback
                         0x800'9381    0x2  Code  Wk  stm32u5xx_hal_tim_ex.o [8]
HAL_TIMEx_DirectionChangeCallback
                         0x800'9385    0x2  Code  Wk  stm32u5xx_hal_tim_ex.o [8]
HAL_TIMEx_EncoderIndexCallback
                         0x800'9383    0x2  Code  Wk  stm32u5xx_hal_tim_ex.o [8]
HAL_TIMEx_IndexErrorCallback
                         0x800'9387    0x2  Code  Wk  stm32u5xx_hal_tim_ex.o [8]
HAL_TIMEx_TransitionErrorCallback
                         0x800'9389    0x2  Code  Wk  stm32u5xx_hal_tim_ex.o [8]
HAL_TIM_IC_CaptureCallback
                         0x800'9375    0x2  Code  Wk  stm32u5xx_hal_tim.o [8]
HAL_TIM_IRQHandler       0x800'9169  0x20c  Code  Gb  stm32u5xx_hal_tim.o [8]
HAL_TIM_OC_DelayElapsedCallback
                         0x800'9377    0x2  Code  Wk  stm32u5xx_hal_tim.o [8]
HAL_TIM_PWM_PulseFinishedCallback
                         0x800'9379    0x2  Code  Wk  stm32u5xx_hal_tim.o [8]
HAL_TIM_PeriodElapsedCallback
                         0x800'7751   0x62  Code  Gb  usbd_cdc_if.o [1]
HAL_TIM_TriggerCallback
                         0x800'937f    0x2  Code  Wk  stm32u5xx_hal_tim.o [8]
HAL_UARTEx_DisableFifoMode
                         0x800'6731   0x46  Code  Gb  stm32u5xx_hal_uart_ex.o [8]
HAL_UARTEx_RxEventCallback
                         0x800'77dd    0x2  Code  Wk  stm32u5xx_hal_uart.o [8]
HAL_UARTEx_RxFifoFullCallback
                         0x800'77e1    0x2  Code  Wk  stm32u5xx_hal_uart_ex.o [8]
HAL_UARTEx_SetRxFifoThreshold
                         0x800'67cd   0x56  Code  Gb  stm32u5xx_hal_uart_ex.o [8]
HAL_UARTEx_SetTxFifoThreshold
                         0x800'6777   0x56  Code  Gb  stm32u5xx_hal_uart_ex.o [8]
HAL_UARTEx_TxFifoEmptyCallback
                         0x800'77df    0x2  Code  Wk  stm32u5xx_hal_uart_ex.o [8]
HAL_UART_ErrorCallback   0x800'77d1    0xa  Code  Gb  usbd_cdc_if.o [1]
HAL_UART_IRQHandler      0x800'5ea7  0x33e  Code  Gb  stm32u5xx_hal_uart.o [8]
HAL_UART_Init            0x800'5e29   0x7e  Code  Gb  stm32u5xx_hal_uart.o [8]
HAL_UART_MspInit         0x800'4429  0x122  Code  Gb  stm32u5xx_hal_msp.o [5]
HAL_UART_MspInit::hdma_tx
                        0x2000'1160   0x78  Data  Lc  stm32u5xx_hal_msp.o [5]
HAL_UART_TxCpltCallback
                         0x800'77b3    0xc  Code  Gb  usbd_cdc_if.o [1]
HASH_IRQHandler          0x800'9825         Code  Wk  startup_stm32u575xx.o [7]
HardFault_Handler        0x800'947b    0x2  Code  Gb  stm32u5xx_it.o [5]
I2C1_ER_IRQHandler       0x800'978d         Code  Wk  startup_stm32u575xx.o [7]
I2C1_EV_IRQHandler       0x800'9789         Code  Wk  startup_stm32u575xx.o [7]
I2C2_ER_IRQHandler       0x800'9795         Code  Wk  startup_stm32u575xx.o [7]
I2C2_EV_IRQHandler       0x800'9791         Code  Wk  startup_stm32u575xx.o [7]
I2C3_ER_IRQHandler       0x800'9809         Code  Wk  startup_stm32u575xx.o [7]
I2C3_EV_IRQHandler       0x800'9805         Code  Wk  startup_stm32u575xx.o [7]
I2C4_ER_IRQHandler       0x800'9835         Code  Wk  startup_stm32u575xx.o [7]
I2C4_EV_IRQHandler       0x800'9839         Code  Wk  startup_stm32u575xx.o [7]
ICACHE_IRQHandler        0x800'984d         Code  Wk  startup_stm32u575xx.o [7]
IWDG_IRQHandler          0x800'9721         Code  Wk  startup_stm32u575xx.o [7]
LED_PIN                  0x800'968c    0xc  Data  Lc  seahorse.o [10]
LED_PORT                0x2000'0000   0x14  Data  Lc  seahorse.o [10]
LL_ADC_Disable           0x800'32af   0x10  Code  Lc  stm32u5xx_hal_adc.o [8]
LL_ADC_DisableDeepPowerDown
                         0x800'326f    0xc  Code  Lc  stm32u5xx_hal_adc.o [8]
LL_ADC_Enable            0x800'329f   0x10  Code  Lc  stm32u5xx_hal_adc.o [8]
LL_ADC_EnableInternalRegulator
                         0x800'3285   0x10  Code  Lc  stm32u5xx_hal_adc.o [8]
LL_ADC_GetCommonPathInternalCh
                         0x800'3085    0x8  Code  Lc  stm32u5xx_hal_adc.o [8]
LL_ADC_INJ_IsConversionOngoing
                         0x800'330b    0xa  Code  Lc  stm32u5xx_hal_adc.o [8]
LL_ADC_INJ_StopConversion
                         0x800'32fb   0x10  Code  Lc  stm32u5xx_hal_adc.o [8]
LL_ADC_IsDeepPowerDownEnabled
                         0x800'327b    0xa  Code  Lc  stm32u5xx_hal_adc.o [8]
LL_ADC_IsDisableOngoing
                         0x800'32c7    0xa  Code  Lc  stm32u5xx_hal_adc.o [8]
LL_ADC_IsEnabled         0x800'32bf    0x8  Code  Lc  stm32u5xx_hal_adc.o [8]
LL_ADC_IsInternalRegulatorEnabled
                         0x800'3295    0xa  Code  Lc  stm32u5xx_hal_adc.o [8]
LL_ADC_REG_IsConversionOngoing
                         0x800'32f1    0xa  Code  Lc  stm32u5xx_hal_adc.o [8]
LL_ADC_REG_IsTriggerSourceSWStart
                         0x800'311d   0x10  Code  Lc  stm32u5xx_hal_adc.o [8]
LL_ADC_REG_SetSequencerChAdd
                         0x800'318d   0x28  Code  Lc  stm32u5xx_hal_adc.o [8]
LL_ADC_REG_SetSequencerChRem
                         0x800'31b5   0x18  Code  Lc  stm32u5xx_hal_adc.o [8]
LL_ADC_REG_SetSequencerRanks
                         0x800'312d   0x60  Code  Lc  stm32u5xx_hal_adc.o [8]
LL_ADC_REG_StartConversion
                         0x800'32d1   0x10  Code  Lc  stm32u5xx_hal_adc.o [8]
LL_ADC_REG_StopConversion
                         0x800'32e1   0x10  Code  Lc  stm32u5xx_hal_adc.o [8]
LL_ADC_SetChannelSamplingTime
                         0x800'31cd   0x7c  Code  Lc  stm32u5xx_hal_adc.o [8]
LL_ADC_SetChannelSingleDiff
                         0x800'3249   0x26  Code  Lc  stm32u5xx_hal_adc.o [8]
LL_ADC_SetCommonClock    0x800'306d    0xc  Code  Lc  stm32u5xx_hal_adc.o [8]
LL_ADC_SetCommonPathInternalCh
                         0x800'3079    0xc  Code  Lc  stm32u5xx_hal_adc.o [8]
LL_ADC_SetGainCompensation
                         0x800'30dd   0x22  Code  Lc  stm32u5xx_hal_adc.o [8]
LL_ADC_SetOffset         0x800'308d   0x20  Code  Lc  stm32u5xx_hal_adc.o [8]
LL_ADC_SetOffsetSign     0x800'30ad   0x18  Code  Lc  stm32u5xx_hal_adc.o [8]
LL_ADC_SetOffsetSignedSaturation
                         0x800'30c5   0x18  Code  Lc  stm32u5xx_hal_adc.o [8]
LL_ADC_SetSamplingTimeCommonChannels
                         0x800'30ff   0x1e  Code  Lc  stm32u5xx_hal_adc.o [8]
LL_UCPD_ClearFlag_FRS    0x800'8e39    0xa  Code  Lc  usbpd_hw_if_it.o [9]
LL_UCPD_ClearFlag_RxHRST
                         0x800'8e6b    0xa  Code  Lc  usbpd_hw_if_it.o [9]
LL_UCPD_ClearFlag_RxMsgEnd
                         0x800'8e57    0xa  Code  Lc  usbpd_hw_if_it.o [9]
LL_UCPD_ClearFlag_RxOrderSet
                         0x800'8e75    0xa  Code  Lc  usbpd_hw_if_it.o [9]
LL_UCPD_ClearFlag_RxOvr
                         0x800'8e61    0xa  Code  Lc  usbpd_hw_if_it.o [9]
LL_UCPD_ClearFlag_TxHRSTDISC
                         0x800'8e93    0xa  Code  Lc  usbpd_hw_if_it.o [9]
LL_UCPD_ClearFlag_TxHRSTSENT
                         0x800'8e89    0xa  Code  Lc  usbpd_hw_if_it.o [9]
LL_UCPD_ClearFlag_TxMSGABT
                         0x800'8e9d    0xa  Code  Lc  usbpd_hw_if_it.o [9]
LL_UCPD_ClearFlag_TxMSGDISC
                         0x800'8eb1    0xa  Code  Lc  usbpd_hw_if_it.o [9]
LL_UCPD_ClearFlag_TxMSGSENT
                         0x800'8ea7    0xa  Code  Lc  usbpd_hw_if_it.o [9]
LL_UCPD_ClearFlag_TxUND
                         0x800'8e7f    0xa  Code  Lc  usbpd_hw_if_it.o [9]
LL_UCPD_ClearFlag_TypeCEventCC1
                         0x800'8e4d    0xa  Code  Lc  usbpd_hw_if_it.o [9]
LL_UCPD_ClearFlag_TypeCEventCC2
                         0x800'8e43    0xa  Code  Lc  usbpd_hw_if_it.o [9]
LPDMA1_Channel0_IRQHandler
                         0x800'9869         Code  Wk  startup_stm32u575xx.o [7]
LPDMA1_Channel1_IRQHandler
                         0x800'986d         Code  Wk  startup_stm32u575xx.o [7]
LPDMA1_Channel2_IRQHandler
                         0x800'9871         Code  Wk  startup_stm32u575xx.o [7]
LPDMA1_Channel3_IRQHandler
                         0x800'9875         Code  Wk  startup_stm32u575xx.o [7]
LPGPIO_Map               0x800'938c   0x80  Data  Lc  stm32u5xx_hal_gpio.o [8]
LPTIM1_IRQHandler        0x800'97b5         Code  Wk  startup_stm32u575xx.o [7]
LPTIM2_IRQHandler        0x800'97b9         Code  Wk  startup_stm32u575xx.o [7]
LPTIM3_IRQHandler        0x800'982d         Code  Wk  startup_stm32u575xx.o [7]
LPTIM4_IRQHandler        0x800'9859         Code  Wk  startup_stm32u575xx.o [7]
LPUART1_IRQHandler       0x800'97b1         Code  Wk  startup_stm32u575xx.o [7]
LSECSSD_IRQHandler       0x800'9895         Code  Wk  startup_stm32u575xx.o [7]
MDF1_FLT0_IRQHandler     0x800'983d         Code  Wk  startup_stm32u575xx.o [7]
MDF1_FLT1_IRQHandler     0x800'9841         Code  Wk  startup_stm32u575xx.o [7]
MDF1_FLT2_IRQHandler     0x800'9845         Code  Wk  startup_stm32u575xx.o [7]
MDF1_FLT3_IRQHandler     0x800'9849         Code  Wk  startup_stm32u575xx.o [7]
MDF1_FLT4_IRQHandler     0x800'9885         Code  Wk  startup_stm32u575xx.o [7]
MDF1_FLT5_IRQHandler     0x800'9889         Code  Wk  startup_stm32u575xx.o [7]
MSIRangeTable            0x800'94e8   0x40  Data  Gb  system_stm32u5xx.o [3]
MX_GPIO_Init             0x800'5467  0x134  Code  Lc  main.o [5]
MX_SPI1_Init             0x800'535b   0x9c  Code  Lc  main.o [5]
MX_USART1_UART_Init      0x800'53f7   0x70  Code  Lc  main.o [5]
MemManage_Handler        0x800'947d    0x2  Code  Gb  stm32u5xx_it.o [5]
NMI_Handler              0x800'9479    0x2  Code  Gb  stm32u5xx_it.o [5]
NVIC_EncodePriority      0x800'2f91   0x40  Code  Lc  stm32u5xx_hal_cortex.o [8]
OCTOSPI1_IRQHandler      0x800'97d5         Code  Wk  startup_stm32u575xx.o [7]
OCTOSPI2_IRQHandler      0x800'9881         Code  Wk  startup_stm32u575xx.o [7]
OTFDEC1_IRQHandler       0x800'9851         Code  Wk  startup_stm32u575xx.o [7]
OTFDEC2_IRQHandler       0x800'9855         Code  Wk  startup_stm32u575xx.o [7]
OTG_FS_IRQHandler        0x800'9499    0xa  Code  Gb  stm32u5xx_it.o [5]
PCD_EP_OutSetupPacket_int
                         0x800'76e9   0x5a  Code  Lc  stm32u5xx_hal_pcd.o [8]
PCD_EP_OutXfrComplete_int
                         0x800'7591  0x158  Code  Lc  stm32u5xx_hal_pcd.o [8]
PCD_WriteEmptyTxFifo     0x800'74a5   0xec  Code  Lc  stm32u5xx_hal_pcd.o [8]
PKA_IRQHandler           0x800'9829         Code  Wk  startup_stm32u575xx.o [7]
PORTx_IRQHandler         0x800'8ec5  0x29c  Code  Gb  usbpd_hw_if_it.o [9]
PORTx_IRQHandler::ovrflag
                        0x2000'1269    0x1  Data  Lc  usbpd_hw_if_it.o [9]
PVD_PVM_IRQHandler       0x800'96b9         Code  Wk  startup_stm32u575xx.o [7]
PWR_S3WU_IRQHandler      0x800'97d9         Code  Wk  startup_stm32u575xx.o [7]
PendSV_Handler           0x800'9487    0x2  Code  Gb  stm32u5xx_it.o [5]
Ports                   0x2000'1224   0x38  Data  Gb  usbpd_phy_hw_if.o [9]
RAMCFG_IRQHandler        0x800'96c9         Code  Wk  startup_stm32u575xx.o [7]
RCCEx_PLL2_Config        0x800'1a6d   0xd0  Code  Lc  stm32u5xx_hal_rcc_ex.o [8]
RCCEx_PLL3_Config        0x800'1b3d   0xd0  Code  Lc  stm32u5xx_hal_rcc_ex.o [8]
RCC_IRQHandler           0x800'96d9         Code  Wk  startup_stm32u575xx.o [7]
RCC_S_IRQHandler         0x800'96dd         Code  Wk  startup_stm32u575xx.o [7]
RCC_SetFlashLatencyFromMSIRange
                         0x800'2ce5   0xb2  Code  Lc  stm32u5xx_hal_rcc.o [8]
RNG_IRQHandler           0x800'981d         Code  Wk  startup_stm32u575xx.o [7]
RTC_IRQHandler           0x800'96bd         Code  Wk  startup_stm32u575xx.o [7]
RTC_S_IRQHandler         0x800'96c1         Code  Wk  startup_stm32u575xx.o [7]
Region$$Table$$Base      0x800'95ac          --   Gb  - Linker created -
Region$$Table$$Limit     0x800'95d0          --   Gb  - Linker created -
Reset_Handler            0x800'967d         Code  Wk  startup_stm32u575xx.o [7]
SAES_IRQHandler          0x800'9725         Code  Wk  startup_stm32u575xx.o [7]
SAI1_IRQHandler          0x800'980d         Code  Wk  startup_stm32u575xx.o [7]
SAI2_IRQHandler          0x800'9811         Code  Wk  startup_stm32u575xx.o [7]
SDMMC1_IRQHandler        0x800'97dd         Code  Wk  startup_stm32u575xx.o [7]
SDMMC2_IRQHandler        0x800'97e1         Code  Wk  startup_stm32u575xx.o [7]
SPI1_IRQHandler          0x800'9799         Code  Wk  startup_stm32u575xx.o [7]
SPI2_IRQHandler          0x800'979d         Code  Wk  startup_stm32u575xx.o [7]
SPI3_IRQHandler          0x800'9831         Code  Wk  startup_stm32u575xx.o [7]
SPI_GetPacketSize        0x800'5dbd   0x16  Code  Lc  stm32u5xx_hal_spi.o [8]
SVC_Handler              0x800'9483    0x2  Code  Gb  stm32u5xx_it.o [5]
SWAPBYTE                 0x800'7a15   0x16  Code  Lc  usbd_ctlreq.o [6]
SecureFault_Handler      0x800'96b1         Code  Wk  startup_stm32u575xx.o [7]
SysTick_Config           0x800'2fd1   0x30  Code  Lc  stm32u5xx_hal_cortex.o [8]
SysTick_Handler          0x800'9489    0x8  Code  Gb  stm32u5xx_it.o [5]
SystemClock_Config       0x800'5297   0xb6  Code  Gb  main.o [5]
SystemCoreClock         0x2000'0018    0x4  Data  Gb  system_stm32u5xx.o [3]
SystemInit               0x800'940d   0x48  Code  Gb  system_stm32u5xx.o [3]
TAMP_IRQHandler          0x800'96c5         Code  Wk  startup_stm32u575xx.o [7]
TIM15_IRQHandler         0x800'97bd         Code  Wk  startup_stm32u575xx.o [7]
TIM16_IRQHandler         0x800'97c1         Code  Wk  startup_stm32u575xx.o [7]
TIM17_IRQHandler         0x800'97c5         Code  Wk  startup_stm32u575xx.o [7]
TIM1_BRK_IRQHandler      0x800'9755         Code  Wk  startup_stm32u575xx.o [7]
TIM1_CC_IRQHandler       0x800'9761         Code  Wk  startup_stm32u575xx.o [7]
TIM1_TRG_COM_IRQHandler
                         0x800'975d         Code  Wk  startup_stm32u575xx.o [7]
TIM1_UP_IRQHandler       0x800'9759         Code  Wk  startup_stm32u575xx.o [7]
TIM2_IRQHandler          0x800'9765         Code  Wk  startup_stm32u575xx.o [7]
TIM3_IRQHandler          0x800'94b9    0xa  Code  Gb  stm32u5xx_it.o [5]
TIM4_IRQHandler          0x800'9769         Code  Wk  startup_stm32u575xx.o [7]
TIM5_IRQHandler          0x800'976d         Code  Wk  startup_stm32u575xx.o [7]
TIM6_IRQHandler          0x800'9771         Code  Wk  startup_stm32u575xx.o [7]
TIM7_IRQHandler          0x800'9775         Code  Wk  startup_stm32u575xx.o [7]
TIM8_BRK_IRQHandler      0x800'9779         Code  Wk  startup_stm32u575xx.o [7]
TIM8_CC_IRQHandler       0x800'9785         Code  Wk  startup_stm32u575xx.o [7]
TIM8_TRG_COM_IRQHandler
                         0x800'9781         Code  Wk  startup_stm32u575xx.o [7]
TIM8_UP_IRQHandler       0x800'977d         Code  Wk  startup_stm32u575xx.o [7]
TSC_IRQHandler           0x800'9815         Code  Wk  startup_stm32u575xx.o [7]
TimHandle               0x2000'11d8   0x4c  Data  Gb  usbd_cdc_if.o [1]
UART4_IRQHandler         0x800'97a9         Code  Wk  startup_stm32u575xx.o [7]
UART5_IRQHandler         0x800'97ad         Code  Wk  startup_stm32u575xx.o [7]
UARTEx_SetNbDataToProcess
                         0x800'6823   0x76  Code  Lc  stm32u5xx_hal_uart_ex.o [8]
UARTEx_SetNbDataToProcess::denominator
                         0x800'96a0    0x8  Data  Lc  stm32u5xx_hal_uart_ex.o [8]
UARTEx_SetNbDataToProcess::numerator
                         0x800'9698    0x8  Data  Lc  stm32u5xx_hal_uart_ex.o [8]
UARTPrescTable           0x800'9654   0x18  Data  Gb  stm32u5xx_hal_uart.o [8]
UART_AdvFeatureConfig    0x800'6419   0xda  Code  Gb  stm32u5xx_hal_uart.o [8]
UART_CheckIdleState      0x800'64f3   0x72  Code  Gb  stm32u5xx_hal_uart.o [8]
UART_DMAAbortOnError     0x800'66e5   0x1a  Code  Lc  stm32u5xx_hal_uart.o [8]
UART_EndRxTransfer       0x800'6655   0x60  Code  Lc  stm32u5xx_hal_uart.o [8]
UART_EndTransmit_IT      0x800'66ff   0x2c  Code  Lc  stm32u5xx_hal_uart.o [8]
UART_SetConfig           0x800'61e7  0x222  Code  Gb  stm32u5xx_hal_uart.o [8]
UART_WaitOnFlagUntilTimeout
                         0x800'6565   0xf0  Code  Gb  stm32u5xx_hal_uart.o [8]
UCPD1_IRQHandler         0x800'9491    0x8  Code  Gb  stm32u5xx_it.o [5]
USART1_IRQHandler        0x800'94af    0xa  Code  Gb  stm32u5xx_it.o [5]
USART2_IRQHandler        0x800'97a1         Code  Wk  startup_stm32u575xx.o [7]
USART3_IRQHandler        0x800'97a5         Code  Wk  startup_stm32u575xx.o [7]
USBD_CDC_ReceivePacket   0x800'8df7   0x3e  Code  Gb  usbd_cdc.o [2]
USBD_CDC_SetTxBuffer     0x800'8d95   0x1e  Code  Gb  usbd_cdc.o [2]
USBD_CDC_TransmitPacket
                         0x800'8db3   0x44  Code  Gb  usbd_cdc.o [2]
USBD_ClrClassConfig      0x800'68cd   0x20  Code  Gb  usbd_core.o [6]
USBD_ClrFeature          0x800'81c9   0x2e  Code  Lc  usbd_ctlreq.o [6]
USBD_CtlContinueRx       0x800'827f   0x18  Code  Gb  usbd_ioreq.o [6]
USBD_CtlContinueSendData
                         0x800'8267   0x18  Code  Gb  usbd_ioreq.o [6]
USBD_CtlError            0x800'822d   0x18  Code  Gb  usbd_ctlreq.o [6]
USBD_CtlReceiveStatus    0x800'82b1   0x1a  Code  Gb  usbd_ioreq.o [6]
USBD_CtlSendData         0x800'8245   0x22  Code  Gb  usbd_ioreq.o [6]
USBD_CtlSendStatus       0x800'8297   0x1a  Code  Gb  usbd_ioreq.o [6]
USBD_GetConfig           0x800'8115   0x4e  Code  Lc  usbd_ctlreq.o [6]
USBD_GetDescriptor       0x800'7dab  0x208  Code  Lc  usbd_ctlreq.o [6]
USBD_GetStatus           0x800'8163   0x4c  Code  Lc  usbd_ctlreq.o [6]
USBD_Get_USB_Status      0x800'5abd   0x2e  Code  Lc  usbd_conf.o [11]
USBD_LL_ClearStallEP     0x800'59af   0x2a  Code  Gb  usbd_conf.o [11]
USBD_LL_DataInStage      0x800'69f7   0xf6  Code  Gb  usbd_core.o [6]
USBD_LL_DataOutStage     0x800'6955   0xa2  Code  Gb  usbd_core.o [6]
USBD_LL_DevConnected     0x800'6c31    0x6  Code  Gb  usbd_core.o [6]
USBD_LL_DevDisconnected
                         0x800'6c37   0x24  Code  Gb  usbd_core.o [6]
USBD_LL_IsStallEP        0x800'59d9   0x32  Code  Gb  usbd_conf.o [11]
USBD_LL_IsoINIncomplete
                         0x800'6bc5   0x36  Code  Gb  usbd_core.o [6]
USBD_LL_IsoOUTIncomplete
                         0x800'6bfb   0x36  Code  Gb  usbd_core.o [6]
USBD_LL_OpenEP           0x800'594d   0x38  Code  Gb  usbd_conf.o [11]
USBD_LL_PrepareReceive   0x800'5a69   0x34  Code  Gb  usbd_conf.o [11]
USBD_LL_Reset            0x800'6aed   0x76  Code  Gb  usbd_core.o [6]
USBD_LL_Resume           0x800'6b7f   0x16  Code  Gb  usbd_core.o [6]
USBD_LL_SOF              0x800'6b95   0x30  Code  Gb  usbd_core.o [6]
USBD_LL_SetSpeed         0x800'6b63    0x8  Code  Gb  usbd_core.o [6]
USBD_LL_SetUSBAddress    0x800'5a0b   0x2a  Code  Gb  usbd_conf.o [11]
USBD_LL_SetupStage       0x800'68ed   0x68  Code  Gb  usbd_core.o [6]
USBD_LL_StallEP          0x800'5985   0x2a  Code  Gb  usbd_conf.o [11]
USBD_LL_Suspend          0x800'6b6b   0x14  Code  Gb  usbd_core.o [6]
USBD_LL_Transmit         0x800'5a35   0x34  Code  Gb  usbd_conf.o [11]
USBD_ParseSetupRequest   0x800'81f7   0x36  Code  Gb  usbd_ctlreq.o [6]
USBD_RunTestMode         0x800'68a1    0x6  Code  Gb  usbd_core.o [6]
USBD_SetAddress          0x800'7fb3   0x68  Code  Lc  usbd_ctlreq.o [6]
USBD_SetClassConfig      0x800'68a7   0x26  Code  Gb  usbd_core.o [6]
USBD_SetConfig           0x800'801b   0xf6  Code  Lc  usbd_ctlreq.o [6]
USBD_SetConfig::cfgidx  0x2000'1268    0x1  Data  Lc  usbd_ctlreq.o [6]
USBD_SetFeature          0x800'81af   0x1a  Code  Lc  usbd_ctlreq.o [6]
USBD_StdDevReq           0x800'7a2b   0xaa  Code  Gb  usbd_ctlreq.o [6]
USBD_StdEPReq            0x800'7b45  0x266  Code  Gb  usbd_ctlreq.o [6]
USBD_StdItfReq           0x800'7ad5   0x70  Code  Gb  usbd_ctlreq.o [6]
USBPD_PORT0_IRQHandler   0x800'8ebb    0xa  Code  Gb  usbpd_hw_if_it.o [9]
USB_ActivateEndpoint     0x800'8405   0xbe  Code  Gb  stm32u5xx_ll_usb.o [8]
USB_ActivateSetup        0x800'8ce1   0x28  Code  Gb  stm32u5xx_ll_usb.o [8]
USB_EP0StartXfer         0x800'8845  0x1e2  Code  Gb  stm32u5xx_ll_usb.o [8]
USB_EP0_OutStart         0x800'8d09   0x7a  Code  Gb  stm32u5xx_ll_usb.o [8]
USB_EPClearStall         0x800'8b8b   0x8e  Code  Gb  stm32u5xx_ll_usb.o [8]
USB_EPSetStall           0x800'8aef   0x9c  Code  Gb  stm32u5xx_ll_usb.o [8]
USB_EPStartXfer          0x800'84c3  0x358  Code  Gb  stm32u5xx_ll_usb.o [8]
USB_FlushTxFifo          0x800'83b9   0x24  Code  Gb  stm32u5xx_ll_usb.o [8]
USB_GetDevSpeed          0x800'83dd   0x28  Code  Gb  stm32u5xx_ll_usb.o [8]
USB_GetMode              0x800'8cd9    0x8  Code  Gb  stm32u5xx_ll_usb.o [8]
USB_ReadDevAllInEpInterrupt
                         0x800'8c6d   0x16  Code  Gb  stm32u5xx_ll_usb.o [8]
USB_ReadDevAllOutEpInterrupt
                         0x800'8c57   0x16  Code  Gb  stm32u5xx_ll_usb.o [8]
USB_ReadDevInEPInterrupt
                         0x800'8ca3   0x36  Code  Gb  stm32u5xx_ll_usb.o [8]
USB_ReadDevOutEPInterrupt
                         0x800'8c83   0x20  Code  Gb  stm32u5xx_ll_usb.o [8]
USB_ReadInterrupts       0x800'8c4d    0xa  Code  Gb  stm32u5xx_ll_usb.o [8]
USB_ReadPacket           0x800'8a79   0x76  Code  Gb  stm32u5xx_ll_usb.o [8]
USB_SetDevAddress        0x800'8c19   0x34  Code  Gb  stm32u5xx_ll_usb.o [8]
USB_SetTurnaroundTime    0x800'82cd   0xec  Code  Gb  stm32u5xx_ll_usb.o [8]
USB_WritePacket          0x800'8a27   0x52  Code  Gb  stm32u5xx_ll_usb.o [8]
UartHandle              0x2000'10d0   0x90  Data  Gb  usbd_cdc_if.o [1]
UsageFault_Handler       0x800'9481    0x2  Code  Gb  stm32u5xx_it.o [5]
UserTxBufPtrIn          0x2000'1260    0x4  Data  Gb  usbd_cdc_if.o [1]
UserTxBufPtrOut         0x2000'1264    0x4  Data  Gb  usbd_cdc_if.o [1]
UserTxBuffer            0x2000'0020  0x800  Data  Gb  usbd_cdc_if.o [1]
WWDG_IRQHandler          0x800'96b5         Code  Wk  startup_stm32u575xx.o [7]
__NVIC_EnableIRQ         0x800'2f45   0x20  Code  Lc  stm32u5xx_hal_cortex.o [8]
__NVIC_GetPriorityGrouping
                         0x800'2f37    0xc  Code  Lc  stm32u5xx_hal_cortex.o [8]
__NVIC_SetPriority       0x800'2f65   0x2c  Code  Lc  stm32u5xx_hal_cortex.o [8]
__NVIC_SetPriorityGrouping
                         0x800'2f15   0x22  Code  Lc  stm32u5xx_hal_cortex.o [8]
__Vectors                0x800'0000          --   Gb  startup_stm32u575xx.o [7]
__Vectors_End            0x800'0238         Data  Gb  startup_stm32u575xx.o [7]
__Vectors_Size {Abs}          0x238          --   Gb  startup_stm32u575xx.o [7]
__aeabi_ldiv0            0x800'8e35         Code  Gb  I64DivZer.o [16]
__aeabi_memset           0x800'5175         Code  Gb  ABImemset.o [16]
__aeabi_uldivmod         0x800'77e5         Code  Gb  I64DivMod.o [16]
__cmain                  0x800'95d1         Code  Gb  cmain.o [16]
__exit                   0x800'9605   0x14  Code  Gb  exit.o [17]
__iar_Memset             0x800'5175         Code  Gb  ABImemset.o [16]
__iar_Memset_word        0x800'517d         Code  Gb  ABImemset.o [16]
__iar_copy_init3         0x800'43a3   0x2a  Code  Gb  copy_init3.o [16]
__iar_data_init3         0x800'9561   0x28  Code  Gb  data_init.o [16]
__iar_init_vfp           0x800'9589         Code  Gb  fpinit_M.o [15]
__iar_program_start      0x800'9639         Code  Gb  cstartup_M.o [16]
__iar_zero_init3         0x800'9529   0x38  Code  Gb  zero_init3.o [16]
__low_level_init         0x800'95ef    0x4  Code  Gb  low_level_init.o [14]
__vector_table           0x800'0000         Data  Gb  startup_stm32u575xx.o [7]
_call_main               0x800'95dd         Code  Gb  cmain.o [16]
_exit                    0x800'95f9         Code  Gb  cexit.o [16]
exit                     0x800'95f3    0x4  Code  Gb  exit.o [14]
hUsbDeviceFS            0x2000'0c28  0x2d0  Data  Gb  usb_device.o [1]
hadc1                   0x2000'0ef8   0xb8  Data  Gb  seahorse.o [10]
hpcd_USB_OTG_FS         0x2000'0820  0x408  Data  Gb  usbd_conf.o [11]
hspi1                   0x2000'0fb0   0x90  Data  Gb  main.o [5]
huart1                  0x2000'1040   0x90  Data  Gb  main.o [5]
main                     0x800'51dd   0xba  Code  Gb  main.o [5]
uwTick                  0x2000'125c    0x4  Data  Gb  stm32u5xx_hal.o [8]
uwTickFreq              0x2000'001c    0x1  Data  Gb  stm32u5xx_hal.o [8]
uwTickPrio              0x2000'0014    0x4  Data  Gb  stm32u5xx_hal.o [8]


[1] = C:\Users\Irdatlanka\Desktop\Irdatlanka-STM32U5_CoreMW_CDC_koncz_board\Projects\NUCLEO-U575ZI-Q\Applications\USB_Device\CDC_Standalone\EWARM\NUCLEO-U575ZI-Q\Obj\App_6612947199827748718.dir
[2] = C:\Users\Irdatlanka\Desktop\Irdatlanka-STM32U5_CoreMW_CDC_koncz_board\Projects\NUCLEO-U575ZI-Q\Applications\USB_Device\CDC_Standalone\EWARM\NUCLEO-U575ZI-Q\Obj\CDC_16681379477064853705.dir
[3] = C:\Users\Irdatlanka\Desktop\Irdatlanka-STM32U5_CoreMW_CDC_koncz_board\Projects\NUCLEO-U575ZI-Q\Applications\USB_Device\CDC_Standalone\EWARM\NUCLEO-U575ZI-Q\Obj\CMSIS_6603591812247902717.dir
[4] = C:\Users\Irdatlanka\Desktop\Irdatlanka-STM32U5_CoreMW_CDC_koncz_board\Projects\NUCLEO-U575ZI-Q\Applications\USB_Device\CDC_Standalone\EWARM\NUCLEO-U575ZI-Q\Obj\Components_1361118596739929299.dir
[5] = C:\Users\Irdatlanka\Desktop\Irdatlanka-STM32U5_CoreMW_CDC_koncz_board\Projects\NUCLEO-U575ZI-Q\Applications\USB_Device\CDC_Standalone\EWARM\NUCLEO-U575ZI-Q\Obj\Core_13247989168731456611.dir
[6] = C:\Users\Irdatlanka\Desktop\Irdatlanka-STM32U5_CoreMW_CDC_koncz_board\Projects\NUCLEO-U575ZI-Q\Applications\USB_Device\CDC_Standalone\EWARM\NUCLEO-U575ZI-Q\Obj\Core_9232119672538125435.dir
[7] = C:\Users\Irdatlanka\Desktop\Irdatlanka-STM32U5_CoreMW_CDC_koncz_board\Projects\NUCLEO-U575ZI-Q\Applications\USB_Device\CDC_Standalone\EWARM\NUCLEO-U575ZI-Q\Obj\EWARM_18443280873093131863.dir
[8] = C:\Users\Irdatlanka\Desktop\Irdatlanka-STM32U5_CoreMW_CDC_koncz_board\Projects\NUCLEO-U575ZI-Q\Applications\USB_Device\CDC_Standalone\EWARM\NUCLEO-U575ZI-Q\Obj\STM32U5xx_HAL_Driver_18077472236357910042.dir
[9] = C:\Users\Irdatlanka\Desktop\Irdatlanka-STM32U5_CoreMW_CDC_koncz_board\Projects\NUCLEO-U575ZI-Q\Applications\USB_Device\CDC_Standalone\EWARM\NUCLEO-U575ZI-Q\Obj\STM32_USBPD_Library_10637878860516305910.dir
[10] = C:\Users\Irdatlanka\Desktop\Irdatlanka-STM32U5_CoreMW_CDC_koncz_board\Projects\NUCLEO-U575ZI-Q\Applications\USB_Device\CDC_Standalone\EWARM\NUCLEO-U575ZI-Q\Obj\Seahorse_v1_13032176894571403394.dir
[11] = C:\Users\Irdatlanka\Desktop\Irdatlanka-STM32U5_CoreMW_CDC_koncz_board\Projects\NUCLEO-U575ZI-Q\Applications\USB_Device\CDC_Standalone\EWARM\NUCLEO-U575ZI-Q\Obj\Target_14167004246567845465.dir
[12] = C:\Users\Irdatlanka\Desktop\Irdatlanka-STM32U5_CoreMW_CDC_koncz_board\Projects\NUCLEO-U575ZI-Q\Applications\USB_Device\CDC_Standalone\EWARM\NUCLEO-U575ZI-Q\Obj\USB-PD_16088497327023206971.dir
[13] = USBPDCORE_NOPD_CM0PLUS_wc32.a
[14] = dl7M_tlf.a
[15] = m7M_tls.a
[16] = rt7M_tl.a
[17] = shb_l.a

  38'724 bytes of readonly  code memory
     340 bytes of readonly  data memory
   5'735 bytes of readwrite data memory

Errors: none
Warnings: none
