###############################################################################
#
# IAR ELF Linker V9.40.2.374/W64 for ARM                  02/Nov/2023  02:45:48
# Copyright 2007-2023 IAR Systems AB.
#
#    Output file  =
#        C:\Users\Irdatlanka\Desktop\Irdatlanka-STM32U5_CoreMW_CDC_koncz_board\Projects\NUCLEO-U575ZI-Q\Applications\USB_Device\CDC_Standalone\EWARM\NUCLEO-U575ZI-Q\Exe\Project.out
#    Map file     =
#        C:\Users\Irdatlanka\Desktop\Irdatlanka-STM32U5_CoreMW_CDC_koncz_board\Projects\NUCLEO-U575ZI-Q\Applications\USB_Device\CDC_Standalone\EWARM\NUCLEO-U575ZI-Q\List\Project.map
#    Command line =
#        -f
#        C:\Users\Irdatlanka\Desktop\Irdatlanka-STM32U5_CoreMW_CDC_koncz_board\Projects\NUCLEO-U575ZI-Q\Applications\USB_Device\CDC_Standalone\EWARM\NUCLEO-U575ZI-Q\Exe\Project.out.rsp
#        (C:\Users\Irdatlanka\Desktop\Irdatlanka-STM32U5_CoreMW_CDC_koncz_board\Projects\NUCLEO-U575ZI-Q\Applications\USB_Device\CDC_Standalone\EWARM\NUCLEO-U575ZI-Q\Obj\Core_13247989168731456611.dir\main.o
#        C:\Users\Irdatlanka\Desktop\Irdatlanka-STM32U5_CoreMW_CDC_koncz_board\Projects\NUCLEO-U575ZI-Q\Applications\USB_Device\CDC_Standalone\EWARM\NUCLEO-U575ZI-Q\Obj\Components_1361118596739929299.dir\mfxstm32l152.o
#        C:\Users\Irdatlanka\Desktop\Irdatlanka-STM32U5_CoreMW_CDC_koncz_board\Projects\NUCLEO-U575ZI-Q\Applications\USB_Device\CDC_Standalone\EWARM\NUCLEO-U575ZI-Q\Obj\Components_1361118596739929299.dir\mfxstm32l152_reg.o
#        C:\Users\Irdatlanka\Desktop\Irdatlanka-STM32U5_CoreMW_CDC_koncz_board\Projects\NUCLEO-U575ZI-Q\Applications\USB_Device\CDC_Standalone\EWARM\NUCLEO-U575ZI-Q\Obj\Seahorse_v1_13032176894571403394.dir\seahorse.o
#        C:\Users\Irdatlanka\Desktop\Irdatlanka-STM32U5_CoreMW_CDC_koncz_board\Projects\NUCLEO-U575ZI-Q\Applications\USB_Device\CDC_Standalone\EWARM\NUCLEO-U575ZI-Q\Obj\Seahorse_v1_13032176894571403394.dir\seahorse_usbpd_pwr.o
#        C:\Users\Irdatlanka\Desktop\Irdatlanka-STM32U5_CoreMW_CDC_koncz_board\Projects\NUCLEO-U575ZI-Q\Applications\USB_Device\CDC_Standalone\EWARM\NUCLEO-U575ZI-Q\Obj\EWARM_18443280873093131863.dir\startup_stm32u575xx.o
#        C:\Users\Irdatlanka\Desktop\Irdatlanka-STM32U5_CoreMW_CDC_koncz_board\Projects\NUCLEO-U575ZI-Q\Applications\USB_Device\CDC_Standalone\EWARM\NUCLEO-U575ZI-Q\Obj\STM32U5xx_HAL_Driver_18077472236357910042.dir\stm32u5xx_hal.o
#        C:\Users\Irdatlanka\Desktop\Irdatlanka-STM32U5_CoreMW_CDC_koncz_board\Projects\NUCLEO-U575ZI-Q\Applications\USB_Device\CDC_Standalone\EWARM\NUCLEO-U575ZI-Q\Obj\STM32U5xx_HAL_Driver_18077472236357910042.dir\stm32u5xx_hal_adc.o
#        C:\Users\Irdatlanka\Desktop\Irdatlanka-STM32U5_CoreMW_CDC_koncz_board\Projects\NUCLEO-U575ZI-Q\Applications\USB_Device\CDC_Standalone\EWARM\NUCLEO-U575ZI-Q\Obj\STM32U5xx_HAL_Driver_18077472236357910042.dir\stm32u5xx_hal_adc_ex.o
#        C:\Users\Irdatlanka\Desktop\Irdatlanka-STM32U5_CoreMW_CDC_koncz_board\Projects\NUCLEO-U575ZI-Q\Applications\USB_Device\CDC_Standalone\EWARM\NUCLEO-U575ZI-Q\Obj\STM32U5xx_HAL_Driver_18077472236357910042.dir\stm32u5xx_hal_cortex.o
#        C:\Users\Irdatlanka\Desktop\Irdatlanka-STM32U5_CoreMW_CDC_koncz_board\Projects\NUCLEO-U575ZI-Q\Applications\USB_Device\CDC_Standalone\EWARM\NUCLEO-U575ZI-Q\Obj\STM32U5xx_HAL_Driver_18077472236357910042.dir\stm32u5xx_hal_dcache.o
#        C:\Users\Irdatlanka\Desktop\Irdatlanka-STM32U5_CoreMW_CDC_koncz_board\Projects\NUCLEO-U575ZI-Q\Applications\USB_Device\CDC_Standalone\EWARM\NUCLEO-U575ZI-Q\Obj\STM32U5xx_HAL_Driver_18077472236357910042.dir\stm32u5xx_hal_dma.o
#        C:\Users\Irdatlanka\Desktop\Irdatlanka-STM32U5_CoreMW_CDC_koncz_board\Projects\NUCLEO-U575ZI-Q\Applications\USB_Device\CDC_Standalone\EWARM\NUCLEO-U575ZI-Q\Obj\STM32U5xx_HAL_Driver_18077472236357910042.dir\stm32u5xx_hal_dma_ex.o
#        C:\Users\Irdatlanka\Desktop\Irdatlanka-STM32U5_CoreMW_CDC_koncz_board\Projects\NUCLEO-U575ZI-Q\Applications\USB_Device\CDC_Standalone\EWARM\NUCLEO-U575ZI-Q\Obj\STM32U5xx_HAL_Driver_18077472236357910042.dir\stm32u5xx_hal_exti.o
#        C:\Users\Irdatlanka\Desktop\Irdatlanka-STM32U5_CoreMW_CDC_koncz_board\Projects\NUCLEO-U575ZI-Q\Applications\USB_Device\CDC_Standalone\EWARM\NUCLEO-U575ZI-Q\Obj\STM32U5xx_HAL_Driver_18077472236357910042.dir\stm32u5xx_hal_gpio.o
#        C:\Users\Irdatlanka\Desktop\Irdatlanka-STM32U5_CoreMW_CDC_koncz_board\Projects\NUCLEO-U575ZI-Q\Applications\USB_Device\CDC_Standalone\EWARM\NUCLEO-U575ZI-Q\Obj\STM32U5xx_HAL_Driver_18077472236357910042.dir\stm32u5xx_hal_i2c.o
#        C:\Users\Irdatlanka\Desktop\Irdatlanka-STM32U5_CoreMW_CDC_koncz_board\Projects\NUCLEO-U575ZI-Q\Applications\USB_Device\CDC_Standalone\EWARM\NUCLEO-U575ZI-Q\Obj\STM32U5xx_HAL_Driver_18077472236357910042.dir\stm32u5xx_hal_i2c_ex.o
#        C:\Users\Irdatlanka\Desktop\Irdatlanka-STM32U5_CoreMW_CDC_koncz_board\Projects\NUCLEO-U575ZI-Q\Applications\USB_Device\CDC_Standalone\EWARM\NUCLEO-U575ZI-Q\Obj\STM32U5xx_HAL_Driver_18077472236357910042.dir\stm32u5xx_hal_icache.o
#        C:\Users\Irdatlanka\Desktop\Irdatlanka-STM32U5_CoreMW_CDC_koncz_board\Projects\NUCLEO-U575ZI-Q\Applications\USB_Device\CDC_Standalone\EWARM\NUCLEO-U575ZI-Q\Obj\Core_13247989168731456611.dir\stm32u5xx_hal_msp.o
#        C:\Users\Irdatlanka\Desktop\Irdatlanka-STM32U5_CoreMW_CDC_koncz_board\Projects\NUCLEO-U575ZI-Q\Applications\USB_Device\CDC_Standalone\EWARM\NUCLEO-U575ZI-Q\Obj\STM32U5xx_HAL_Driver_18077472236357910042.dir\stm32u5xx_hal_pcd.o
#        C:\Users\Irdatlanka\Desktop\Irdatlanka-STM32U5_CoreMW_CDC_koncz_board\Projects\NUCLEO-U575ZI-Q\Applications\USB_Device\CDC_Standalone\EWARM\NUCLEO-U575ZI-Q\Obj\STM32U5xx_HAL_Driver_18077472236357910042.dir\stm32u5xx_hal_pcd_ex.o
#        C:\Users\Irdatlanka\Desktop\Irdatlanka-STM32U5_CoreMW_CDC_koncz_board\Projects\NUCLEO-U575ZI-Q\Applications\USB_Device\CDC_Standalone\EWARM\NUCLEO-U575ZI-Q\Obj\STM32U5xx_HAL_Driver_18077472236357910042.dir\stm32u5xx_hal_pwr.o
#        C:\Users\Irdatlanka\Desktop\Irdatlanka-STM32U5_CoreMW_CDC_koncz_board\Projects\NUCLEO-U575ZI-Q\Applications\USB_Device\CDC_Standalone\EWARM\NUCLEO-U575ZI-Q\Obj\STM32U5xx_HAL_Driver_18077472236357910042.dir\stm32u5xx_hal_pwr_ex.o
#        C:\Users\Irdatlanka\Desktop\Irdatlanka-STM32U5_CoreMW_CDC_koncz_board\Projects\NUCLEO-U575ZI-Q\Applications\USB_Device\CDC_Standalone\EWARM\NUCLEO-U575ZI-Q\Obj\STM32U5xx_HAL_Driver_18077472236357910042.dir\stm32u5xx_hal_rcc.o
#        C:\Users\Irdatlanka\Desktop\Irdatlanka-STM32U5_CoreMW_CDC_koncz_board\Projects\NUCLEO-U575ZI-Q\Applications\USB_Device\CDC_Standalone\EWARM\NUCLEO-U575ZI-Q\Obj\STM32U5xx_HAL_Driver_18077472236357910042.dir\stm32u5xx_hal_rcc_ex.o
#        C:\Users\Irdatlanka\Desktop\Irdatlanka-STM32U5_CoreMW_CDC_koncz_board\Projects\NUCLEO-U575ZI-Q\Applications\USB_Device\CDC_Standalone\EWARM\NUCLEO-U575ZI-Q\Obj\STM32U5xx_HAL_Driver_18077472236357910042.dir\stm32u5xx_hal_spi.o
#        C:\Users\Irdatlanka\Desktop\Irdatlanka-STM32U5_CoreMW_CDC_koncz_board\Projects\NUCLEO-U575ZI-Q\Applications\USB_Device\CDC_Standalone\EWARM\NUCLEO-U575ZI-Q\Obj\STM32U5xx_HAL_Driver_18077472236357910042.dir\stm32u5xx_hal_spi_ex.o
#        C:\Users\Irdatlanka\Desktop\Irdatlanka-STM32U5_CoreMW_CDC_koncz_board\Projects\NUCLEO-U575ZI-Q\Applications\USB_Device\CDC_Standalone\EWARM\NUCLEO-U575ZI-Q\Obj\STM32U5xx_HAL_Driver_18077472236357910042.dir\stm32u5xx_hal_tim.o
#        C:\Users\Irdatlanka\Desktop\Irdatlanka-STM32U5_CoreMW_CDC_koncz_board\Projects\NUCLEO-U575ZI-Q\Applications\USB_Device\CDC_Standalone\EWARM\NUCLEO-U575ZI-Q\Obj\STM32U5xx_HAL_Driver_18077472236357910042.dir\stm32u5xx_hal_tim_ex.o
#        C:\Users\Irdatlanka\Desktop\Irdatlanka-STM32U5_CoreMW_CDC_koncz_board\Projects\NUCLEO-U575ZI-Q\Applications\USB_Device\CDC_Standalone\EWARM\NUCLEO-U575ZI-Q\Obj\STM32U5xx_HAL_Driver_18077472236357910042.dir\stm32u5xx_hal_uart.o
#        C:\Users\Irdatlanka\Desktop\Irdatlanka-STM32U5_CoreMW_CDC_koncz_board\Projects\NUCLEO-U575ZI-Q\Applications\USB_Device\CDC_Standalone\EWARM\NUCLEO-U575ZI-Q\Obj\STM32U5xx_HAL_Driver_18077472236357910042.dir\stm32u5xx_hal_uart_ex.o
#        C:\Users\Irdatlanka\Desktop\Irdatlanka-STM32U5_CoreMW_CDC_koncz_board\Projects\NUCLEO-U575ZI-Q\Applications\USB_Device\CDC_Standalone\EWARM\NUCLEO-U575ZI-Q\Obj\STM32U5xx_HAL_Driver_18077472236357910042.dir\stm32u5xx_hal_usart.o
#        C:\Users\Irdatlanka\Desktop\Irdatlanka-STM32U5_CoreMW_CDC_koncz_board\Projects\NUCLEO-U575ZI-Q\Applications\USB_Device\CDC_Standalone\EWARM\NUCLEO-U575ZI-Q\Obj\STM32U5xx_HAL_Driver_18077472236357910042.dir\stm32u5xx_hal_usart_ex.o
#        C:\Users\Irdatlanka\Desktop\Irdatlanka-STM32U5_CoreMW_CDC_koncz_board\Projects\NUCLEO-U575ZI-Q\Applications\USB_Device\CDC_Standalone\EWARM\NUCLEO-U575ZI-Q\Obj\Core_13247989168731456611.dir\stm32u5xx_it.o
#        C:\Users\Irdatlanka\Desktop\Irdatlanka-STM32U5_CoreMW_CDC_koncz_board\Projects\NUCLEO-U575ZI-Q\Applications\USB_Device\CDC_Standalone\EWARM\NUCLEO-U575ZI-Q\Obj\STM32U5xx_HAL_Driver_18077472236357910042.dir\stm32u5xx_ll_gpio.o
#        C:\Users\Irdatlanka\Desktop\Irdatlanka-STM32U5_CoreMW_CDC_koncz_board\Projects\NUCLEO-U575ZI-Q\Applications\USB_Device\CDC_Standalone\EWARM\NUCLEO-U575ZI-Q\Obj\STM32U5xx_HAL_Driver_18077472236357910042.dir\stm32u5xx_ll_ucpd.o
#        C:\Users\Irdatlanka\Desktop\Irdatlanka-STM32U5_CoreMW_CDC_koncz_board\Projects\NUCLEO-U575ZI-Q\Applications\USB_Device\CDC_Standalone\EWARM\NUCLEO-U575ZI-Q\Obj\STM32U5xx_HAL_Driver_18077472236357910042.dir\stm32u5xx_ll_usb.o
#        C:\Users\Irdatlanka\Desktop\Irdatlanka-STM32U5_CoreMW_CDC_koncz_board\Projects\NUCLEO-U575ZI-Q\Applications\USB_Device\CDC_Standalone\EWARM\NUCLEO-U575ZI-Q\Obj\CMSIS_6603591812247902717.dir\system_stm32u5xx.o
#        C:\Users\Irdatlanka\Desktop\Irdatlanka-STM32U5_CoreMW_CDC_koncz_board\Projects\NUCLEO-U575ZI-Q\Applications\USB_Device\CDC_Standalone\EWARM\NUCLEO-U575ZI-Q\Obj\App_6612947199827748718.dir\usb_device.o
#        C:\Users\Irdatlanka\Desktop\Irdatlanka-STM32U5_CoreMW_CDC_koncz_board\Projects\NUCLEO-U575ZI-Q\Applications\USB_Device\CDC_Standalone\EWARM\NUCLEO-U575ZI-Q\Obj\CDC_16681379477064853705.dir\usbd_cdc.o
#        C:\Users\Irdatlanka\Desktop\Irdatlanka-STM32U5_CoreMW_CDC_koncz_board\Projects\NUCLEO-U575ZI-Q\Applications\USB_Device\CDC_Standalone\EWARM\NUCLEO-U575ZI-Q\Obj\App_6612947199827748718.dir\usbd_cdc_if.o
#        C:\Users\Irdatlanka\Desktop\Irdatlanka-STM32U5_CoreMW_CDC_koncz_board\Projects\NUCLEO-U575ZI-Q\Applications\USB_Device\CDC_Standalone\EWARM\NUCLEO-U575ZI-Q\Obj\Target_14167004246567845465.dir\usbd_conf.o
#        C:\Users\Irdatlanka\Desktop\Irdatlanka-STM32U5_CoreMW_CDC_koncz_board\Projects\NUCLEO-U575ZI-Q\Applications\USB_Device\CDC_Standalone\EWARM\NUCLEO-U575ZI-Q\Obj\Core_9232119672538125435.dir\usbd_core.o
#        C:\Users\Irdatlanka\Desktop\Irdatlanka-STM32U5_CoreMW_CDC_koncz_board\Projects\NUCLEO-U575ZI-Q\Applications\USB_Device\CDC_Standalone\EWARM\NUCLEO-U575ZI-Q\Obj\Core_9232119672538125435.dir\usbd_ctlreq.o
#        C:\Users\Irdatlanka\Desktop\Irdatlanka-STM32U5_CoreMW_CDC_koncz_board\Projects\NUCLEO-U575ZI-Q\Applications\USB_Device\CDC_Standalone\EWARM\NUCLEO-U575ZI-Q\Obj\App_6612947199827748718.dir\usbd_desc.o
#        C:\Users\Irdatlanka\Desktop\Irdatlanka-STM32U5_CoreMW_CDC_koncz_board\Projects\NUCLEO-U575ZI-Q\Applications\USB_Device\CDC_Standalone\EWARM\NUCLEO-U575ZI-Q\Obj\Core_9232119672538125435.dir\usbd_ioreq.o
#        C:\Users\Irdatlanka\Desktop\Irdatlanka-STM32U5_CoreMW_CDC_koncz_board\Projects\NUCLEO-U575ZI-Q\Applications\USB_Device\CDC_Standalone\EWARM\NUCLEO-U575ZI-Q\Obj\USB-PD_16088497327023206971.dir\usbpd.o
#        C:\Users\Irdatlanka\Desktop\Irdatlanka-STM32U5_CoreMW_CDC_koncz_board\Projects\NUCLEO-U575ZI-Q\Applications\USB_Device\CDC_Standalone\EWARM\NUCLEO-U575ZI-Q\Obj\STM32_USBPD_Library_10637878860516305910.dir\usbpd_cad_hw_if.o
#        C:\Users\Irdatlanka\Desktop\Irdatlanka-STM32U5_CoreMW_CDC_koncz_board\Projects\NUCLEO-U575ZI-Q\Applications\USB_Device\CDC_Standalone\EWARM\NUCLEO-U575ZI-Q\Obj\USB-PD_16088497327023206971.dir\usbpd_dpm_core.o
#        C:\Users\Irdatlanka\Desktop\Irdatlanka-STM32U5_CoreMW_CDC_koncz_board\Projects\NUCLEO-U575ZI-Q\Applications\USB_Device\CDC_Standalone\EWARM\NUCLEO-U575ZI-Q\Obj\USB-PD_16088497327023206971.dir\usbpd_dpm_user.o
#        C:\Users\Irdatlanka\Desktop\Irdatlanka-STM32U5_CoreMW_CDC_koncz_board\Projects\NUCLEO-U575ZI-Q\Applications\USB_Device\CDC_Standalone\EWARM\NUCLEO-U575ZI-Q\Obj\STM32_USBPD_Library_10637878860516305910.dir\usbpd_hw.o
#        C:\Users\Irdatlanka\Desktop\Irdatlanka-STM32U5_CoreMW_CDC_koncz_board\Projects\NUCLEO-U575ZI-Q\Applications\USB_Device\CDC_Standalone\EWARM\NUCLEO-U575ZI-Q\Obj\STM32_USBPD_Library_10637878860516305910.dir\usbpd_hw_if_it.o
#        C:\Users\Irdatlanka\Desktop\Irdatlanka-STM32U5_CoreMW_CDC_koncz_board\Projects\NUCLEO-U575ZI-Q\Applications\USB_Device\CDC_Standalone\EWARM\NUCLEO-U575ZI-Q\Obj\STM32_USBPD_Library_10637878860516305910.dir\usbpd_phy_hw_if.o
#        C:\Users\Irdatlanka\Desktop\Irdatlanka-STM32U5_CoreMW_CDC_koncz_board\Projects\NUCLEO-U575ZI-Q\Applications\USB_Device\CDC_Standalone\EWARM\NUCLEO-U575ZI-Q\Obj\STM32_USBPD_Library_10637878860516305910.dir\usbpd_pwr_hw_if.o
#        C:\Users\Irdatlanka\Desktop\Irdatlanka-STM32U5_CoreMW_CDC_koncz_board\Projects\NUCLEO-U575ZI-Q\Applications\USB_Device\CDC_Standalone\EWARM\NUCLEO-U575ZI-Q\Obj\USB-PD_16088497327023206971.dir\usbpd_pwr_if.o
#        C:\Users\Irdatlanka\Desktop\Irdatlanka-STM32U5_CoreMW_CDC_koncz_board\Projects\NUCLEO-U575ZI-Q\Applications\USB_Device\CDC_Standalone\EWARM\NUCLEO-U575ZI-Q\Obj\STM32_USBPD_Library_10637878860516305910.dir\usbpd_trace.o
#        C:\Users\Irdatlanka\Desktop\Irdatlanka-STM32U5_CoreMW_CDC_koncz_board\Projects\NUCLEO-U575ZI-Q\Applications\USB_Device\CDC_Standalone\EWARM\NUCLEO-U575ZI-Q\Obj\USB-PD_16088497327023206971.dir\usbpd_usb_if.o
#        C:\Users\Irdatlanka\Desktop\Irdatlanka-STM32U5_CoreMW_CDC_koncz_board\Middlewares\ST\STM32_USBPD_Library\Core\lib\USBPDCORE_NOPD_CM0PLUS_wc32.a
#        --printf_multibytes --scanf_multibytes --no_out_extension -o
#        C:\Users\Irdatlanka\Desktop\Irdatlanka-STM32U5_CoreMW_CDC_koncz_board\Projects\NUCLEO-U575ZI-Q\Applications\USB_Device\CDC_Standalone\EWARM\NUCLEO-U575ZI-Q\Exe\Project.out
#        --map
#        C:\Users\Irdatlanka\Desktop\Irdatlanka-STM32U5_CoreMW_CDC_koncz_board\Projects\NUCLEO-U575ZI-Q\Applications\USB_Device\CDC_Standalone\EWARM\NUCLEO-U575ZI-Q\List\Project.map
#        --config
#        C:\Users\Irdatlanka\Desktop\Irdatlanka-STM32U5_CoreMW_CDC_koncz_board\Projects\NUCLEO-U575ZI-Q\Applications\USB_Device\CDC_Standalone\EWARM\stm32u575xx_flash.icf
#        --semihosting --entry __iar_program_start --vfe --text_out locale
#        --cpu=Cortex-M33.no_dsp.no_se --fpu=VFPv5_sp) --dependencies=n
#        C:\Users\Irdatlanka\Desktop\Irdatlanka-STM32U5_CoreMW_CDC_koncz_board\Projects\NUCLEO-U575ZI-Q\Applications\USB_Device\CDC_Standalone\EWARM\NUCLEO-U575ZI-Q\Exe\Project.out.iar_deps
#
###############################################################################

*******************************************************************************
*** RUNTIME MODEL ATTRIBUTES
***

CppFlavor       = *
__CPP_Runtime   = 1
__Heap_Handler  = NoFree
__SystemLibrary = DLib
__dlib_version  = 6


*******************************************************************************
*** HEAP SELECTION
***

The no free heap was selected because no calls to memory
deallocation functions were found in the application.


*******************************************************************************
*** PLACEMENT SUMMARY
***

"A0":  place at address 0x800'0000 { ro section .intvec };
"P1":  place in [from 0x800'0000 to 0x81f'ffff] { ro };
define block CSTACK with size = 1K, alignment = 8 { };
define block HEAP with size = 512, alignment = 8 { };
"P2":  place in [from 0x2000'0000 to 0x200b'ffff] {
          rw, block CSTACK, block HEAP };
initialize by copy { rw };

  Section            Kind         Address    Size  Object
  -------            ----         -------    ----  ------
"A0":                                       0x238
  .intvec            ro code   0x800'0000   0x238  startup_stm32u575xx.o [7]
                             - 0x800'0238   0x238

"P1":                                      0xc62a
  .text              ro code   0x800'0238  0x1a58  stm32u5xx_hal_rcc_ex.o [8]
  .text              ro code   0x800'1c90     0xc  stm32u5xx_hal.o [8]
  .text              ro code   0x800'1c9c  0x11ac  stm32u5xx_hal_rcc.o [8]
  .text              ro code   0x800'2e48    0x58  stm32u5xx_hal.o [8]
  .text              ro code   0x800'2ea0    0xf0  stm32u5xx_hal_pwr_ex.o [8]
  .text              ro code   0x800'2f90   0x190  stm32u5xx_hal_cortex.o [8]
  .text              ro code   0x800'3120  0x1336  stm32u5xx_hal_adc.o [8]
  .text              ro code   0x800'4456    0x7e  lz77_init_single.o [16]
  .text              ro code   0x800'44d4    0x5c  stm32u5xx_hal.o [8]
  .text              ro code   0x800'4530   0x258  stm32u5xx_hal_msp.o [5]
  .text              ro code   0x800'4788   0x448  stm32u5xx_hal_gpio.o [8]
  .text              ro code   0x800'4bd0   0x918  stm32u5xx_hal_dma.o [8]
  .text              ro code   0x800'54e8    0x66  ABImemset.o [16]
  .text              ro code   0x800'554e     0x2  stm32u5xx_hal_adc.o [8]
  .text              ro code   0x800'5550   0x370  main.o [5]
  .text              ro code   0x800'58c0   0x114  seahorse.o [10]
  .text              ro code   0x800'59d4   0x15c  usbpd_phy_hw_if.o [9]
  .text              ro code   0x800'5b30    0xf8  usb_device.o [1]
  .text              ro code   0x800'5c28    0x18  usbpd.o [12]
  .text              ro code   0x800'5c40   0x104  usbpd_dpm_core.o [12]
  .text              ro code   0x800'5d44    0x34  stm32u5xx_hal_icache.o [8]
  .text              ro code   0x800'5d78   0x2b2  stm32u5xx_hal_spi.o [8]
  .text              ro code   0x800'602a     0x2  stm32u5xx_hal_adc.o [8]
  .text              ro code   0x800'602c    0x54  stm32u5xx_hal_spi_ex.o [8]
  .text              ro code   0x800'6080  0x125c  stm32u5xx_hal_uart.o [8]
  .text              ro code   0x800'72dc   0x170  stm32u5xx_hal_uart_ex.o [8]
  .text              ro code   0x800'744c   0x3f4  usbd_conf.o [11]
  .text              ro code   0x800'7840   0x45a  usbd_core.o [6]
  .text              ro code   0x800'7c9a     0x2  stm32u5xx_hal_adc.o [8]
  .text              ro code   0x800'7c9c   0x454  usbd_cdc.o [2]
  .text              ro code   0x800'80f0    0x1c  usbpd_pe_lib.o [13]
  .text              ro code   0x800'810c   0x13c  usbpd_cad.o [13]
  .text              ro code   0x800'8248    0x3c  usbpd_dpm_user.o [12]
  .text              ro code   0x800'8284     0x2  stm32u5xx_hal_spi.o [8]
  .text              ro code   0x800'8286     0x2  stm32u5xx_hal_adc.o [8]
  .text              ro code   0x800'8288   0x110  stm32u5xx_hal_dma_ex.o [8]
  .text              ro code   0x800'8398   0x308  usbd_cdc_if.o [1]
  .text              ro code   0x800'86a0     0x2  stm32u5xx_hal_uart.o [8]
  .text              ro code   0x800'86a2     0x2  stm32u5xx_hal_uart_ex.o [8]
  .text              ro code   0x800'86a4     0x2  stm32u5xx_hal_uart_ex.o [8]
  .text              ro code   0x800'86a6     0x2  stm32u5xx_hal_adc_ex.o [8]
  .text              ro code   0x800'86a8   0x230  I64DivMod.o [16]
  .text              ro code   0x800'88d8     0x2  stm32u5xx_hal_uart.o [8]
  .text              ro code   0x800'88da     0x2  stm32u5xx_hal_adc_ex.o [8]
  .text              ro code   0x800'88dc   0xd68  stm32u5xx_hal_pcd.o [8]
  .text              ro code   0x800'9644    0xa0  stm32u5xx_hal_pcd_ex.o [8]
  .text              ro code   0x800'96e4   0x8a4  usbd_ctlreq.o [6]
  .text              ro code   0x800'9f88    0xac  usbd_ioreq.o [6]
  .text              ro code   0x800'a034    0x50  no_free_heap0.o [14]
  .text              ro code   0x800'a084     0x6  ABImemclr.o [16]
  .text              ro code   0x800'a08a     0x2  stm32u5xx_hal_adc_ex.o [8]
  .text              ro code   0x800'a08c   0x5fc  usbpd_cad_hw_if.o [9]
  .text              ro code   0x800'a688    0x50  usbpd_usb_if.o [12]
  .text              ro code   0x800'a6d8   0x540  stm32u5xx_hal_tim.o [8]
  .text              ro code   0x800'ac18     0x2  I64DivZer.o [16]
  .text              ro code   0x800'ac1a     0x2  stm32u5xx_hal_adc_ex.o [8]
  .text              ro code   0x800'ac1c   0xf50  stm32u5xx_ll_usb.o [8]
  .text              ro code   0x800'bb6c    0x86  ABImemcpy.o [16]
  .text              ro code   0x800'bbf2     0x2  stm32u5xx_hal_pcd_ex.o [8]
  .text              ro code   0x800'bbf4    0x2c  xgetmemchunk.o [14]
  .text              ro code   0x800'bc20     0xc  usbpd_hw.o [9]
  .text              ro code   0x800'bc2c    0x7c  stm32u5xx_ll_ucpd.o [8]
  .text              ro code   0x800'bca8    0x66  seahorse_usbpd_pwr.o [10]
  .text              ro code   0x800'bd0e    0x4e  usbpd_pwr_if.o [12]
  .text              ro code   0x800'bd5c     0x2  usbpd_trace.o [9]
  .text              ro code   0x800'bd5e     0x2  stm32u5xx_hal_tim.o [8]
  .text              ro code   0x800'bd60     0x2  stm32u5xx_hal_tim.o [8]
  .text              ro code   0x800'bd62     0x2  stm32u5xx_hal_tim.o [8]
  .text              ro code   0x800'bd64     0x2  stm32u5xx_hal_tim.o [8]
  .text              ro code   0x800'bd66     0x2  stm32u5xx_hal_tim_ex.o [8]
  .text              ro code   0x800'bd68     0x2  stm32u5xx_hal_tim_ex.o [8]
  .text              ro code   0x800'bd6a     0x2  stm32u5xx_hal_tim.o [8]
  .text              ro code   0x800'bd6c     0x2  stm32u5xx_hal_tim_ex.o [8]
  .text              ro code   0x800'bd6e     0x2  stm32u5xx_hal_tim_ex.o [8]
  .text              ro code   0x800'bd70     0x2  stm32u5xx_hal_tim_ex.o [8]
  .text              ro code   0x800'bd72     0x2  stm32u5xx_hal_tim_ex.o [8]
  .text              ro code   0x800'bd74     0x2  stm32u5xx_hal_tim_ex.o [8]
  .text              ro code   0x800'bd76    0x14  usbpd_pwr_hw_if.o [9]
  .text              ro code   0x800'bd8a     0x2  stm32u5xx_hal_adc_ex.o [8]
  .text              ro code   0x800'bd8c   0x330  usbpd_hw_if_it.o [9]
  .text              ro code   0x800'c0bc   0x15e  usbd_desc.o [1]
  .rodata            const     0x800'c21c    0x80  stm32u5xx_hal_gpio.o [8]
  .text              ro code   0x800'c29c    0x6c  system_stm32u5xx.o [3]
  .text              ro code   0x800'c308    0x58  stm32u5xx_it.o [5]
  .text              ro code   0x800'c360    0x18  stm32u5xx_hal.o [8]
  .rodata            const     0x800'c378    0x40  system_stm32u5xx.o [3]
  .text              ro code   0x800'c3b8    0x38  zero_init3.o [16]
  .text              ro code   0x800'c3f0    0x28  data_init.o [16]
  .text              ro code   0x800'c418    0x22  fpinit_M.o [15]
  .iar.init_table    const     0x800'c43c    0x20  - Linker created -
  .rodata            const     0x800'c45c    0x20  usbd_desc.o [1]
  .text              ro code   0x800'c47c    0x1e  cmain.o [16]
  .text              ro code   0x800'c49a     0x4  low_level_init.o [14]
  .text              ro code   0x800'c49e     0x4  exit.o [14]
  .text              ro code   0x800'c4a4     0xa  cexit.o [16]
  .text              ro code   0x800'c4b0    0x14  exit.o [17]
  .text              ro code   0x800'c4c4    0x1c  cstartup_M.o [16]
  .rodata            const     0x800'c4e0    0x18  stm32u5xx_hal_uart.o [8]
  .rodata            const     0x800'c4f8    0x14  usbd_desc.o [1]
  .rodata            const     0x800'c50c    0x14  usbpd_usb_if.o [12]
  .rodata            const     0x800'c520    0x14  usbpd_usb_if.o [12]
  .rodata            const     0x800'c534    0x10  system_stm32u5xx.o [3]
  .rodata            const     0x800'c544    0x10  usbd_desc.o [1]
  .text              ro code   0x800'c554    0x10  startup_stm32u575xx.o [7]
  .rodata            const     0x800'c564     0xc  usbd_desc.o [1]
  .rodata            const     0x800'c570     0x8  stm32u5xx_hal_uart_ex.o [8]
  .rodata            const     0x800'c578     0x8  stm32u5xx_hal_uart_ex.o [8]
  .rodata            const     0x800'c580     0x8  system_stm32u5xx.o [3]
  .rodata            const     0x800'c588     0x8  usbpd_dpm_core.o [12]
  .rodata            const     0x800'c590     0x4  usbpd_dpm_core.o [12]
  .text              ro code   0x800'c594     0x4  startup_stm32u575xx.o [7]
  .text              ro code   0x800'c598     0x4  startup_stm32u575xx.o [7]
  .text              ro code   0x800'c59c     0x4  startup_stm32u575xx.o [7]
  .text              ro code   0x800'c5a0     0x4  startup_stm32u575xx.o [7]
  .text              ro code   0x800'c5a4     0x4  startup_stm32u575xx.o [7]
  .text              ro code   0x800'c5a8     0x4  startup_stm32u575xx.o [7]
  .text              ro code   0x800'c5ac     0x4  startup_stm32u575xx.o [7]
  .text              ro code   0x800'c5b0     0x4  startup_stm32u575xx.o [7]
  .text              ro code   0x800'c5b4     0x4  startup_stm32u575xx.o [7]
  .text              ro code   0x800'c5b8     0x4  startup_stm32u575xx.o [7]
  .text              ro code   0x800'c5bc     0x4  startup_stm32u575xx.o [7]
  .text              ro code   0x800'c5c0     0x4  startup_stm32u575xx.o [7]
  .text              ro code   0x800'c5c4     0x4  startup_stm32u575xx.o [7]
  .text              ro code   0x800'c5c8     0x4  startup_stm32u575xx.o [7]
  .text              ro code   0x800'c5cc     0x4  startup_stm32u575xx.o [7]
  .text              ro code   0x800'c5d0     0x4  startup_stm32u575xx.o [7]
  .text              ro code   0x800'c5d4     0x4  startup_stm32u575xx.o [7]
  .text              ro code   0x800'c5d8     0x4  startup_stm32u575xx.o [7]
  .text              ro code   0x800'c5dc     0x4  startup_stm32u575xx.o [7]
  .text              ro code   0x800'c5e0     0x4  startup_stm32u575xx.o [7]
  .text              ro code   0x800'c5e4     0x4  startup_stm32u575xx.o [7]
  .text              ro code   0x800'c5e8     0x4  startup_stm32u575xx.o [7]
  .text              ro code   0x800'c5ec     0x4  startup_stm32u575xx.o [7]
  .text              ro code   0x800'c5f0     0x4  startup_stm32u575xx.o [7]
  .text              ro code   0x800'c5f4     0x4  startup_stm32u575xx.o [7]
  .text              ro code   0x800'c5f8     0x4  startup_stm32u575xx.o [7]
  .text              ro code   0x800'c5fc     0x4  startup_stm32u575xx.o [7]
  .text              ro code   0x800'c600     0x4  startup_stm32u575xx.o [7]
  .text              ro code   0x800'c604     0x4  startup_stm32u575xx.o [7]
  .text              ro code   0x800'c608     0x4  startup_stm32u575xx.o [7]
  .text              ro code   0x800'c60c     0x4  startup_stm32u575xx.o [7]
  .text              ro code   0x800'c610     0x4  startup_stm32u575xx.o [7]
  .text              ro code   0x800'c614     0x4  startup_stm32u575xx.o [7]
  .text              ro code   0x800'c618     0x4  startup_stm32u575xx.o [7]
  .text              ro code   0x800'c61c     0x4  startup_stm32u575xx.o [7]
  .text              ro code   0x800'c620     0x4  startup_stm32u575xx.o [7]
  .text              ro code   0x800'c624     0x4  startup_stm32u575xx.o [7]
  .text              ro code   0x800'c628     0x4  startup_stm32u575xx.o [7]
  .text              ro code   0x800'c62c     0x4  startup_stm32u575xx.o [7]
  .text              ro code   0x800'c630     0x4  startup_stm32u575xx.o [7]
  .text              ro code   0x800'c634     0x4  startup_stm32u575xx.o [7]
  .text              ro code   0x800'c638     0x4  startup_stm32u575xx.o [7]
  .text              ro code   0x800'c63c     0x4  startup_stm32u575xx.o [7]
  .text              ro code   0x800'c640     0x4  startup_stm32u575xx.o [7]
  .text              ro code   0x800'c644     0x4  startup_stm32u575xx.o [7]
  .text              ro code   0x800'c648     0x4  startup_stm32u575xx.o [7]
  .text              ro code   0x800'c64c     0x4  startup_stm32u575xx.o [7]
  .text              ro code   0x800'c650     0x4  startup_stm32u575xx.o [7]
  .text              ro code   0x800'c654     0x4  startup_stm32u575xx.o [7]
  .text              ro code   0x800'c658     0x4  startup_stm32u575xx.o [7]
  .text              ro code   0x800'c65c     0x4  startup_stm32u575xx.o [7]
  .text              ro code   0x800'c660     0x4  startup_stm32u575xx.o [7]
  .text              ro code   0x800'c664     0x4  startup_stm32u575xx.o [7]
  .text              ro code   0x800'c668     0x4  startup_stm32u575xx.o [7]
  .text              ro code   0x800'c66c     0x4  startup_stm32u575xx.o [7]
  .text              ro code   0x800'c670     0x4  startup_stm32u575xx.o [7]
  .text              ro code   0x800'c674     0x4  startup_stm32u575xx.o [7]
  .text              ro code   0x800'c678     0x4  startup_stm32u575xx.o [7]
  .text              ro code   0x800'c67c     0x4  startup_stm32u575xx.o [7]
  .text              ro code   0x800'c680     0x4  startup_stm32u575xx.o [7]
  .text              ro code   0x800'c684     0x4  startup_stm32u575xx.o [7]
  .text              ro code   0x800'c688     0x4  startup_stm32u575xx.o [7]
  .text              ro code   0x800'c68c     0x4  startup_stm32u575xx.o [7]
  .text              ro code   0x800'c690     0x4  startup_stm32u575xx.o [7]
  .text              ro code   0x800'c694     0x4  startup_stm32u575xx.o [7]
  .text              ro code   0x800'c698     0x4  startup_stm32u575xx.o [7]
  .text              ro code   0x800'c69c     0x4  startup_stm32u575xx.o [7]
  .text              ro code   0x800'c6a0     0x4  startup_stm32u575xx.o [7]
  .text              ro code   0x800'c6a4     0x4  startup_stm32u575xx.o [7]
  .text              ro code   0x800'c6a8     0x4  startup_stm32u575xx.o [7]
  .text              ro code   0x800'c6ac     0x4  startup_stm32u575xx.o [7]
  .text              ro code   0x800'c6b0     0x4  startup_stm32u575xx.o [7]
  .text              ro code   0x800'c6b4     0x4  startup_stm32u575xx.o [7]
  .text              ro code   0x800'c6b8     0x4  startup_stm32u575xx.o [7]
  .text              ro code   0x800'c6bc     0x4  startup_stm32u575xx.o [7]
  .text              ro code   0x800'c6c0     0x4  startup_stm32u575xx.o [7]
  .text              ro code   0x800'c6c4     0x4  startup_stm32u575xx.o [7]
  .text              ro code   0x800'c6c8     0x4  startup_stm32u575xx.o [7]
  .text              ro code   0x800'c6cc     0x4  startup_stm32u575xx.o [7]
  .text              ro code   0x800'c6d0     0x4  startup_stm32u575xx.o [7]
  .text              ro code   0x800'c6d4     0x4  startup_stm32u575xx.o [7]
  .text              ro code   0x800'c6d8     0x4  startup_stm32u575xx.o [7]
  .text              ro code   0x800'c6dc     0x4  startup_stm32u575xx.o [7]
  .text              ro code   0x800'c6e0     0x4  startup_stm32u575xx.o [7]
  .text              ro code   0x800'c6e4     0x4  startup_stm32u575xx.o [7]
  .text              ro code   0x800'c6e8     0x4  startup_stm32u575xx.o [7]
  .text              ro code   0x800'c6ec     0x4  startup_stm32u575xx.o [7]
  .text              ro code   0x800'c6f0     0x4  startup_stm32u575xx.o [7]
  .text              ro code   0x800'c6f4     0x4  startup_stm32u575xx.o [7]
  .text              ro code   0x800'c6f8     0x4  startup_stm32u575xx.o [7]
  .text              ro code   0x800'c6fc     0x4  startup_stm32u575xx.o [7]
  .text              ro code   0x800'c700     0x4  startup_stm32u575xx.o [7]
  .text              ro code   0x800'c704     0x4  startup_stm32u575xx.o [7]
  .text              ro code   0x800'c708     0x4  startup_stm32u575xx.o [7]
  .text              ro code   0x800'c70c     0x4  startup_stm32u575xx.o [7]
  .text              ro code   0x800'c710     0x4  startup_stm32u575xx.o [7]
  .text              ro code   0x800'c714     0x4  startup_stm32u575xx.o [7]
  .text              ro code   0x800'c718     0x4  startup_stm32u575xx.o [7]
  .text              ro code   0x800'c71c     0x4  startup_stm32u575xx.o [7]
  .text              ro code   0x800'c720     0x4  startup_stm32u575xx.o [7]
  .text              ro code   0x800'c724     0x4  startup_stm32u575xx.o [7]
  .text              ro code   0x800'c728     0x4  startup_stm32u575xx.o [7]
  .text              ro code   0x800'c72c     0x4  startup_stm32u575xx.o [7]
  .text              ro code   0x800'c730     0x4  startup_stm32u575xx.o [7]
  .text              ro code   0x800'c734     0x4  startup_stm32u575xx.o [7]
  .text              ro code   0x800'c738     0x4  startup_stm32u575xx.o [7]
  .text              ro code   0x800'c73c     0x4  startup_stm32u575xx.o [7]
  .text              ro code   0x800'c740     0x4  startup_stm32u575xx.o [7]
  .text              ro code   0x800'c744     0x4  startup_stm32u575xx.o [7]
  .text              ro code   0x800'c748     0x4  startup_stm32u575xx.o [7]
  .text              ro code   0x800'c74c     0x4  startup_stm32u575xx.o [7]
  .text              ro code   0x800'c750     0x4  startup_stm32u575xx.o [7]
  .text              ro code   0x800'c754     0x4  startup_stm32u575xx.o [7]
  .text              ro code   0x800'c758     0x4  startup_stm32u575xx.o [7]
  .text              ro code   0x800'c75c     0x4  startup_stm32u575xx.o [7]
  .text              ro code   0x800'c760     0x4  startup_stm32u575xx.o [7]
  .text              ro code   0x800'c764     0x4  startup_stm32u575xx.o [7]
  .text              ro code   0x800'c768     0x4  startup_stm32u575xx.o [7]
  .text              ro code   0x800'c76c     0x4  startup_stm32u575xx.o [7]
  .text              ro code   0x800'c770     0x4  startup_stm32u575xx.o [7]
  .text              ro code   0x800'c774     0x4  startup_stm32u575xx.o [7]
  .text              ro code   0x800'c778     0x4  startup_stm32u575xx.o [7]
  .rodata            const     0x800'c77c     0x0  zero_init3.o [16]
  .rodata            const     0x800'c77c     0x0  lz77_init_single.o [16]
  Initializer bytes  const     0x800'c77c    0xe6  <for P2-1>
                             - 0x800'c862  0xc62a

"P2", part 1 of 3:                          0x185
  P2-1                        0x2000'0000   0x185  <Init block>
    .data            inited   0x2000'0000     0x4  stm32u5xx_hal.o [8]
    .data            inited   0x2000'0004     0x4  system_stm32u5xx.o [3]
    .data            inited   0x2000'0008     0xc  usbd_cdc.o [2]
    .data            inited   0x2000'0014    0x38  usbd_cdc.o [2]
    .data            inited   0x2000'004c    0x44  usbd_cdc.o [2]
    .data            inited   0x2000'0090    0x44  usbd_cdc.o [2]
    .data            inited   0x2000'00d4    0x44  usbd_cdc.o [2]
    .data            inited   0x2000'0118     0x8  usbd_cdc_if.o [1]
    .data            inited   0x2000'0120    0x14  usbd_cdc_if.o [1]
    .data            inited   0x2000'0134    0x1c  usbd_desc.o [1]
    .data            inited   0x2000'0150    0x14  usbd_desc.o [1]
    .data            inited   0x2000'0164     0x4  usbd_desc.o [1]
    .data            inited   0x2000'0168    0x1c  usbd_desc.o [1]
    .data            inited   0x2000'0184     0x1  stm32u5xx_hal.o [8]
                            - 0x2000'0185   0x185

"P2", part 2 of 3:                         0x1ea0
  .bss               zero     0x2000'0188   0x800  usbd_cdc_if.o [1]
  .bss               zero     0x2000'0988   0x800  usbd_cdc_if.o [1]
  .bss               zero     0x2000'1188   0x408  usbd_conf.o [11]
  .bss               zero     0x2000'1590   0x2d0  usb_device.o [1]
  .bss               zero     0x2000'1860   0x220  usbd_conf.o [11]
  .bss               zero     0x2000'1a80   0x200  usbd_desc.o [1]
  .bss               zero     0x2000'1c80    0xb8  seahorse.o [10]
  .bss               zero     0x2000'1d38    0x90  main.o [5]
  .bss               zero     0x2000'1dc8    0x90  main.o [5]
  .bss               zero     0x2000'1e58    0x90  usbd_cdc_if.o [1]
  .bss               zero     0x2000'1ee8    0x78  stm32u5xx_hal_msp.o [5]
  .bss               zero     0x2000'1f60    0x4c  usbd_cdc_if.o [1]
  .bss               zero     0x2000'1fac    0x38  usbpd_phy_hw_if.o [9]
  .bss               zero     0x2000'1fe4     0xc  usbpd_cad_hw_if.o [9]
  .bss               zero     0x2000'1ff0     0x8  usbpd_dpm_core.o [12]
  .bss               zero     0x2000'1ff8     0x8  usbpd_dpm_core.o [12]
  .bss               zero     0x2000'2000     0x8  usbpd_cad.o [13]
  .bss               zero     0x2000'2008     0x4  stm32u5xx_hal.o [8]
  .bss               zero     0x2000'200c     0x4  usbd_cdc_if.o [1]
  .bss               zero     0x2000'2010     0x4  usbd_cdc_if.o [1]
  .bss               zero     0x2000'2014     0x4  usbd_cdc_if.o [1]
  .bss               zero     0x2000'2018     0x4  usbpd_dpm_core.o [12]
  .bss               zero     0x2000'201c     0x4  no_free_heap0.o [14]
  .bss               zero     0x2000'2020     0x4  xgetmemchunk.o [14]
  .bss               zero     0x2000'2024     0x1  usbd_ctlreq.o [6]
  .bss               zero     0x2000'2025     0x1  usbpd_hw_if_it.o [9]
                            - 0x2000'2026  0x1e9e

"P2", part 3 of 3:                          0x600
  CSTACK                      0x2000'2028   0x400  <Block>
    CSTACK           uninit   0x2000'2028   0x400  <Block tail>
  HEAP                        0x2000'2428   0x200  <Block>
    HEAP             uninit   0x2000'2428   0x200  <Block tail>
                            - 0x2000'2628   0x600

Unused ranges:

         From           To       Size
         ----           --       ----
   0x800'c862   0x81f'ffff  0x1f'379e
  0x2000'0185  0x2000'0187        0x3
  0x2000'2628  0x200b'ffff   0xb'd9d8


*******************************************************************************
*** INIT TABLE
***

          Address      Size
          -------      ----
Zero (__iar_zero_init3)
    1 destination range, total size 0x1e9e:
          0x2000'0188  0x1e9e

Copy/lz77 (__iar_lz77_init_single3)
    1 source range, total size 0xe6 (59% of destination):
           0x800'c77c    0xe6
    1 destination range, total size 0x185:
          0x2000'0000   0x185



*******************************************************************************
*** MODULE SUMMARY
***

    Module                   ro code  ro data  rw data
    ------                   -------  -------  -------
command line/config:
    --------------------------------------------------
    Total:

C:\Users\Irdatlanka\Desktop\Irdatlanka-STM32U5_CoreMW_CDC_koncz_board\Projects\NUCLEO-U575ZI-Q\Applications\USB_Device\CDC_Standalone\EWARM\NUCLEO-U575ZI-Q\Obj\App_6612947199827748718.dir: [1]
    usb_device.o                 248               720
    usbd_cdc_if.o                776       17    4'356
    usbd_desc.o                  350      127      592
    --------------------------------------------------
    Total:                     1'374      144    5'668

C:\Users\Irdatlanka\Desktop\Irdatlanka-STM32U5_CoreMW_CDC_koncz_board\Projects\NUCLEO-U575ZI-Q\Applications\USB_Device\CDC_Standalone\EWARM\NUCLEO-U575ZI-Q\Obj\CDC_16681379477064853705.dir: [2]
    usbd_cdc.o                 1'108      161      272
    --------------------------------------------------
    Total:                     1'108      161      272

C:\Users\Irdatlanka\Desktop\Irdatlanka-STM32U5_CoreMW_CDC_koncz_board\Projects\NUCLEO-U575ZI-Q\Applications\USB_Device\CDC_Standalone\EWARM\NUCLEO-U575ZI-Q\Obj\CMSIS_6603591812247902717.dir: [3]
    system_stm32u5xx.o           108       90        4
    --------------------------------------------------
    Total:                       108       90        4

C:\Users\Irdatlanka\Desktop\Irdatlanka-STM32U5_CoreMW_CDC_koncz_board\Projects\NUCLEO-U575ZI-Q\Applications\USB_Device\CDC_Standalone\EWARM\NUCLEO-U575ZI-Q\Obj\Components_1361118596739929299.dir: [4]
    --------------------------------------------------
    Total:

C:\Users\Irdatlanka\Desktop\Irdatlanka-STM32U5_CoreMW_CDC_koncz_board\Projects\NUCLEO-U575ZI-Q\Applications\USB_Device\CDC_Standalone\EWARM\NUCLEO-U575ZI-Q\Obj\Core_13247989168731456611.dir: [5]
    main.o                       880               288
    stm32u5xx_hal_msp.o          600               120
    stm32u5xx_it.o                88
    --------------------------------------------------
    Total:                     1'568               408

C:\Users\Irdatlanka\Desktop\Irdatlanka-STM32U5_CoreMW_CDC_koncz_board\Projects\NUCLEO-U575ZI-Q\Applications\USB_Device\CDC_Standalone\EWARM\NUCLEO-U575ZI-Q\Obj\Core_9232119672538125435.dir: [6]
    usbd_core.o                1'114
    usbd_ctlreq.o              2'212                 1
    usbd_ioreq.o                 172
    --------------------------------------------------
    Total:                     3'498                 1

C:\Users\Irdatlanka\Desktop\Irdatlanka-STM32U5_CoreMW_CDC_koncz_board\Projects\NUCLEO-U575ZI-Q\Applications\USB_Device\CDC_Standalone\EWARM\NUCLEO-U575ZI-Q\Obj\EWARM_18443280873093131863.dir: [7]
    startup_stm32u575xx.o      1'072
    --------------------------------------------------
    Total:                     1'072

C:\Users\Irdatlanka\Desktop\Irdatlanka-STM32U5_CoreMW_CDC_koncz_board\Projects\NUCLEO-U575ZI-Q\Applications\USB_Device\CDC_Standalone\EWARM\NUCLEO-U575ZI-Q\Obj\STM32U5xx_HAL_Driver_18077472236357910042.dir: [8]
    stm32u5xx_hal.o              216        2        9
    stm32u5xx_hal_adc.o        4'926
    stm32u5xx_hal_adc_ex.o        10
    stm32u5xx_hal_cortex.o       400
    stm32u5xx_hal_dma.o        2'328
    stm32u5xx_hal_dma_ex.o       272
    stm32u5xx_hal_gpio.o       1'096      128
    stm32u5xx_hal_icache.o        52
    stm32u5xx_hal_pcd.o        3'432
    stm32u5xx_hal_pcd_ex.o       162
    stm32u5xx_hal_pwr_ex.o       240
    stm32u5xx_hal_rcc.o        4'524
    stm32u5xx_hal_rcc_ex.o     6'744
    stm32u5xx_hal_spi.o          692
    stm32u5xx_hal_spi_ex.o        84
    stm32u5xx_hal_tim.o        1'354
    stm32u5xx_hal_tim_ex.o        14
    stm32u5xx_hal_uart.o       4'704       24
    stm32u5xx_hal_uart_ex.o      372       16
    stm32u5xx_ll_ucpd.o          124
    stm32u5xx_ll_usb.o         3'920
    --------------------------------------------------
    Total:                    35'666      170        9

C:\Users\Irdatlanka\Desktop\Irdatlanka-STM32U5_CoreMW_CDC_koncz_board\Projects\NUCLEO-U575ZI-Q\Applications\USB_Device\CDC_Standalone\EWARM\NUCLEO-U575ZI-Q\Obj\STM32_USBPD_Library_10637878860516305910.dir: [9]
    usbpd_cad_hw_if.o          1'532                12
    usbpd_hw.o                    12
    usbpd_hw_if_it.o             816                 1
    usbpd_phy_hw_if.o            348                56
    usbpd_pwr_hw_if.o             20
    usbpd_trace.o                  2
    --------------------------------------------------
    Total:                     2'730                69

C:\Users\Irdatlanka\Desktop\Irdatlanka-STM32U5_CoreMW_CDC_koncz_board\Projects\NUCLEO-U575ZI-Q\Applications\USB_Device\CDC_Standalone\EWARM\NUCLEO-U575ZI-Q\Obj\Seahorse_v1_13032176894571403394.dir: [10]
    seahorse.o                   276               184
    seahorse_usbpd_pwr.o         102
    --------------------------------------------------
    Total:                       378               184

C:\Users\Irdatlanka\Desktop\Irdatlanka-STM32U5_CoreMW_CDC_koncz_board\Projects\NUCLEO-U575ZI-Q\Applications\USB_Device\CDC_Standalone\EWARM\NUCLEO-U575ZI-Q\Obj\Target_14167004246567845465.dir: [11]
    usbd_conf.o                1'012             1'576
    --------------------------------------------------
    Total:                     1'012             1'576

C:\Users\Irdatlanka\Desktop\Irdatlanka-STM32U5_CoreMW_CDC_koncz_board\Projects\NUCLEO-U575ZI-Q\Applications\USB_Device\CDC_Standalone\EWARM\NUCLEO-U575ZI-Q\Obj\USB-PD_16088497327023206971.dir: [12]
    usbpd.o                       24
    usbpd_dpm_core.o             260       12       20
    usbpd_dpm_user.o              60
    usbpd_pwr_if.o                78
    usbpd_usb_if.o                80       40
    --------------------------------------------------
    Total:                       502       52       20

USBPDCORE_NOPD_CM0PLUS_wc32.a: [13]
    usbpd_cad.o                  316                 8
    usbpd_pe_lib.o                28
    --------------------------------------------------
    Total:                       344                 8

dl7M_tlf.a: [14]
    exit.o                         4
    low_level_init.o               4
    no_free_heap0.o               80                 4
    xgetmemchunk.o                44                 4
    --------------------------------------------------
    Total:                       132                 8

m7M_tls.a: [15]
    fpinit_M.o                    34
    --------------------------------------------------
    Total:                        34

rt7M_tl.a: [16]
    ABImemclr.o                    6
    ABImemcpy.o                  134
    ABImemset.o                  102
    I64DivMod.o                  560
    I64DivZer.o                    2
    cexit.o                       10
    cmain.o                       30
    cstartup_M.o                  28
    data_init.o                   40
    lz77_init_single.o           126
    zero_init3.o                  56
    --------------------------------------------------
    Total:                     1'094

shb_l.a: [17]
    exit.o                        20
    --------------------------------------------------
    Total:                        20

    Gaps                           4        4
    Linker created                         33    1'536
------------------------------------------------------
    Grand Total:              50'644      654    9'763


*******************************************************************************
*** ENTRY LIST
***

Entry                       Address   Size  Type      Object
-----                       -------   ----  ----      ------
.iar.init_table$$Base    0x800'c43c          --   Gb  - Linker created -
.iar.init_table$$Limit   0x800'c45c          --   Gb  - Linker created -
?main                    0x800'c47d         Code  Gb  cmain.o [16]
ADC1_IRQHandler          0x800'c629         Code  Wk  startup_stm32u575xx.o [7]
ADC4_IRQHandler          0x800'c749         Code  Wk  startup_stm32u575xx.o [7]
ADC_ConversionStop       0x800'4201  0x102  Code  Gb  stm32u5xx_hal_adc.o [8]
ADC_Disable              0x800'43d7   0x80  Code  Gb  stm32u5xx_hal_adc.o [8]
ADC_Enable               0x800'4355   0x82  Code  Gb  stm32u5xx_hal_adc.o [8]
ADF1_IRQHandler          0x800'c745         Code  Wk  startup_stm32u575xx.o [7]
AES_IRQHandler           0x800'c6fd         Code  Wk  startup_stm32u575xx.o [7]
AHBPrescTable            0x800'c534   0x10  Data  Gb  system_stm32u5xx.o [3]
APBPrescTable            0x800'c580    0x8  Data  Gb  system_stm32u5xx.o [3]
BSP_ADC1_Select_CH15     0x800'5927   0x42  Code  Gb  seahorse.o [10]
BSP_Init_ADC1            0x800'58c1   0x66  Code  Gb  seahorse.o [10]
BSP_MeasureVBUS          0x800'5969   0x56  Code  Gb  seahorse.o [10]
BSP_USBPD_PWR_Init       0x800'bca9   0x20  Code  Gb  seahorse_usbpd_pwr.o [10]
BSP_USBPD_PWR_VBUSDeInit
                         0x800'bcdd   0x10  Code  Gb  seahorse_usbpd_pwr.o [10]
BSP_USBPD_PWR_VBUSGetVoltage
                         0x800'bced   0x22  Code  Gb  seahorse_usbpd_pwr.o [10]
BSP_USBPD_PWR_VBUSInit   0x800'bccd   0x10  Code  Gb  seahorse_usbpd_pwr.o [10]
BusFault_Handler         0x800'c30f    0x2  Code  Gb  stm32u5xx_it.o [5]
CACHE_Enable             0x800'563f    0xe  Code  Lc  main.o [5]
CAD_Check_HW_SNK         0x800'a3c9   0xae  Code  Lc  usbpd_cad_hw_if.o [9]
CAD_HW_Handles          0x2000'1fe4    0xc  Data  Lc  usbpd_cad_hw_if.o [9]
CAD_Handles             0x2000'2000    0x8  Data  Lc  usbpd_cad.o [13]
CAD_Init                 0x800'a17f  0x15c  Code  Gb  usbpd_cad_hw_if.o [9]
CAD_StateMachine         0x800'a345   0x84  Code  Gb  usbpd_cad_hw_if.o [9]
CAD_StateMachine_SNK     0x800'a2dd   0x68  Code  Lc  usbpd_cad_hw_if.o [9]
CDC_Desc                0x2000'0134   0x1c  Data  Gb  usbd_desc.o [1]
CDC_Itf_Control          0x800'841f   0x94  Code  Lc  usbd_cdc_if.o [1]
CDC_Itf_DeInit           0x800'840b   0x14  Code  Lc  usbd_cdc_if.o [1]
CDC_Itf_Init             0x800'8399   0x72  Code  Lc  usbd_cdc_if.o [1]
CDC_Itf_Receive          0x800'853d   0x16  Code  Lc  usbd_cdc_if.o [1]
CDC_TransmitCplt         0x800'8553    0x6  Code  Lc  usbd_cdc_if.o [1]
COMP_IRQHandler          0x800'c6ad         Code  Wk  startup_stm32u575xx.o [7]
CORDIC_IRQHandler        0x800'c771         Code  Wk  startup_stm32u575xx.o [7]
CRS_IRQHandler           0x800'c6b1         Code  Wk  startup_stm32u575xx.o [7]
CSTACK$$Base            0x2000'2028          --   Gb  - Linker created -
CSTACK$$Limit           0x2000'2428          --   Gb  - Linker created -
ComPort_Config           0x800'8565   0xb4  Code  Lc  usbd_cdc_if.o [1]
DAC1_IRQHandler          0x800'c62d         Code  Wk  startup_stm32u575xx.o [7]
DCACHE1_IRQHandler       0x800'c741         Code  Wk  startup_stm32u575xx.o [7]
DCMI_PSSI_IRQHandler     0x800'c761         Code  Wk  startup_stm32u575xx.o [7]
DMA2D_IRQHandler         0x800'c75d         Code  Wk  startup_stm32u575xx.o [7]
DMA_Init                 0x800'5131  0x394  Code  Lc  stm32u5xx_hal_dma.o [8]
DMA_List_GetCLLRNodeInfo
                         0x800'8363   0x2c  Code  Lc  stm32u5xx_hal_dma_ex.o [8]
DMA_SetConfig            0x800'510b   0x22  Code  Lc  stm32u5xx_hal_dma.o [8]
DPM_Params              0x2000'2018    0x4  Data  Gb  usbpd_dpm_core.o [12]
DPM_Settings             0x800'c590    0x4  Data  Gb  usbpd_dpm_core.o [12]
DPM_Sleep_start         0x2000'1ff8    0x8  Data  Lc  usbpd_dpm_core.o [12]
DPM_Sleep_time          0x2000'1ff0    0x8  Data  Lc  usbpd_dpm_core.o [12]
DebugMon_Handler         0x800'c315    0x2  Code  Gb  stm32u5xx_it.o [5]
EXTI0_IRQHandler         0x800'c5c5         Code  Wk  startup_stm32u575xx.o [7]
EXTI10_IRQHandler        0x800'c5ed         Code  Wk  startup_stm32u575xx.o [7]
EXTI11_IRQHandler        0x800'c5f1         Code  Wk  startup_stm32u575xx.o [7]
EXTI12_IRQHandler        0x800'c5f5         Code  Wk  startup_stm32u575xx.o [7]
EXTI13_IRQHandler        0x800'c5f9         Code  Wk  startup_stm32u575xx.o [7]
EXTI14_IRQHandler        0x800'c5fd         Code  Wk  startup_stm32u575xx.o [7]
EXTI15_IRQHandler        0x800'c601         Code  Wk  startup_stm32u575xx.o [7]
EXTI1_IRQHandler         0x800'c5c9         Code  Wk  startup_stm32u575xx.o [7]
EXTI2_IRQHandler         0x800'c5cd         Code  Wk  startup_stm32u575xx.o [7]
EXTI3_IRQHandler         0x800'c5d1         Code  Wk  startup_stm32u575xx.o [7]
EXTI4_IRQHandler         0x800'c5d5         Code  Wk  startup_stm32u575xx.o [7]
EXTI5_IRQHandler         0x800'c5d9         Code  Wk  startup_stm32u575xx.o [7]
EXTI6_IRQHandler         0x800'c5dd         Code  Wk  startup_stm32u575xx.o [7]
EXTI7_IRQHandler         0x800'c5e1         Code  Wk  startup_stm32u575xx.o [7]
EXTI8_IRQHandler         0x800'c5e5         Code  Wk  startup_stm32u575xx.o [7]
EXTI9_IRQHandler         0x800'c5e9         Code  Wk  startup_stm32u575xx.o [7]
Error_Handler            0x800'588d    0xe  Code  Gb  main.o [5]
Error_Handler            0x800'869f    0x2  Code  Lc  usbd_cdc_if.o [1]
FDCAN1_IT0_IRQHandler    0x800'c631         Code  Wk  startup_stm32u575xx.o [7]
FDCAN1_IT1_IRQHandler    0x800'c635         Code  Wk  startup_stm32u575xx.o [7]
FLASH_IRQHandler         0x800'c5b1         Code  Wk  startup_stm32u575xx.o [7]
FLASH_S_IRQHandler       0x800'c5b5         Code  Wk  startup_stm32u575xx.o [7]
FMAC_IRQHandler          0x800'c775         Code  Wk  startup_stm32u575xx.o [7]
FMC_IRQHandler           0x800'c6b5         Code  Wk  startup_stm32u575xx.o [7]
FPU_IRQHandler           0x800'c705         Code  Wk  startup_stm32u575xx.o [7]
GPDMA1_Channel0_IRQHandler
                         0x800'c333    0xc  Code  Gb  stm32u5xx_it.o [5]
GPDMA1_Channel10_IRQHandler
                         0x800'c6d1         Code  Wk  startup_stm32u575xx.o [7]
GPDMA1_Channel11_IRQHandler
                         0x800'c6d5         Code  Wk  startup_stm32u575xx.o [7]
GPDMA1_Channel12_IRQHandler
                         0x800'c6d9         Code  Wk  startup_stm32u575xx.o [7]
GPDMA1_Channel13_IRQHandler
                         0x800'c6dd         Code  Wk  startup_stm32u575xx.o [7]
GPDMA1_Channel14_IRQHandler
                         0x800'c6e1         Code  Wk  startup_stm32u575xx.o [7]
GPDMA1_Channel15_IRQHandler
                         0x800'c6e5         Code  Wk  startup_stm32u575xx.o [7]
GPDMA1_Channel1_IRQHandler
                         0x800'c60d         Code  Wk  startup_stm32u575xx.o [7]
GPDMA1_Channel2_IRQHandler
                         0x800'c611         Code  Wk  startup_stm32u575xx.o [7]
GPDMA1_Channel3_IRQHandler
                         0x800'c615         Code  Wk  startup_stm32u575xx.o [7]
GPDMA1_Channel4_IRQHandler
                         0x800'c619         Code  Wk  startup_stm32u575xx.o [7]
GPDMA1_Channel5_IRQHandler
                         0x800'c61d         Code  Wk  startup_stm32u575xx.o [7]
GPDMA1_Channel6_IRQHandler
                         0x800'c621         Code  Wk  startup_stm32u575xx.o [7]
GPDMA1_Channel7_IRQHandler
                         0x800'c625         Code  Wk  startup_stm32u575xx.o [7]
GPDMA1_Channel8_IRQHandler
                         0x800'c6c9         Code  Wk  startup_stm32u575xx.o [7]
GPDMA1_Channel9_IRQHandler
                         0x800'c6cd         Code  Wk  startup_stm32u575xx.o [7]
GTZC_IRQHandler          0x800'c5b9         Code  Wk  startup_stm32u575xx.o [7]
Get_SerialNum            0x800'c171   0x2e  Code  Lc  usbd_desc.o [1]
HAL_ADCEx_EndOfSamplingCallback
                         0x800'bd8b    0x2  Code  Wk  stm32u5xx_hal_adc_ex.o [8]
HAL_ADCEx_InjectedConvCpltCallback
                         0x800'86a7    0x2  Code  Wk  stm32u5xx_hal_adc_ex.o [8]
HAL_ADCEx_InjectedQueueOverflowCallback
                         0x800'88db    0x2  Code  Wk  stm32u5xx_hal_adc_ex.o [8]
HAL_ADCEx_LevelOutOfWindow2Callback
                         0x800'a08b    0x2  Code  Wk  stm32u5xx_hal_adc_ex.o [8]
HAL_ADCEx_LevelOutOfWindow3Callback
                         0x800'ac1b    0x2  Code  Wk  stm32u5xx_hal_adc_ex.o [8]
HAL_ADC_ConfigChannel    0x800'3b21  0x6da  Code  Gb  stm32u5xx_hal_adc.o [8]
HAL_ADC_ConvCpltCallback
                         0x800'554f    0x2  Code  Wk  stm32u5xx_hal_adc.o [8]
HAL_ADC_ConvHalfCpltCallback
                         0x800'602b    0x2  Code  Wk  stm32u5xx_hal_adc.o [8]
HAL_ADC_ErrorCallback    0x800'8287    0x2  Code  Wk  stm32u5xx_hal_adc.o [8]
HAL_ADC_GetValue         0x800'3b11    0x6  Code  Gb  stm32u5xx_hal_adc.o [8]
HAL_ADC_Init             0x800'33c9  0x4ba  Code  Gb  stm32u5xx_hal_adc.o [8]
HAL_ADC_LevelOutOfWindowCallback
                         0x800'7c9b    0x2  Code  Wk  stm32u5xx_hal_adc.o [8]
HAL_ADC_MspInit          0x800'46b5   0xa4  Code  Gb  stm32u5xx_hal_msp.o [5]
HAL_ADC_PollForConversion
                         0x800'3981  0x136  Code  Gb  stm32u5xx_hal_adc.o [8]
HAL_ADC_Start            0x800'3889   0x9c  Code  Gb  stm32u5xx_hal_adc.o [8]
HAL_ADC_Stop             0x800'3931   0x50  Code  Gb  stm32u5xx_hal_adc.o [8]
HAL_DMAEx_List_Start_IT
                         0x800'8289   0xda  Code  Gb  stm32u5xx_hal_dma_ex.o [8]
HAL_DMA_Abort            0x800'4e39   0xb0  Code  Gb  stm32u5xx_hal_dma.o [8]
HAL_DMA_Abort_IT         0x800'4ee9   0x34  Code  Gb  stm32u5xx_hal_dma.o [8]
HAL_DMA_IRQHandler       0x800'4f1d  0x1ee  Code  Gb  stm32u5xx_hal_dma.o [8]
HAL_DMA_Init             0x800'4bd1  0x1b6  Code  Gb  stm32u5xx_hal_dma.o [8]
HAL_DMA_Start_IT         0x800'4da9   0x90  Code  Gb  stm32u5xx_hal_dma.o [8]
HAL_Delay                0x800'77d3   0x1c  Code  Gb  usbd_conf.o [11]
HAL_GPIO_DeInit          0x800'4a2b  0x16e  Code  Gb  stm32u5xx_hal_gpio.o [8]
HAL_GPIO_Init            0x800'4789  0x2a2  Code  Gb  stm32u5xx_hal_gpio.o [8]
HAL_GPIO_WritePin        0x800'4b99   0x18  Code  Gb  stm32u5xx_hal_gpio.o [8]
HAL_GetREVID             0x800'4513    0x8  Code  Gb  stm32u5xx_hal.o [8]
HAL_GetTick              0x800'1c91    0xc  Code  Wk  stm32u5xx_hal.o [8]
HAL_ICACHE_ConfigAssociativityMode
                         0x800'5d45   0x20  Code  Gb  stm32u5xx_hal_icache.o [8]
HAL_ICACHE_Enable        0x800'5d65    0xe  Code  Gb  stm32u5xx_hal_icache.o [8]
HAL_IncTick              0x800'c361   0x18  Code  Wk  stm32u5xx_hal.o [8]
HAL_Init                 0x800'44d5   0x3e  Code  Gb  stm32u5xx_hal.o [8]
HAL_InitTick             0x800'2e49   0x58  Code  Wk  stm32u5xx_hal.o [8]
HAL_MspInit              0x800'4699   0x1c  Code  Gb  stm32u5xx_hal_msp.o [5]
HAL_NVIC_DisableIRQ      0x800'30e1    0xe  Code  Gb  stm32u5xx_hal_cortex.o [8]
HAL_NVIC_EnableIRQ       0x800'30d3    0xe  Code  Gb  stm32u5xx_hal_cortex.o [8]
HAL_NVIC_SetPriority     0x800'30af   0x24  Code  Gb  stm32u5xx_hal_cortex.o [8]
HAL_NVIC_SetPriorityGrouping
                         0x800'30a3    0xc  Code  Gb  stm32u5xx_hal_cortex.o [8]
HAL_PCDEx_ActivateLPM    0x800'96bd   0x28  Code  Gb  stm32u5xx_hal_pcd_ex.o [8]
HAL_PCDEx_LPM_Callback   0x800'bbf3    0x2  Code  Wk  stm32u5xx_hal_pcd_ex.o [8]
HAL_PCDEx_SetRxFiFo      0x800'96af    0xe  Code  Gb  stm32u5xx_hal_pcd_ex.o [8]
HAL_PCDEx_SetTxFiFo      0x800'9645   0x6a  Code  Gb  stm32u5xx_hal_pcd_ex.o [8]
HAL_PCD_ConnectCallback
                         0x800'758b    0xe  Code  Gb  usbd_conf.o [11]
HAL_PCD_DataInStageCallback
                         0x800'74f1   0x22  Code  Gb  usbd_conf.o [11]
HAL_PCD_DataOutStageCallback
                         0x800'74cd   0x24  Code  Gb  usbd_conf.o [11]
HAL_PCD_DisconnectCallback
                         0x800'7599    0xe  Code  Gb  usbd_conf.o [11]
HAL_PCD_EP_Close         0x800'9145   0x66  Code  Gb  stm32u5xx_hal_pcd.o [8]
HAL_PCD_EP_ClrStall      0x800'9321   0x7c  Code  Gb  stm32u5xx_hal_pcd.o [8]
HAL_PCD_EP_GetRxCount    0x800'9217   0x12  Code  Gb  stm32u5xx_hal_pcd.o [8]
HAL_PCD_EP_Open          0x800'90a1   0xa4  Code  Gb  stm32u5xx_hal_pcd.o [8]
HAL_PCD_EP_Receive       0x800'91ab   0x6c  Code  Gb  stm32u5xx_hal_pcd.o [8]
HAL_PCD_EP_SetStall      0x800'9295   0x8c  Code  Gb  stm32u5xx_hal_pcd.o [8]
HAL_PCD_EP_Transmit      0x800'9229   0x6c  Code  Gb  stm32u5xx_hal_pcd.o [8]
HAL_PCD_IRQHandler       0x800'8add  0x594  Code  Gb  stm32u5xx_hal_pcd.o [8]
HAL_PCD_ISOINIncompleteCallback
                         0x800'7577   0x14  Code  Gb  usbd_conf.o [11]
HAL_PCD_ISOOUTIncompleteCallback
                         0x800'7563   0x14  Code  Gb  usbd_conf.o [11]
HAL_PCD_Init             0x800'88dd  0x180  Code  Gb  stm32u5xx_hal_pcd.o [8]
HAL_PCD_MspInit          0x800'744d   0x6e  Code  Gb  usbd_conf.o [11]
HAL_PCD_ResetCallback    0x800'7521   0x26  Code  Gb  usbd_conf.o [11]
HAL_PCD_ResumeCallback   0x800'7555    0xe  Code  Gb  usbd_conf.o [11]
HAL_PCD_SOFCallback      0x800'7513    0xe  Code  Gb  usbd_conf.o [11]
HAL_PCD_SetAddress       0x800'9071   0x30  Code  Gb  stm32u5xx_hal_pcd.o [8]
HAL_PCD_SetupStageCallback
                         0x800'74bb   0x12  Code  Gb  usbd_conf.o [11]
HAL_PCD_Start            0x800'8a5d   0x3c  Code  Gb  stm32u5xx_hal_pcd.o [8]
HAL_PCD_Stop             0x800'8a99   0x44  Code  Gb  stm32u5xx_hal_pcd.o [8]
HAL_PCD_SuspendCallback
                         0x800'7547    0xe  Code  Gb  usbd_conf.o [11]
HAL_PWREx_ControlVoltageScaling
                         0x800'2ea1   0xa6  Code  Gb  stm32u5xx_hal_pwr_ex.o [8]
HAL_PWREx_DisableUCPDDeadBattery
                         0x800'2f6f    0xe  Code  Gb  stm32u5xx_hal_pwr_ex.o [8]
HAL_PWREx_EnableVddA     0x800'2f61    0xe  Code  Gb  stm32u5xx_hal_pwr_ex.o [8]
HAL_PWREx_EnableVddUSB   0x800'2f53    0xe  Code  Gb  stm32u5xx_hal_pwr_ex.o [8]
HAL_PWREx_GetVoltageRange
                         0x800'2f47    0xc  Code  Gb  stm32u5xx_hal_pwr_ex.o [8]
HAL_RCCEx_CRSConfig      0x800'1a6d   0x4e  Code  Gb  stm32u5xx_hal_rcc_ex.o [8]
HAL_RCCEx_GetPLL1ClockFreq
                         0x800'0851  0x216  Code  Gb  stm32u5xx_hal_rcc_ex.o [8]
HAL_RCCEx_GetPLL2ClockFreq
                         0x800'0a71  0x210  Code  Gb  stm32u5xx_hal_rcc_ex.o [8]
HAL_RCCEx_GetPLL3ClockFreq
                         0x800'0c99  0x204  Code  Gb  stm32u5xx_hal_rcc_ex.o [8]
HAL_RCCEx_GetPeriphCLKFreq
                         0x800'0edd  0xb64  Code  Gb  stm32u5xx_hal_rcc_ex.o [8]
HAL_RCCEx_PeriphCLKConfig
                         0x800'0239  0x618  Code  Gb  stm32u5xx_hal_rcc_ex.o [8]
HAL_RCC_ClockConfig      0x800'28dd  0x220  Code  Gb  stm32u5xx_hal_rcc.o [8]
HAL_RCC_DeInit           0x800'1c9d  0x1bc  Code  Gb  stm32u5xx_hal_rcc.o [8]
HAL_RCC_GetHCLKFreq      0x800'2cb3   0x22  Code  Gb  stm32u5xx_hal_rcc.o [8]
HAL_RCC_GetPCLK1Freq     0x800'2cd5   0x1a  Code  Gb  stm32u5xx_hal_rcc.o [8]
HAL_RCC_GetPCLK2Freq     0x800'2cef   0x1a  Code  Gb  stm32u5xx_hal_rcc.o [8]
HAL_RCC_GetPCLK3Freq     0x800'2d09   0x1a  Code  Gb  stm32u5xx_hal_rcc.o [8]
HAL_RCC_GetSysClockFreq
                         0x800'2b01  0x1b2  Code  Gb  stm32u5xx_hal_rcc.o [8]
HAL_RCC_OscConfig        0x800'1e5d  0xa26  Code  Gb  stm32u5xx_hal_rcc.o [8]
HAL_SPIEx_SetConfigAutonomousMode
                         0x800'602d   0x54  Code  Gb  stm32u5xx_hal_spi_ex.o [8]
HAL_SPI_Init             0x800'5d79  0x280  Code  Gb  stm32u5xx_hal_spi.o [8]
HAL_SPI_MspInit          0x800'8285    0x2  Code  Wk  stm32u5xx_hal_spi.o [8]
HAL_SYSTICK_Config       0x800'30ef    0xc  Code  Gb  stm32u5xx_hal_cortex.o [8]
HAL_TIMEx_Break2Callback
                         0x800'bd69    0x2  Code  Wk  stm32u5xx_hal_tim_ex.o [8]
HAL_TIMEx_BreakCallback
                         0x800'bd67    0x2  Code  Wk  stm32u5xx_hal_tim_ex.o [8]
HAL_TIMEx_CommutCallback
                         0x800'bd6d    0x2  Code  Wk  stm32u5xx_hal_tim_ex.o [8]
HAL_TIMEx_DirectionChangeCallback
                         0x800'bd71    0x2  Code  Wk  stm32u5xx_hal_tim_ex.o [8]
HAL_TIMEx_EncoderIndexCallback
                         0x800'bd6f    0x2  Code  Wk  stm32u5xx_hal_tim_ex.o [8]
HAL_TIMEx_IndexErrorCallback
                         0x800'bd73    0x2  Code  Wk  stm32u5xx_hal_tim_ex.o [8]
HAL_TIMEx_TransitionErrorCallback
                         0x800'bd75    0x2  Code  Wk  stm32u5xx_hal_tim_ex.o [8]
HAL_TIM_Base_Init        0x800'a6d9   0x7a  Code  Gb  stm32u5xx_hal_tim.o [8]
HAL_TIM_Base_MspInit     0x800'bd5f    0x2  Code  Wk  stm32u5xx_hal_tim.o [8]
HAL_TIM_Base_Start_IT    0x800'a753   0xdc  Code  Gb  stm32u5xx_hal_tim.o [8]
HAL_TIM_IC_CaptureCallback
                         0x800'bd61    0x2  Code  Wk  stm32u5xx_hal_tim.o [8]
HAL_TIM_IRQHandler       0x800'a865  0x20c  Code  Gb  stm32u5xx_hal_tim.o [8]
HAL_TIM_OC_DelayElapsedCallback
                         0x800'bd63    0x2  Code  Wk  stm32u5xx_hal_tim.o [8]
HAL_TIM_PWM_PulseFinishedCallback
                         0x800'bd65    0x2  Code  Wk  stm32u5xx_hal_tim.o [8]
HAL_TIM_PeriodElapsedCallback
                         0x800'84b3   0x62  Code  Gb  usbd_cdc_if.o [1]
HAL_TIM_TriggerCallback
                         0x800'bd6b    0x2  Code  Wk  stm32u5xx_hal_tim.o [8]
HAL_UARTEx_DisableFifoMode
                         0x800'72dd   0x46  Code  Gb  stm32u5xx_hal_uart_ex.o [8]
HAL_UARTEx_RxEventCallback
                         0x800'86a1    0x2  Code  Wk  stm32u5xx_hal_uart.o [8]
HAL_UARTEx_RxFifoFullCallback
                         0x800'86a5    0x2  Code  Wk  stm32u5xx_hal_uart_ex.o [8]
HAL_UARTEx_SetRxFifoThreshold
                         0x800'7379   0x56  Code  Gb  stm32u5xx_hal_uart_ex.o [8]
HAL_UARTEx_SetTxFifoThreshold
                         0x800'7323   0x56  Code  Gb  stm32u5xx_hal_uart_ex.o [8]
HAL_UARTEx_TxFifoEmptyCallback
                         0x800'86a3    0x2  Code  Wk  stm32u5xx_hal_uart_ex.o [8]
HAL_UART_DeInit          0x800'60ff   0x56  Code  Gb  stm32u5xx_hal_uart.o [8]
HAL_UART_ErrorCallback   0x800'8695    0xa  Code  Gb  usbd_cdc_if.o [1]
HAL_UART_IRQHandler      0x800'6315  0x33e  Code  Gb  stm32u5xx_hal_uart.o [8]
HAL_UART_Init            0x800'6081   0x7e  Code  Gb  stm32u5xx_hal_uart.o [8]
HAL_UART_MspDeInit       0x800'4653   0x46  Code  Gb  stm32u5xx_hal_msp.o [5]
HAL_UART_MspInit         0x800'4531  0x122  Code  Gb  stm32u5xx_hal_msp.o [5]
HAL_UART_MspInit::hdma_tx
                        0x2000'1ee8   0x78  Data  Lc  stm32u5xx_hal_msp.o [5]
HAL_UART_Receive_IT      0x800'6155   0x7a  Code  Gb  stm32u5xx_hal_uart.o [8]
HAL_UART_RxCpltCallback
                         0x800'8515   0x28  Code  Gb  usbd_cdc_if.o [1]
HAL_UART_Transmit_DMA    0x800'61cf  0x136  Code  Gb  stm32u5xx_hal_uart.o [8]
HAL_UART_TxCpltCallback
                         0x800'8559    0xc  Code  Gb  usbd_cdc_if.o [1]
HAL_UART_TxHalfCpltCallback
                         0x800'88d9    0x2  Code  Wk  stm32u5xx_hal_uart.o [8]
HASH_IRQHandler          0x800'c709         Code  Wk  startup_stm32u575xx.o [7]
HEAP$$Base              0x2000'2428          --   Gb  - Linker created -
HEAP$$Limit             0x2000'2628          --   Gb  - Linker created -
HW_IF_PWR_GetVoltage     0x800'bd77   0x14  Code  Gb  usbpd_pwr_hw_if.o [9]
HW_SignalAttachement     0x800'5af5   0x16  Code  Gb  usbpd_phy_hw_if.o [9]
HW_SignalDetachment      0x800'5b0b   0x18  Code  Gb  usbpd_phy_hw_if.o [9]
HardFault_Handler        0x800'c30b    0x2  Code  Gb  stm32u5xx_it.o [5]
I2C1_ER_IRQHandler       0x800'c671         Code  Wk  startup_stm32u575xx.o [7]
I2C1_EV_IRQHandler       0x800'c66d         Code  Wk  startup_stm32u575xx.o [7]
I2C2_ER_IRQHandler       0x800'c679         Code  Wk  startup_stm32u575xx.o [7]
I2C2_EV_IRQHandler       0x800'c675         Code  Wk  startup_stm32u575xx.o [7]
I2C3_ER_IRQHandler       0x800'c6ed         Code  Wk  startup_stm32u575xx.o [7]
I2C3_EV_IRQHandler       0x800'c6e9         Code  Wk  startup_stm32u575xx.o [7]
I2C4_ER_IRQHandler       0x800'c719         Code  Wk  startup_stm32u575xx.o [7]
I2C4_EV_IRQHandler       0x800'c71d         Code  Wk  startup_stm32u575xx.o [7]
ICACHE_IRQHandler        0x800'c731         Code  Wk  startup_stm32u575xx.o [7]
IWDG_IRQHandler          0x800'c605         Code  Wk  startup_stm32u575xx.o [7]
IntToUnicode             0x800'c1cd   0x4e  Code  Lc  usbd_desc.o [1]
LL_ADC_Disable           0x800'3363   0x10  Code  Lc  stm32u5xx_hal_adc.o [8]
LL_ADC_DisableDeepPowerDown
                         0x800'3323    0xc  Code  Lc  stm32u5xx_hal_adc.o [8]
LL_ADC_Enable            0x800'3353   0x10  Code  Lc  stm32u5xx_hal_adc.o [8]
LL_ADC_EnableInternalRegulator
                         0x800'3339   0x10  Code  Lc  stm32u5xx_hal_adc.o [8]
LL_ADC_GetCommonPathInternalCh
                         0x800'3139    0x8  Code  Lc  stm32u5xx_hal_adc.o [8]
LL_ADC_INJ_IsConversionOngoing
                         0x800'33bf    0xa  Code  Lc  stm32u5xx_hal_adc.o [8]
LL_ADC_INJ_StopConversion
                         0x800'33af   0x10  Code  Lc  stm32u5xx_hal_adc.o [8]
LL_ADC_IsDeepPowerDownEnabled
                         0x800'332f    0xa  Code  Lc  stm32u5xx_hal_adc.o [8]
LL_ADC_IsDisableOngoing
                         0x800'337b    0xa  Code  Lc  stm32u5xx_hal_adc.o [8]
LL_ADC_IsEnabled         0x800'3373    0x8  Code  Lc  stm32u5xx_hal_adc.o [8]
LL_ADC_IsInternalRegulatorEnabled
                         0x800'3349    0xa  Code  Lc  stm32u5xx_hal_adc.o [8]
LL_ADC_REG_IsConversionOngoing
                         0x800'33a5    0xa  Code  Lc  stm32u5xx_hal_adc.o [8]
LL_ADC_REG_IsTriggerSourceSWStart
                         0x800'31d1   0x10  Code  Lc  stm32u5xx_hal_adc.o [8]
LL_ADC_REG_SetSequencerChAdd
                         0x800'3241   0x28  Code  Lc  stm32u5xx_hal_adc.o [8]
LL_ADC_REG_SetSequencerChRem
                         0x800'3269   0x18  Code  Lc  stm32u5xx_hal_adc.o [8]
LL_ADC_REG_SetSequencerRanks
                         0x800'31e1   0x60  Code  Lc  stm32u5xx_hal_adc.o [8]
LL_ADC_REG_StartConversion
                         0x800'3385   0x10  Code  Lc  stm32u5xx_hal_adc.o [8]
LL_ADC_REG_StopConversion
                         0x800'3395   0x10  Code  Lc  stm32u5xx_hal_adc.o [8]
LL_ADC_SetChannelSamplingTime
                         0x800'3281   0x7c  Code  Lc  stm32u5xx_hal_adc.o [8]
LL_ADC_SetChannelSingleDiff
                         0x800'32fd   0x26  Code  Lc  stm32u5xx_hal_adc.o [8]
LL_ADC_SetCommonClock    0x800'3121    0xc  Code  Lc  stm32u5xx_hal_adc.o [8]
LL_ADC_SetCommonPathInternalCh
                         0x800'312d    0xc  Code  Lc  stm32u5xx_hal_adc.o [8]
LL_ADC_SetGainCompensation
                         0x800'3191   0x22  Code  Lc  stm32u5xx_hal_adc.o [8]
LL_ADC_SetOffset         0x800'3141   0x20  Code  Lc  stm32u5xx_hal_adc.o [8]
LL_ADC_SetOffsetSign     0x800'3161   0x18  Code  Lc  stm32u5xx_hal_adc.o [8]
LL_ADC_SetOffsetSignedSaturation
                         0x800'3179   0x18  Code  Lc  stm32u5xx_hal_adc.o [8]
LL_ADC_SetSamplingTimeCommonChannels
                         0x800'31b3   0x1e  Code  Lc  stm32u5xx_hal_adc.o [8]
LL_AHB1_GRP1_EnableClock
                         0x800'59d5   0x18  Code  Lc  usbpd_phy_hw_if.o [9]
LL_AHB2_GRP1_EnableClock
                         0x800'a0dd   0x18  Code  Lc  usbpd_cad_hw_if.o [9]
LL_AHB3_GRP1_EnableClock
                         0x800'59ed   0x18  Code  Lc  usbpd_phy_hw_if.o [9]
LL_APB1_GRP2_EnableClock
                         0x800'bc37   0x16  Code  Lc  stm32u5xx_ll_ucpd.o [8]
LL_GPIO_SetPinMode       0x800'a0f5   0x2a  Code  Lc  usbpd_cad_hw_if.o [9]
LL_GPIO_SetPinPull       0x800'a11f   0x2a  Code  Lc  usbpd_cad_hw_if.o [9]
LL_UCPD_ClearFlag_FRS    0x800'bd8d    0xa  Code  Lc  usbpd_hw_if_it.o [9]
LL_UCPD_ClearFlag_RxHRST
                         0x800'bdbf    0xa  Code  Lc  usbpd_hw_if_it.o [9]
LL_UCPD_ClearFlag_RxMsgEnd
                         0x800'bdab    0xa  Code  Lc  usbpd_hw_if_it.o [9]
LL_UCPD_ClearFlag_RxOrderSet
                         0x800'bdc9    0xa  Code  Lc  usbpd_hw_if_it.o [9]
LL_UCPD_ClearFlag_RxOvr
                         0x800'bdb5    0xa  Code  Lc  usbpd_hw_if_it.o [9]
LL_UCPD_ClearFlag_TxHRSTDISC
                         0x800'bde7    0xa  Code  Lc  usbpd_hw_if_it.o [9]
LL_UCPD_ClearFlag_TxHRSTSENT
                         0x800'bddd    0xa  Code  Lc  usbpd_hw_if_it.o [9]
LL_UCPD_ClearFlag_TxMSGABT
                         0x800'bdf1    0xa  Code  Lc  usbpd_hw_if_it.o [9]
LL_UCPD_ClearFlag_TxMSGDISC
                         0x800'be05    0xa  Code  Lc  usbpd_hw_if_it.o [9]
LL_UCPD_ClearFlag_TxMSGSENT
                         0x800'bdfb    0xa  Code  Lc  usbpd_hw_if_it.o [9]
LL_UCPD_ClearFlag_TxUND
                         0x800'bdd3    0xa  Code  Lc  usbpd_hw_if_it.o [9]
LL_UCPD_ClearFlag_TypeCEventCC1
                         0x800'bda1    0xa  Code  Lc  usbpd_hw_if_it.o [9]
LL_UCPD_ClearFlag_TypeCEventCC2
                         0x800'bd97    0xa  Code  Lc  usbpd_hw_if_it.o [9]
LL_UCPD_Disable          0x800'bc2d    0xa  Code  Lc  stm32u5xx_ll_ucpd.o [8]
LL_UCPD_Enable           0x800'a149    0xa  Code  Lc  usbpd_cad_hw_if.o [9]
LL_UCPD_EnableIT_TypeCEventCC1
                         0x800'a175    0xa  Code  Lc  usbpd_cad_hw_if.o [9]
LL_UCPD_EnableIT_TypeCEventCC2
                         0x800'a16b    0xa  Code  Lc  usbpd_cad_hw_if.o [9]
LL_UCPD_Init             0x800'bc4d   0x3a  Code  Gb  stm32u5xx_ll_ucpd.o [8]
LL_UCPD_SetRxOrderSet    0x800'a153    0xc  Code  Lc  usbpd_cad_hw_if.o [9]
LL_UCPD_SetSNKRole       0x800'5a39    0xa  Code  Lc  usbpd_phy_hw_if.o [9]
LL_UCPD_SetccEnable      0x800'a15f    0xc  Code  Lc  usbpd_cad_hw_if.o [9]
LL_UCPD_SetccEnable      0x800'5a2d    0xc  Code  Lc  usbpd_phy_hw_if.o [9]
LL_UCPD_StructInit       0x800'bc95   0x14  Code  Gb  stm32u5xx_ll_ucpd.o [8]
LL_UCPD_TypeCDetectionCC1Disable
                         0x800'5a23    0xa  Code  Lc  usbpd_phy_hw_if.o [9]
LL_UCPD_TypeCDetectionCC1Enable
                         0x800'5a19    0xa  Code  Lc  usbpd_phy_hw_if.o [9]
LL_UCPD_TypeCDetectionCC2Disable
                         0x800'5a0f    0xa  Code  Lc  usbpd_phy_hw_if.o [9]
LL_UCPD_TypeCDetectionCC2Enable
                         0x800'5a05    0xa  Code  Lc  usbpd_phy_hw_if.o [9]
LPDMA1_Channel0_IRQHandler
                         0x800'c74d         Code  Wk  startup_stm32u575xx.o [7]
LPDMA1_Channel1_IRQHandler
                         0x800'c751         Code  Wk  startup_stm32u575xx.o [7]
LPDMA1_Channel2_IRQHandler
                         0x800'c755         Code  Wk  startup_stm32u575xx.o [7]
LPDMA1_Channel3_IRQHandler
                         0x800'c759         Code  Wk  startup_stm32u575xx.o [7]
LPGPIO_Map               0x800'c21c   0x80  Data  Lc  stm32u5xx_hal_gpio.o [8]
LPTIM1_IRQHandler        0x800'c699         Code  Wk  startup_stm32u575xx.o [7]
LPTIM2_IRQHandler        0x800'c69d         Code  Wk  startup_stm32u575xx.o [7]
LPTIM3_IRQHandler        0x800'c711         Code  Wk  startup_stm32u575xx.o [7]
LPTIM4_IRQHandler        0x800'c73d         Code  Wk  startup_stm32u575xx.o [7]
LPUART1_IRQHandler       0x800'c695         Code  Wk  startup_stm32u575xx.o [7]
LSECSSD_IRQHandler       0x800'c779         Code  Wk  startup_stm32u575xx.o [7]
LineCoding              0x2000'0118    0x8  Data  Gb  usbd_cdc_if.o [1]
MDF1_FLT0_IRQHandler     0x800'c721         Code  Wk  startup_stm32u575xx.o [7]
MDF1_FLT1_IRQHandler     0x800'c725         Code  Wk  startup_stm32u575xx.o [7]
MDF1_FLT2_IRQHandler     0x800'c729         Code  Wk  startup_stm32u575xx.o [7]
MDF1_FLT3_IRQHandler     0x800'c72d         Code  Wk  startup_stm32u575xx.o [7]
MDF1_FLT4_IRQHandler     0x800'c769         Code  Wk  startup_stm32u575xx.o [7]
MDF1_FLT5_IRQHandler     0x800'c76d         Code  Wk  startup_stm32u575xx.o [7]
MSIRangeTable            0x800'c378   0x40  Data  Gb  system_stm32u5xx.o [3]
MX_GPIO_Init             0x800'5759  0x134  Code  Lc  main.o [5]
MX_SPI1_Init             0x800'564d   0x9c  Code  Lc  main.o [5]
MX_USART1_UART_Init      0x800'56e9   0x70  Code  Lc  main.o [5]
MX_USBPD_Init            0x800'5c29   0x18  Code  Gb  usbpd.o [12]
MX_USB_Device_Init       0x800'5bd3   0x3c  Code  Gb  usb_device.o [1]
ManageStateAttachedWait_SNK
                         0x800'a4ed   0xcc  Code  Lc  usbpd_cad_hw_if.o [9]
ManageStateAttached_SNK
                         0x800'a5b9   0xac  Code  Lc  usbpd_cad_hw_if.o [9]
ManageStateDetached_SNK
                         0x800'a477   0x76  Code  Lc  usbpd_cad_hw_if.o [9]
MemManage_Handler        0x800'c30d    0x2  Code  Gb  stm32u5xx_it.o [5]
NMI_Handler              0x800'c309    0x2  Code  Gb  stm32u5xx_it.o [5]
NVIC_EncodePriority      0x800'3033   0x40  Code  Lc  stm32u5xx_hal_cortex.o [8]
OCTOSPI1_IRQHandler      0x800'c6b9         Code  Wk  startup_stm32u575xx.o [7]
OCTOSPI2_IRQHandler      0x800'c765         Code  Wk  startup_stm32u575xx.o [7]
OTFDEC1_IRQHandler       0x800'c735         Code  Wk  startup_stm32u575xx.o [7]
OTFDEC2_IRQHandler       0x800'c739         Code  Wk  startup_stm32u575xx.o [7]
OTG_FS_IRQHandler        0x800'c329    0xa  Code  Gb  stm32u5xx_it.o [5]
PCD_EP_OutSetupPacket_int
                         0x800'95e1   0x5a  Code  Lc  stm32u5xx_hal_pcd.o [8]
PCD_EP_OutXfrComplete_int
                         0x800'9489  0x158  Code  Lc  stm32u5xx_hal_pcd.o [8]
PCD_WriteEmptyTxFifo     0x800'939d   0xec  Code  Lc  stm32u5xx_hal_pcd.o [8]
PKA_IRQHandler           0x800'c70d         Code  Wk  startup_stm32u575xx.o [7]
PORTx_IRQHandler         0x800'be19  0x29c  Code  Gb  usbpd_hw_if_it.o [9]
PORTx_IRQHandler::ovrflag
                        0x2000'2025    0x1  Data  Lc  usbpd_hw_if_it.o [9]
PVD_PVM_IRQHandler       0x800'c59d         Code  Wk  startup_stm32u575xx.o [7]
PWR_S3WU_IRQHandler      0x800'c6bd         Code  Wk  startup_stm32u575xx.o [7]
PendSV_Handler           0x800'c317    0x2  Code  Gb  stm32u5xx_it.o [5]
Ports                   0x2000'1fac   0x38  Data  Gb  usbpd_phy_hw_if.o [9]
RAMCFG_IRQHandler        0x800'c5ad         Code  Wk  startup_stm32u575xx.o [7]
RCCEx_PLL2_Config        0x800'1abb   0xd0  Code  Lc  stm32u5xx_hal_rcc_ex.o [8]
RCCEx_PLL3_Config        0x800'1b8b   0xd0  Code  Lc  stm32u5xx_hal_rcc_ex.o [8]
RCC_IRQHandler           0x800'c5bd         Code  Wk  startup_stm32u575xx.o [7]
RCC_S_IRQHandler         0x800'c5c1         Code  Wk  startup_stm32u575xx.o [7]
RCC_SetFlashLatencyFromMSIRange
                         0x800'2d41   0xb2  Code  Lc  stm32u5xx_hal_rcc.o [8]
RNG_IRQHandler           0x800'c701         Code  Wk  startup_stm32u575xx.o [7]
RTC_IRQHandler           0x800'c5a1         Code  Wk  startup_stm32u575xx.o [7]
RTC_S_IRQHandler         0x800'c5a5         Code  Wk  startup_stm32u575xx.o [7]
Region$$Table$$Base      0x800'c43c          --   Gb  - Linker created -
Region$$Table$$Limit     0x800'c45c          --   Gb  - Linker created -
Reset_Handler            0x800'c555         Code  Wk  startup_stm32u575xx.o [7]
SAES_IRQHandler          0x800'c609         Code  Wk  startup_stm32u575xx.o [7]
SAI1_IRQHandler          0x800'c6f1         Code  Wk  startup_stm32u575xx.o [7]
SAI2_IRQHandler          0x800'c6f5         Code  Wk  startup_stm32u575xx.o [7]
SDMMC1_IRQHandler        0x800'c6c1         Code  Wk  startup_stm32u575xx.o [7]
SDMMC2_IRQHandler        0x800'c6c5         Code  Wk  startup_stm32u575xx.o [7]
SPI1_IRQHandler          0x800'c67d         Code  Wk  startup_stm32u575xx.o [7]
SPI2_IRQHandler          0x800'c681         Code  Wk  startup_stm32u575xx.o [7]
SPI3_IRQHandler          0x800'c715         Code  Wk  startup_stm32u575xx.o [7]
SPI_GetPacketSize        0x800'6015   0x16  Code  Lc  stm32u5xx_hal_spi.o [8]
SVC_Handler              0x800'c313    0x2  Code  Gb  stm32u5xx_it.o [5]
SWAPBYTE                 0x800'96e5   0x16  Code  Lc  usbd_ctlreq.o [6]
SecureFault_Handler      0x800'c595         Code  Wk  startup_stm32u575xx.o [7]
SysTick_Config           0x800'3073   0x30  Code  Lc  stm32u5xx_hal_cortex.o [8]
SysTick_Handler          0x800'c319    0x8  Code  Gb  stm32u5xx_it.o [5]
SystemClock_Config       0x800'5589   0xb6  Code  Gb  main.o [5]
SystemCoreClock         0x2000'0004    0x4  Data  Gb  system_stm32u5xx.o [3]
SystemInit               0x800'c29d   0x48  Code  Gb  system_stm32u5xx.o [3]
TAMP_IRQHandler          0x800'c5a9         Code  Wk  startup_stm32u575xx.o [7]
TIM15_IRQHandler         0x800'c6a1         Code  Wk  startup_stm32u575xx.o [7]
TIM16_IRQHandler         0x800'c6a5         Code  Wk  startup_stm32u575xx.o [7]
TIM17_IRQHandler         0x800'c6a9         Code  Wk  startup_stm32u575xx.o [7]
TIM1_BRK_IRQHandler      0x800'c639         Code  Wk  startup_stm32u575xx.o [7]
TIM1_CC_IRQHandler       0x800'c645         Code  Wk  startup_stm32u575xx.o [7]
TIM1_TRG_COM_IRQHandler
                         0x800'c641         Code  Wk  startup_stm32u575xx.o [7]
TIM1_UP_IRQHandler       0x800'c63d         Code  Wk  startup_stm32u575xx.o [7]
TIM2_IRQHandler          0x800'c649         Code  Wk  startup_stm32u575xx.o [7]
TIM3_IRQHandler          0x800'c349    0xa  Code  Gb  stm32u5xx_it.o [5]
TIM4_IRQHandler          0x800'c64d         Code  Wk  startup_stm32u575xx.o [7]
TIM5_IRQHandler          0x800'c651         Code  Wk  startup_stm32u575xx.o [7]
TIM6_IRQHandler          0x800'c655         Code  Wk  startup_stm32u575xx.o [7]
TIM7_IRQHandler          0x800'c659         Code  Wk  startup_stm32u575xx.o [7]
TIM8_BRK_IRQHandler      0x800'c65d         Code  Wk  startup_stm32u575xx.o [7]
TIM8_CC_IRQHandler       0x800'c669         Code  Wk  startup_stm32u575xx.o [7]
TIM8_TRG_COM_IRQHandler
                         0x800'c665         Code  Wk  startup_stm32u575xx.o [7]
TIM8_UP_IRQHandler       0x800'c661         Code  Wk  startup_stm32u575xx.o [7]
TIM_Base_SetConfig       0x800'aa71  0x166  Code  Gb  stm32u5xx_hal_tim.o [8]
TIM_Config               0x800'8619   0x4a  Code  Lc  usbd_cdc_if.o [1]
TSC_IRQHandler           0x800'c6f9         Code  Wk  startup_stm32u575xx.o [7]
TimHandle               0x2000'1f60   0x4c  Data  Gb  usbd_cdc_if.o [1]
UART4_IRQHandler         0x800'c68d         Code  Wk  startup_stm32u575xx.o [7]
UART5_IRQHandler         0x800'c691         Code  Wk  startup_stm32u575xx.o [7]
UARTEx_SetNbDataToProcess
                         0x800'73cf   0x76  Code  Lc  stm32u5xx_hal_uart_ex.o [8]
UARTEx_SetNbDataToProcess::denominator
                         0x800'c578    0x8  Data  Lc  stm32u5xx_hal_uart_ex.o [8]
UARTEx_SetNbDataToProcess::numerator
                         0x800'c570    0x8  Data  Lc  stm32u5xx_hal_uart_ex.o [8]
UARTPrescTable           0x800'c4e0   0x18  Data  Gb  stm32u5xx_hal_uart.o [8]
UART_AdvFeatureConfig    0x800'6889   0xda  Code  Gb  stm32u5xx_hal_uart.o [8]
UART_CheckIdleState      0x800'6963   0x72  Code  Gb  stm32u5xx_hal_uart.o [8]
UART_DMAAbortOnError     0x800'6d7f   0x1a  Code  Lc  stm32u5xx_hal_uart.o [8]
UART_DMAError            0x800'6d2d   0x52  Code  Lc  stm32u5xx_hal_uart.o [8]
UART_DMATransmitCplt     0x800'6cd1   0x4e  Code  Lc  stm32u5xx_hal_uart.o [8]
UART_DMATxHalfCplt       0x800'6d1f    0xe  Code  Lc  stm32u5xx_hal_uart.o [8]
UART_EndRxTransfer       0x800'6c41   0x60  Code  Lc  stm32u5xx_hal_uart.o [8]
UART_EndTransmit_IT      0x800'6d99   0x2c  Code  Lc  stm32u5xx_hal_uart.o [8]
UART_EndTxTransfer       0x800'6c07   0x3a  Code  Lc  stm32u5xx_hal_uart.o [8]
UART_RxISR_16BIT         0x800'6e89   0xc4  Code  Lc  stm32u5xx_hal_uart.o [8]
UART_RxISR_16BIT_FIFOEN
                         0x800'710d  0x1c2  Code  Lc  stm32u5xx_hal_uart.o [8]
UART_RxISR_8BIT          0x800'6dc5   0xc2  Code  Lc  stm32u5xx_hal_uart.o [8]
UART_RxISR_8BIT_FIFOEN   0x800'6f4d  0x1be  Code  Lc  stm32u5xx_hal_uart.o [8]
UART_SetConfig           0x800'6659  0x222  Code  Gb  stm32u5xx_hal_uart.o [8]
UART_Start_Receive_IT    0x800'6ac5  0x142  Code  Gb  stm32u5xx_hal_uart.o [8]
UART_WaitOnFlagUntilTimeout
                         0x800'69d5   0xf0  Code  Gb  stm32u5xx_hal_uart.o [8]
UCPD1_IRQHandler         0x800'c321    0x8  Code  Gb  stm32u5xx_it.o [5]
USART1_IRQHandler        0x800'c33f    0xa  Code  Gb  stm32u5xx_it.o [5]
USART2_IRQHandler        0x800'c685         Code  Wk  startup_stm32u575xx.o [7]
USART3_IRQHandler        0x800'c689         Code  Wk  startup_stm32u575xx.o [7]
USBD_CDC                0x2000'0014   0x38  Data  Gb  usbd_cdc.o [2]
USBD_CDC_CfgFSDesc      0x2000'0090   0x44  Data  Lc  usbd_cdc.o [2]
USBD_CDC_CfgHSDesc      0x2000'004c   0x44  Data  Lc  usbd_cdc.o [2]
USBD_CDC_ConfigStrDescriptor
                         0x800'c121   0x28  Code  Gb  usbd_desc.o [1]
USBD_CDC_DataIn          0x800'7ee5   0x96  Code  Lc  usbd_cdc.o [2]
USBD_CDC_DataOut         0x800'7f7b   0x38  Code  Lc  usbd_cdc.o [2]
USBD_CDC_DeInit          0x800'7d6b   0x56  Code  Lc  usbd_cdc.o [2]
USBD_CDC_DeviceDesc     0x2000'0150   0x14  Data  Gb  usbd_desc.o [1]
USBD_CDC_DeviceDescriptor
                         0x800'c0bd    0xa  Code  Gb  usbd_desc.o [1]
USBD_CDC_DeviceQualifierDesc
                        0x2000'0008    0xc  Data  Lc  usbd_cdc.o [2]
USBD_CDC_EP0_RxReady     0x800'7fb3   0x3e  Code  Lc  usbd_cdc.o [2]
USBD_CDC_GetDeviceQualifierDescriptor
                         0x800'800f    0xa  Code  Gb  usbd_cdc.o [2]
USBD_CDC_GetFSCfgDesc    0x800'7ff1    0xa  Code  Lc  usbd_cdc.o [2]
USBD_CDC_GetHSCfgDesc    0x800'7ffb    0xa  Code  Lc  usbd_cdc.o [2]
USBD_CDC_GetOtherSpeedCfgDesc
                         0x800'8005    0xa  Code  Lc  usbd_cdc.o [2]
USBD_CDC_Init            0x800'7c9d   0xce  Code  Lc  usbd_cdc.o [2]
USBD_CDC_InterfaceStrDescriptor
                         0x800'c149   0x28  Code  Gb  usbd_desc.o [1]
USBD_CDC_LangIDStrDescriptor
                         0x800'c0c7    0xa  Code  Gb  usbd_desc.o [1]
USBD_CDC_ManufacturerStrDescriptor
                         0x800'c0f9   0x16  Code  Gb  usbd_desc.o [1]
USBD_CDC_OtherSpeedCfgDesc
                        0x2000'00d4   0x44  Data  Lc  usbd_cdc.o [2]
USBD_CDC_ProductStrDescriptor
                         0x800'c0d1   0x28  Code  Gb  usbd_desc.o [1]
USBD_CDC_ReceivePacket   0x800'80b3   0x3e  Code  Gb  usbd_cdc.o [2]
USBD_CDC_RegisterInterface
                         0x800'8029   0x12  Code  Gb  usbd_cdc.o [2]
USBD_CDC_SerialStrDescriptor
                         0x800'c10f   0x12  Code  Gb  usbd_desc.o [1]
USBD_CDC_SetRxBuffer     0x800'8059   0x16  Code  Gb  usbd_cdc.o [2]
USBD_CDC_SetTxBuffer     0x800'803b   0x1e  Code  Gb  usbd_cdc.o [2]
USBD_CDC_Setup           0x800'7dc1  0x124  Code  Lc  usbd_cdc.o [2]
USBD_CDC_TransmitPacket
                         0x800'806f   0x44  Code  Gb  usbd_cdc.o [2]
USBD_CDC_fops           0x2000'0120   0x14  Data  Gb  usbd_cdc_if.o [1]
USBD_Clock_Config        0x800'5b31   0xa2  Code  Gb  usb_device.o [1]
USBD_ClrClassConfig      0x800'790d   0x20  Code  Gb  usbd_core.o [6]
USBD_ClrFeature          0x800'9e99   0x2e  Code  Lc  usbd_ctlreq.o [6]
USBD_CtlContinueRx       0x800'9fe9   0x18  Code  Gb  usbd_ioreq.o [6]
USBD_CtlContinueSendData
                         0x800'9fab   0x18  Code  Gb  usbd_ioreq.o [6]
USBD_CtlError            0x800'9efd   0x18  Code  Gb  usbd_ctlreq.o [6]
USBD_CtlPrepareRx        0x800'9fc3   0x26  Code  Gb  usbd_ioreq.o [6]
USBD_CtlReceiveStatus    0x800'a01b   0x1a  Code  Gb  usbd_ioreq.o [6]
USBD_CtlSendData         0x800'9f89   0x22  Code  Gb  usbd_ioreq.o [6]
USBD_CtlSendStatus       0x800'a001   0x1a  Code  Gb  usbd_ioreq.o [6]
USBD_GetConfig           0x800'9de5   0x4e  Code  Lc  usbd_ctlreq.o [6]
USBD_GetDescriptor       0x800'9a7b  0x208  Code  Lc  usbd_ctlreq.o [6]
USBD_GetLen              0x800'9f73   0x16  Code  Lc  usbd_ctlreq.o [6]
USBD_GetStatus           0x800'9e33   0x4c  Code  Lc  usbd_ctlreq.o [6]
USBD_GetString           0x800'9f15   0x5e  Code  Gb  usbd_ctlreq.o [6]
USBD_Get_USB_Status      0x800'7813   0x2e  Code  Lc  usbd_conf.o [11]
USBD_Init                0x800'7841   0x3c  Code  Gb  usbd_core.o [6]
USBD_LL_ClearStallEP     0x800'76d1   0x2a  Code  Gb  usbd_conf.o [11]
USBD_LL_CloseEP          0x800'767d   0x2a  Code  Gb  usbd_conf.o [11]
USBD_LL_DataInStage      0x800'7a37   0xf6  Code  Gb  usbd_core.o [6]
USBD_LL_DataOutStage     0x800'7995   0xa2  Code  Gb  usbd_core.o [6]
USBD_LL_DevConnected     0x800'7c71    0x6  Code  Gb  usbd_core.o [6]
USBD_LL_DevDisconnected
                         0x800'7c77   0x24  Code  Gb  usbd_core.o [6]
USBD_LL_GetRxDataSize    0x800'77bf   0x14  Code  Gb  usbd_conf.o [11]
USBD_LL_Init             0x800'75a7   0x62  Code  Gb  usbd_conf.o [11]
USBD_LL_IsStallEP        0x800'76fb   0x32  Code  Gb  usbd_conf.o [11]
USBD_LL_IsoINIncomplete
                         0x800'7c05   0x36  Code  Gb  usbd_core.o [6]
USBD_LL_IsoOUTIncomplete
                         0x800'7c3b   0x36  Code  Gb  usbd_core.o [6]
USBD_LL_OpenEP           0x800'7645   0x38  Code  Gb  usbd_conf.o [11]
USBD_LL_PrepareReceive   0x800'778b   0x34  Code  Gb  usbd_conf.o [11]
USBD_LL_Reset            0x800'7b2d   0x76  Code  Gb  usbd_core.o [6]
USBD_LL_Resume           0x800'7bbf   0x16  Code  Gb  usbd_core.o [6]
USBD_LL_SOF              0x800'7bd5   0x30  Code  Gb  usbd_core.o [6]
USBD_LL_SetSpeed         0x800'7ba3    0x8  Code  Gb  usbd_core.o [6]
USBD_LL_SetUSBAddress    0x800'772d   0x2a  Code  Gb  usbd_conf.o [11]
USBD_LL_SetupStage       0x800'792d   0x68  Code  Gb  usbd_core.o [6]
USBD_LL_StallEP          0x800'76a7   0x2a  Code  Gb  usbd_conf.o [11]
USBD_LL_Start            0x800'7609   0x1e  Code  Gb  usbd_conf.o [11]
USBD_LL_Stop             0x800'7627   0x1e  Code  Gb  usbd_conf.o [11]
USBD_LL_Suspend          0x800'7bab   0x14  Code  Gb  usbd_core.o [6]
USBD_LL_Transmit         0x800'7757   0x34  Code  Gb  usbd_conf.o [11]
USBD_LangIDDesc         0x2000'0164    0x4  Data  Gb  usbd_desc.o [1]
USBD_ParseSetupRequest   0x800'9ec7   0x36  Code  Gb  usbd_ctlreq.o [6]
USBD_RegisterClass       0x800'787d   0x34  Code  Gb  usbd_core.o [6]
USBD_RunTestMode         0x800'78e1    0x6  Code  Gb  usbd_core.o [6]
USBD_SetAddress          0x800'9c83   0x68  Code  Lc  usbd_ctlreq.o [6]
USBD_SetClassConfig      0x800'78e7   0x26  Code  Gb  usbd_core.o [6]
USBD_SetConfig           0x800'9ceb   0xf6  Code  Lc  usbd_ctlreq.o [6]
USBD_SetConfig::cfgidx  0x2000'2024    0x1  Data  Lc  usbd_ctlreq.o [6]
USBD_SetFeature          0x800'9e7f   0x1a  Code  Lc  usbd_ctlreq.o [6]
USBD_Start               0x800'78b1    0xc  Code  Gb  usbd_core.o [6]
USBD_StdDevReq           0x800'96fb   0xaa  Code  Gb  usbd_ctlreq.o [6]
USBD_StdEPReq            0x800'9815  0x266  Code  Gb  usbd_ctlreq.o [6]
USBD_StdItfReq           0x800'97a5   0x70  Code  Gb  usbd_ctlreq.o [6]
USBD_Stop                0x800'78bd   0x24  Code  Gb  usbd_core.o [6]
USBD_StrDesc            0x2000'1a80  0x200  Data  Gb  usbd_desc.o [1]
USBD_StringSerial       0x2000'0168   0x1c  Data  Gb  usbd_desc.o [1]
USBD_static_free         0x800'7811    0x2  Code  Gb  usbd_conf.o [11]
USBD_static_malloc       0x800'77ef    0x6  Code  Gb  usbd_conf.o [11]
USBD_static_malloc::mem
                        0x2000'1860  0x220  Data  Lc  usbd_conf.o [11]
USBPDM1_AssertRd         0x800'5a55   0xa0  Code  Gb  usbpd_phy_hw_if.o [9]
USBPD_CAD_GetMemoryConsumption
                         0x800'8245    0x4  Code  Gb  usbpd_cad.o [13]
USBPD_CAD_Init           0x800'810d   0x5a  Code  Gb  usbpd_cad.o [13]
USBPD_CAD_PortEnable     0x800'8167    0xe  Code  Gb  usbpd_cad.o [13]
USBPD_CAD_Process        0x800'8175   0xc4  Code  Gb  usbpd_cad.o [13]
USBPD_DPM_CADCallback    0x800'5cb9   0x72  Code  Gb  usbpd_dpm_core.o [12]
USBPD_DPM_CADTaskWakeUp
                         0x800'5cb1    0x8  Code  Lc  usbpd_dpm_core.o [12]
USBPD_DPM_InitCore       0x800'5c41   0x44  Code  Gb  usbpd_dpm_core.o [12]
USBPD_DPM_InitCore::CAD_cbs
                         0x800'c588    0x8  Data  Lc  usbpd_dpm_core.o [12]
USBPD_DPM_InitOS         0x800'5c85    0x4  Code  Gb  usbpd_dpm_core.o [12]
USBPD_DPM_Notification   0x800'825b   0x2a  Code  Gb  usbpd_dpm_user.o [12]
USBPD_DPM_Run            0x800'5c89   0x28  Code  Gb  usbpd_dpm_core.o [12]
USBPD_DPM_UserCableDetection
                         0x800'824b   0x10  Code  Gb  usbpd_dpm_user.o [12]
USBPD_DPM_UserExecute    0x800'8249    0x2  Code  Gb  usbpd_dpm_user.o [12]
USBPD_HW_GetUSPDInstance
                         0x800'bc21    0x6  Code  Gb  usbpd_hw.o [9]
USBPD_HW_IF_GlobalHwInit
                         0x800'5a43   0x12  Code  Gb  usbpd_phy_hw_if.o [9]
USBPD_PE_CheckLIB        0x800'80f1    0xe  Code  Gb  usbpd_pe_lib.o [13]
USBPD_PE_GetMemoryConsumption
                         0x800'8105    0x8  Code  Gb  usbpd_pe_lib.o [13]
USBPD_PORT0_IRQHandler   0x800'be0f    0xa  Code  Gb  usbpd_hw_if_it.o [9]
USBPD_PWR_IF_GetVBUSStatus
                         0x800'bd0f   0x4e  Code  Gb  usbpd_pwr_if.o [12]
USBPD_TRACE_Add          0x800'bd5d    0x2  Code  Gb  usbpd_trace.o [9]
USBPD_USBIF_DeviceStart
                         0x800'a689   0x26  Code  Gb  usbpd_usb_if.o [12]
USBPD_USBIF_DeviceStop   0x800'a6af   0x1e  Code  Gb  usbpd_usb_if.o [12]
USB_ActivateEndpoint     0x800'b01f   0xbe  Code  Gb  stm32u5xx_ll_usb.o [8]
USB_ActivateSetup        0x800'ba79   0x28  Code  Gb  stm32u5xx_ll_usb.o [8]
USB_CoreInit             0x800'ac1d   0x34  Code  Gb  stm32u5xx_ll_usb.o [8]
USB_CoreReset            0x800'bb21   0x38  Code  Lc  stm32u5xx_ll_usb.o [8]
USB_DeactivateEndpoint   0x800'b0dd  0x130  Code  Gb  stm32u5xx_ll_usb.o [8]
USB_DevConnect           0x800'b995   0x28  Code  Gb  stm32u5xx_ll_usb.o [8]
USB_DevDisconnect        0x800'b9bd   0x28  Code  Gb  stm32u5xx_ll_usb.o [8]
USB_DevInit              0x800'adc9  0x1cc  Code  Gb  stm32u5xx_ll_usb.o [8]
USB_DisableGlobalInt     0x800'ad4b    0xe  Code  Gb  stm32u5xx_ll_usb.o [8]
USB_EP0StartXfer         0x800'b58d  0x1e2  Code  Gb  stm32u5xx_ll_usb.o [8]
USB_EP0_OutStart         0x800'baa1   0x7a  Code  Gb  stm32u5xx_ll_usb.o [8]
USB_EPClearStall         0x800'b8d3   0x8e  Code  Gb  stm32u5xx_ll_usb.o [8]
USB_EPSetStall           0x800'b837   0x9c  Code  Gb  stm32u5xx_ll_usb.o [8]
USB_EPStartXfer          0x800'b20d  0x358  Code  Gb  stm32u5xx_ll_usb.o [8]
USB_EnableGlobalInt      0x800'ad3d    0xe  Code  Gb  stm32u5xx_ll_usb.o [8]
USB_FlushRxFifo          0x800'afb9   0x20  Code  Gb  stm32u5xx_ll_usb.o [8]
USB_FlushTxFifo          0x800'af95   0x24  Code  Gb  stm32u5xx_ll_usb.o [8]
USB_GetDevSpeed          0x800'aff7   0x28  Code  Gb  stm32u5xx_ll_usb.o [8]
USB_GetMode              0x800'ba71    0x8  Code  Gb  stm32u5xx_ll_usb.o [8]
USB_ReadDevAllInEpInterrupt
                         0x800'ba05   0x16  Code  Gb  stm32u5xx_ll_usb.o [8]
USB_ReadDevAllOutEpInterrupt
                         0x800'b9ef   0x16  Code  Gb  stm32u5xx_ll_usb.o [8]
USB_ReadDevInEPInterrupt
                         0x800'ba3b   0x36  Code  Gb  stm32u5xx_ll_usb.o [8]
USB_ReadDevOutEPInterrupt
                         0x800'ba1b   0x20  Code  Gb  stm32u5xx_ll_usb.o [8]
USB_ReadInterrupts       0x800'b9e5    0xa  Code  Gb  stm32u5xx_ll_usb.o [8]
USB_ReadPacket           0x800'b7c1   0x76  Code  Gb  stm32u5xx_ll_usb.o [8]
USB_SetCurrentMode       0x800'ad59   0x70  Code  Gb  stm32u5xx_ll_usb.o [8]
USB_SetDevAddress        0x800'b961   0x34  Code  Gb  stm32u5xx_ll_usb.o [8]
USB_SetDevSpeed          0x800'afd9   0x1e  Code  Gb  stm32u5xx_ll_usb.o [8]
USB_SetTurnaroundTime    0x800'ac51   0xec  Code  Gb  stm32u5xx_ll_usb.o [8]
USB_WritePacket          0x800'b76f   0x52  Code  Gb  stm32u5xx_ll_usb.o [8]
UartHandle              0x2000'1e58   0x90  Data  Gb  usbd_cdc_if.o [1]
UsageFault_Handler       0x800'c311    0x2  Code  Gb  stm32u5xx_it.o [5]
UserRxBuffer            0x2000'0188  0x800  Data  Gb  usbd_cdc_if.o [1]
UserTxBufPtrIn          0x2000'2010    0x4  Data  Gb  usbd_cdc_if.o [1]
UserTxBufPtrOut         0x2000'2014    0x4  Data  Gb  usbd_cdc_if.o [1]
UserTxBuffer            0x2000'0988  0x800  Data  Gb  usbd_cdc_if.o [1]
WWDG_IRQHandler          0x800'c599         Code  Wk  startup_stm32u575xx.o [7]
__NVIC_DisableIRQ        0x800'2fe1   0x26  Code  Lc  stm32u5xx_hal_cortex.o [8]
__NVIC_EnableIRQ         0x800'2fc1   0x20  Code  Lc  stm32u5xx_hal_cortex.o [8]
__NVIC_EnableIRQ         0x800'a08d   0x20  Code  Lc  usbpd_cad_hw_if.o [9]
__NVIC_GetPriorityGrouping
                         0x800'2fb3    0xc  Code  Lc  stm32u5xx_hal_cortex.o [8]
__NVIC_SetPriority       0x800'3007   0x2c  Code  Lc  stm32u5xx_hal_cortex.o [8]
__NVIC_SetPriority       0x800'a0ad   0x30  Code  Lc  usbpd_cad_hw_if.o [9]
__NVIC_SetPriorityGrouping
                         0x800'2f91   0x22  Code  Lc  stm32u5xx_hal_cortex.o [8]
__Vectors                0x800'0000          --   Gb  startup_stm32u575xx.o [7]
__Vectors_End            0x800'0238         Data  Gb  startup_stm32u575xx.o [7]
__Vectors_Size {Abs}          0x238          --   Gb  startup_stm32u575xx.o [7]
__aeabi_ldiv0            0x800'ac19         Code  Gb  I64DivZer.o [16]
__aeabi_memclr           0x800'a085         Code  Gb  ABImemclr.o [16]
__aeabi_memcpy4          0x800'bb6d         Code  Gb  ABImemcpy.o [16]
__aeabi_memcpy8          0x800'bb6d         Code  Gb  ABImemcpy.o [16]
__aeabi_memset           0x800'54e9         Code  Gb  ABImemset.o [16]
__aeabi_uldivmod         0x800'86a9         Code  Gb  I64DivMod.o [16]
__cmain                  0x800'c47d         Code  Gb  cmain.o [16]
__data_GetMemChunk       0x800'bbf5   0x2c  Code  Gb  xgetmemchunk.o [14]
__data_GetMemChunk::start
                        0x2000'2020    0x4  Data  Lc  xgetmemchunk.o [14]
__exit                   0x800'c4b1   0x14  Code  Gb  exit.o [17]
__iar_Memset             0x800'54e9         Code  Gb  ABImemset.o [16]
__iar_Memset_word        0x800'54f1         Code  Gb  ABImemset.o [16]
__iar_data_init3         0x800'c3f1   0x28  Code  Gb  data_init.o [16]
__iar_init_vfp           0x800'c419         Code  Gb  fpinit_M.o [15]
__iar_lz77_init_single3
                         0x800'4457   0x7e  Code  Gb  lz77_init_single.o [16]
__iar_program_start      0x800'c4c5         Code  Gb  cstartup_M.o [16]
__iar_zero_init3         0x800'c3b9   0x38  Code  Gb  zero_init3.o [16]
__low_level_init         0x800'c49b    0x4  Code  Gb  low_level_init.o [14]
__no_free_malloc         0x800'a035   0x4c  Code  Gb  no_free_heap0.o [14]
__vector_table           0x800'0000         Data  Gb  startup_stm32u575xx.o [7]
_call_main               0x800'c489         Code  Gb  cmain.o [16]
_exit                    0x800'c4a5         Code  Gb  cexit.o [16]
exit                     0x800'c49f    0x4  Code  Gb  exit.o [14]
hUsbDeviceFS            0x2000'1590  0x2d0  Data  Gb  usb_device.o [1]
hadc1                   0x2000'1c80   0xb8  Data  Gb  seahorse.o [10]
hpcd_USB_OTG_FS         0x2000'1188  0x408  Data  Gb  usbd_conf.o [11]
hspi1                   0x2000'1d38   0x90  Data  Gb  main.o [5]
huart1                  0x2000'1dc8   0x90  Data  Gb  main.o [5]
main                     0x800'5551   0x38  Code  Gb  main.o [5]
qs                      0x2000'201c    0x4  Data  Lc  no_free_heap0.o [14]
uwPrescalerValue        0x2000'200c    0x4  Data  Gb  usbd_cdc_if.o [1]
uwTick                  0x2000'2008    0x4  Data  Gb  stm32u5xx_hal.o [8]
uwTickFreq              0x2000'0184    0x1  Data  Gb  stm32u5xx_hal.o [8]
uwTickPrio              0x2000'0000    0x4  Data  Gb  stm32u5xx_hal.o [8]


[1] = C:\Users\Irdatlanka\Desktop\Irdatlanka-STM32U5_CoreMW_CDC_koncz_board\Projects\NUCLEO-U575ZI-Q\Applications\USB_Device\CDC_Standalone\EWARM\NUCLEO-U575ZI-Q\Obj\App_6612947199827748718.dir
[2] = C:\Users\Irdatlanka\Desktop\Irdatlanka-STM32U5_CoreMW_CDC_koncz_board\Projects\NUCLEO-U575ZI-Q\Applications\USB_Device\CDC_Standalone\EWARM\NUCLEO-U575ZI-Q\Obj\CDC_16681379477064853705.dir
[3] = C:\Users\Irdatlanka\Desktop\Irdatlanka-STM32U5_CoreMW_CDC_koncz_board\Projects\NUCLEO-U575ZI-Q\Applications\USB_Device\CDC_Standalone\EWARM\NUCLEO-U575ZI-Q\Obj\CMSIS_6603591812247902717.dir
[4] = C:\Users\Irdatlanka\Desktop\Irdatlanka-STM32U5_CoreMW_CDC_koncz_board\Projects\NUCLEO-U575ZI-Q\Applications\USB_Device\CDC_Standalone\EWARM\NUCLEO-U575ZI-Q\Obj\Components_1361118596739929299.dir
[5] = C:\Users\Irdatlanka\Desktop\Irdatlanka-STM32U5_CoreMW_CDC_koncz_board\Projects\NUCLEO-U575ZI-Q\Applications\USB_Device\CDC_Standalone\EWARM\NUCLEO-U575ZI-Q\Obj\Core_13247989168731456611.dir
[6] = C:\Users\Irdatlanka\Desktop\Irdatlanka-STM32U5_CoreMW_CDC_koncz_board\Projects\NUCLEO-U575ZI-Q\Applications\USB_Device\CDC_Standalone\EWARM\NUCLEO-U575ZI-Q\Obj\Core_9232119672538125435.dir
[7] = C:\Users\Irdatlanka\Desktop\Irdatlanka-STM32U5_CoreMW_CDC_koncz_board\Projects\NUCLEO-U575ZI-Q\Applications\USB_Device\CDC_Standalone\EWARM\NUCLEO-U575ZI-Q\Obj\EWARM_18443280873093131863.dir
[8] = C:\Users\Irdatlanka\Desktop\Irdatlanka-STM32U5_CoreMW_CDC_koncz_board\Projects\NUCLEO-U575ZI-Q\Applications\USB_Device\CDC_Standalone\EWARM\NUCLEO-U575ZI-Q\Obj\STM32U5xx_HAL_Driver_18077472236357910042.dir
[9] = C:\Users\Irdatlanka\Desktop\Irdatlanka-STM32U5_CoreMW_CDC_koncz_board\Projects\NUCLEO-U575ZI-Q\Applications\USB_Device\CDC_Standalone\EWARM\NUCLEO-U575ZI-Q\Obj\STM32_USBPD_Library_10637878860516305910.dir
[10] = C:\Users\Irdatlanka\Desktop\Irdatlanka-STM32U5_CoreMW_CDC_koncz_board\Projects\NUCLEO-U575ZI-Q\Applications\USB_Device\CDC_Standalone\EWARM\NUCLEO-U575ZI-Q\Obj\Seahorse_v1_13032176894571403394.dir
[11] = C:\Users\Irdatlanka\Desktop\Irdatlanka-STM32U5_CoreMW_CDC_koncz_board\Projects\NUCLEO-U575ZI-Q\Applications\USB_Device\CDC_Standalone\EWARM\NUCLEO-U575ZI-Q\Obj\Target_14167004246567845465.dir
[12] = C:\Users\Irdatlanka\Desktop\Irdatlanka-STM32U5_CoreMW_CDC_koncz_board\Projects\NUCLEO-U575ZI-Q\Applications\USB_Device\CDC_Standalone\EWARM\NUCLEO-U575ZI-Q\Obj\USB-PD_16088497327023206971.dir
[13] = USBPDCORE_NOPD_CM0PLUS_wc32.a
[14] = dl7M_tlf.a
[15] = m7M_tls.a
[16] = rt7M_tl.a
[17] = shb_l.a

  50'644 bytes of readonly  code memory
     654 bytes of readonly  data memory
   9'763 bytes of readwrite data memory

Errors: none
Warnings: none
